mode: set
github.com/fredrick-karuri/nativestream/server/intsafe/intsafe.go:12.27,13.23 1 1
github.com/fredrick-karuri/nativestream/server/intsafe/intsafe.go:13.23,15.3 1 1
github.com/fredrick-karuri/nativestream/server/intsafe/intsafe.go:16.2,16.23 1 1
github.com/fredrick-karuri/nativestream/server/intsafe/intsafe.go:16.23,18.3 1 1
github.com/fredrick-karuri/nativestream/server/intsafe/intsafe.go:19.2,19.17 1 1
github.com/fredrick-karuri/nativestream/server/intsafe/intsafe.go:24.38,25.23 1 1
github.com/fredrick-karuri/nativestream/server/intsafe/intsafe.go:25.23,27.3 1 1
github.com/fredrick-karuri/nativestream/server/intsafe/intsafe.go:28.2,28.23 1 1
github.com/fredrick-karuri/nativestream/server/intsafe/intsafe.go:28.23,30.3 1 1
github.com/fredrick-karuri/nativestream/server/intsafe/intsafe.go:31.2,31.17 1 1
github.com/fredrick-karuri/nativestream/server/httpx/json.go:27.75,29.16 2 1
github.com/fredrick-karuri/nativestream/server/httpx/json.go:29.16,32.3 2 0
github.com/fredrick-karuri/nativestream/server/httpx/json.go:33.2,35.41 3 1
github.com/fredrick-karuri/nativestream/server/httpx/json.go:35.41,37.3 1 0
github.com/fredrick-karuri/nativestream/server/httpx/json.go:41.62,43.16 2 1
github.com/fredrick-karuri/nativestream/server/httpx/json.go:43.16,45.3 1 0
github.com/fredrick-karuri/nativestream/server/httpx/json.go:46.2,46.39 1 1
github.com/fredrick-karuri/nativestream/server/control/convert.go:19.66,20.14 1 0
github.com/fredrick-karuri/nativestream/server/control/convert.go:21.51,22.12 1 0
github.com/fredrick-karuri/nativestream/server/control/convert.go:23.50,24.24 1 0
github.com/fredrick-karuri/nativestream/server/control/convert.go:25.46,26.20 1 0
github.com/fredrick-karuri/nativestream/server/control/convert.go:27.42,28.16 1 0
github.com/fredrick-karuri/nativestream/server/control/convert.go:29.10,30.12 1 0
github.com/fredrick-karuri/nativestream/server/control/convert.go:34.66,35.14 1 0
github.com/fredrick-karuri/nativestream/server/control/convert.go:36.22,37.52 1 0
github.com/fredrick-karuri/nativestream/server/control/convert.go:38.18,39.48 1 0
github.com/fredrick-karuri/nativestream/server/control/convert.go:40.14,41.44 1 0
github.com/fredrick-karuri/nativestream/server/control/convert.go:42.10,43.53 1 0
github.com/fredrick-karuri/nativestream/server/control/convert.go:47.62,59.2 1 0
github.com/fredrick-karuri/nativestream/server/control/hub.go:40.74,42.16 2 0
github.com/fredrick-karuri/nativestream/server/control/hub.go:42.16,44.3 1 0
github.com/fredrick-karuri/nativestream/server/control/hub.go:45.2,47.55 3 0
github.com/fredrick-karuri/nativestream/server/control/hub.go:60.20,67.2 1 0
github.com/fredrick-karuri/nativestream/server/control/hub.go:70.35,70.54 1 0
github.com/fredrick-karuri/nativestream/server/control/hub.go:73.37,73.58 1 0
github.com/fredrick-karuri/nativestream/server/control/hub.go:76.48,76.66 1 0
github.com/fredrick-karuri/nativestream/server/control/hub.go:79.40,83.30 4 0
github.com/fredrick-karuri/nativestream/server/control/hub.go:83.30,85.3 1 0
github.com/fredrick-karuri/nativestream/server/control/hub.go:86.2,86.17 1 0
github.com/fredrick-karuri/nativestream/server/control/hub.go:90.40,94.6 3 0
github.com/fredrick-karuri/nativestream/server/control/hub.go:94.6,95.10 1 0
github.com/fredrick-karuri/nativestream/server/control/hub.go:96.21,97.10 1 0
github.com/fredrick-karuri/nativestream/server/control/hub.go:99.26,108.31 5 0
github.com/fredrick-karuri/nativestream/server/control/hub.go:110.28,115.31 5 0
github.com/fredrick-karuri/nativestream/server/control/hub.go:117.25,118.30 1 0
github.com/fredrick-karuri/nativestream/server/control/hub.go:120.19,121.18 1 0
github.com/fredrick-karuri/nativestream/server/control/hub.go:127.75,128.18 1 0
github.com/fredrick-karuri/nativestream/server/control/hub.go:129.54,131.30 2 0
github.com/fredrick-karuri/nativestream/server/control/hub.go:133.51,134.29 1 0
github.com/fredrick-karuri/nativestream/server/control/hub.go:135.46,136.20 1 0
github.com/fredrick-karuri/nativestream/server/control/hub.go:137.46,137.46 0 0
github.com/fredrick-karuri/nativestream/server/control/hub.go:142.51,143.30 1 0
github.com/fredrick-karuri/nativestream/server/control/hub.go:144.54,147.30 1 0
github.com/fredrick-karuri/nativestream/server/control/hub.go:148.50,153.30 2 0
github.com/fredrick-karuri/nativestream/server/control/hub.go:154.53,155.83 1 0
github.com/fredrick-karuri/nativestream/server/control/hub.go:156.10,157.30 1 0
github.com/fredrick-karuri/nativestream/server/control/hub.go:162.76,166.27 3 0
github.com/fredrick-karuri/nativestream/server/control/hub.go:166.27,167.31 1 0
github.com/fredrick-karuri/nativestream/server/control/hub.go:167.31,168.30 1 0
github.com/fredrick-karuri/nativestream/server/control/hub.go:168.30,169.13 1 0
github.com/fredrick-karuri/nativestream/server/control/hub.go:171.4,171.43 1 0
github.com/fredrick-karuri/nativestream/server/control/hub.go:171.43,173.5 1 0
github.com/fredrick-karuri/nativestream/server/control/hub.go:175.3,175.9 1 0
github.com/fredrick-karuri/nativestream/server/control/hub.go:178.2,179.9 2 0
github.com/fredrick-karuri/nativestream/server/control/hub.go:179.9,182.3 2 0
github.com/fredrick-karuri/nativestream/server/control/hub.go:183.2,183.46 1 0
github.com/fredrick-karuri/nativestream/server/control/hub.go:183.46,185.3 1 0
github.com/fredrick-karuri/nativestream/server/control/hub.go:189.56,191.58 2 1
github.com/fredrick-karuri/nativestream/server/control/hub.go:191.58,194.3 2 1
github.com/fredrick-karuri/nativestream/server/control/hub.go:195.2,196.38 2 1
github.com/fredrick-karuri/nativestream/server/control/hub.go:196.38,202.3 5 1
github.com/fredrick-karuri/nativestream/server/control/hub.go:203.2,203.15 1 1
github.com/fredrick-karuri/nativestream/server/control/hub.go:208.75,210.58 2 0
github.com/fredrick-karuri/nativestream/server/control/hub.go:210.58,213.3 2 0
github.com/fredrick-karuri/nativestream/server/control/hub.go:215.2,219.9 4 0
github.com/fredrick-karuri/nativestream/server/control/hub.go:219.9,222.3 2 0
github.com/fredrick-karuri/nativestream/server/control/hub.go:225.2,230.16 2 0
github.com/fredrick-karuri/nativestream/server/control/hub.go:230.16,233.3 2 0
github.com/fredrick-karuri/nativestream/server/control/hub.go:235.2,239.22 4 0
github.com/fredrick-karuri/nativestream/server/control/hub.go:239.22,241.3 1 0
github.com/fredrick-karuri/nativestream/server/control/hub.go:244.2,244.50 1 0
github.com/fredrick-karuri/nativestream/server/control/hub.go:244.50,247.3 2 0
github.com/fredrick-karuri/nativestream/server/control/hub.go:250.2,251.47 2 0
github.com/fredrick-karuri/nativestream/server/control/hub.go:251.47,253.3 1 0
github.com/fredrick-karuri/nativestream/server/control/hub.go:255.2,259.3 1 0
github.com/fredrick-karuri/nativestream/server/control/hub.go:263.50,265.38 2 1
github.com/fredrick-karuri/nativestream/server/control/hub.go:265.38,267.3 1 1
github.com/fredrick-karuri/nativestream/server/control/hub.go:268.2,268.15 1 1
github.com/fredrick-karuri/nativestream/server/control/hub.go:272.57,275.30 3 0
github.com/fredrick-karuri/nativestream/server/control/hub.go:275.30,277.3 1 0
github.com/fredrick-karuri/nativestream/server/control/hub.go:278.2,279.30 2 0
github.com/fredrick-karuri/nativestream/server/control/hub.go:279.30,281.3 1 0
github.com/fredrick-karuri/nativestream/server/control/hub.go:282.2,287.16 3 0
github.com/fredrick-karuri/nativestream/server/control/hub.go:287.16,289.3 1 0
github.com/fredrick-karuri/nativestream/server/control/hub.go:291.2,291.28 1 0
github.com/fredrick-karuri/nativestream/server/control/hub.go:291.28,292.42 1 0
github.com/fredrick-karuri/nativestream/server/control/hub.go:292.42,294.4 1 0
github.com/fredrick-karuri/nativestream/server/control/hub.go:299.44,302.31 3 0
github.com/fredrick-karuri/nativestream/server/control/hub.go:302.31,303.38 1 0
github.com/fredrick-karuri/nativestream/server/control/hub.go:303.38,305.12 2 0
github.com/fredrick-karuri/nativestream/server/control/hub.go:307.3,307.18 1 0
github.com/fredrick-karuri/nativestream/server/control/hub.go:309.2,309.27 1 0
github.com/fredrick-karuri/nativestream/server/control/hub.go:309.27,312.3 2 0
github.com/fredrick-karuri/nativestream/server/control/hub.go:313.2,314.30 2 0
github.com/fredrick-karuri/nativestream/server/control/hub.go:314.30,316.3 1 0
github.com/fredrick-karuri/nativestream/server/control/hub.go:317.2,321.28 3 0
github.com/fredrick-karuri/nativestream/server/control/hub.go:321.28,322.43 1 0
github.com/fredrick-karuri/nativestream/server/control/hub.go:322.43,324.4 1 0
github.com/fredrick-karuri/nativestream/server/control/hub.go:327.2,327.20 1 0
github.com/fredrick-karuri/nativestream/server/control/hub.go:327.20,329.3 1 0
github.com/fredrick-karuri/nativestream/server/control/protocol.go:51.121,57.20 2 1
github.com/fredrick-karuri/nativestream/server/control/protocol.go:57.20,59.3 1 1
github.com/fredrick-karuri/nativestream/server/control/protocol.go:60.2,61.16 2 1
github.com/fredrick-karuri/nativestream/server/control/protocol.go:61.16,63.3 1 0
github.com/fredrick-karuri/nativestream/server/control/protocol.go:64.2,65.17 2 1
github.com/fredrick-karuri/nativestream/server/control/protocol.go:71.79,73.2 1 1
github.com/fredrick-karuri/nativestream/server/control/websocket.go:23.62,25.15 2 0
github.com/fredrick-karuri/nativestream/server/control/websocket.go:25.15,26.48 1 0
github.com/fredrick-karuri/nativestream/server/control/websocket.go:26.48,28.4 1 0
github.com/fredrick-karuri/nativestream/server/control/websocket.go:31.2,31.6 1 0
github.com/fredrick-karuri/nativestream/server/control/websocket.go:31.6,36.17 4 0
github.com/fredrick-karuri/nativestream/server/control/websocket.go:36.17,39.4 2 0
github.com/fredrick-karuri/nativestream/server/control/websocket.go:41.3,42.57 2 0
github.com/fredrick-karuri/nativestream/server/control/websocket.go:42.57,44.12 2 0
github.com/fredrick-karuri/nativestream/server/control/websocket.go:48.3,49.21 2 0
github.com/fredrick-karuri/nativestream/server/logging/logger.go:14.36,16.15 2 1
github.com/fredrick-karuri/nativestream/server/logging/logger.go:17.15,18.22 1 1
github.com/fredrick-karuri/nativestream/server/logging/logger.go:19.14,20.21 1 1
github.com/fredrick-karuri/nativestream/server/logging/logger.go:21.15,22.22 1 1
github.com/fredrick-karuri/nativestream/server/logging/logger.go:23.10,24.21 1 1
github.com/fredrick-karuri/nativestream/server/logging/logger.go:27.2,29.10 3 1
github.com/fredrick-karuri/nativestream/server/logging/logger.go:29.10,31.3 1 1
github.com/fredrick-karuri/nativestream/server/logging/logger.go:31.8,33.3 1 1
github.com/fredrick-karuri/nativestream/server/logging/logger.go:34.2,34.36 1 1
github.com/fredrick-karuri/nativestream/server/api/admin_handlers.go:24.75,27.46 3 0
github.com/fredrick-karuri/nativestream/server/api/admin_handlers.go:27.46,29.3 1 0
github.com/fredrick-karuri/nativestream/server/api/convert.go:20.69,21.14 1 1
github.com/fredrick-karuri/nativestream/server/api/convert.go:22.30,23.52 1 1
github.com/fredrick-karuri/nativestream/server/api/convert.go:24.26,25.48 1 1
github.com/fredrick-karuri/nativestream/server/api/convert.go:26.22,27.44 1 1
github.com/fredrick-karuri/nativestream/server/api/convert.go:28.10,29.53 1 1
github.com/fredrick-karuri/nativestream/server/api/convert.go:33.76,45.2 1 1
github.com/fredrick-karuri/nativestream/server/api/convert.go:55.74,65.26 2 1
github.com/fredrick-karuri/nativestream/server/api/convert.go:65.26,68.3 2 1
github.com/fredrick-karuri/nativestream/server/api/convert.go:69.2,69.13 1 1
github.com/fredrick-karuri/nativestream/server/api/convert.go:72.74,81.51 2 1
github.com/fredrick-karuri/nativestream/server/api/convert.go:81.51,83.3 1 1
github.com/fredrick-karuri/nativestream/server/api/convert.go:84.2,84.13 1 1
github.com/fredrick-karuri/nativestream/server/api/convert.go:87.78,96.26 2 1
github.com/fredrick-karuri/nativestream/server/api/convert.go:96.26,98.3 1 1
github.com/fredrick-karuri/nativestream/server/api/convert.go:99.2,99.34 1 1
github.com/fredrick-karuri/nativestream/server/api/convert.go:99.34,101.3 1 1
github.com/fredrick-karuri/nativestream/server/api/convert.go:102.2,102.13 1 1
github.com/fredrick-karuri/nativestream/server/api/credential_handlers.go:21.81,27.27 3 0
github.com/fredrick-karuri/nativestream/server/api/credential_handlers.go:27.27,32.28 2 0
github.com/fredrick-karuri/nativestream/server/api/credential_handlers.go:32.28,34.4 1 0
github.com/fredrick-karuri/nativestream/server/api/credential_handlers.go:35.3,35.32 1 0
github.com/fredrick-karuri/nativestream/server/api/credential_handlers.go:37.2,37.46 1 0
github.com/fredrick-karuri/nativestream/server/api/credential_handlers.go:43.82,45.54 2 0
github.com/fredrick-karuri/nativestream/server/api/credential_handlers.go:45.54,48.3 2 0
github.com/fredrick-karuri/nativestream/server/api/credential_handlers.go:49.2,49.22 1 0
github.com/fredrick-karuri/nativestream/server/api/credential_handlers.go:49.22,52.3 2 0
github.com/fredrick-karuri/nativestream/server/api/credential_handlers.go:54.2,54.57 1 0
github.com/fredrick-karuri/nativestream/server/api/credential_handlers.go:54.57,57.3 2 0
github.com/fredrick-karuri/nativestream/server/api/credential_handlers.go:59.2,59.85 1 0
github.com/fredrick-karuri/nativestream/server/api/handlers.go:67.12,76.29 1 1
github.com/fredrick-karuri/nativestream/server/api/handlers.go:76.29,76.84 2 1
github.com/fredrick-karuri/nativestream/server/api/handlers.go:88.54,124.2 19 0
github.com/fredrick-karuri/nativestream/server/api/handlers.go:126.82,128.2 1 0
github.com/fredrick-karuri/nativestream/server/api/handlers.go:130.67,133.2 2 0
github.com/fredrick-karuri/nativestream/server/api/handlers.go:135.62,137.2 1 0
github.com/fredrick-karuri/nativestream/server/api/handlers.go:139.59,141.2 1 0
github.com/fredrick-karuri/nativestream/server/api/handlers.go:145.74,153.75 5 0
github.com/fredrick-karuri/nativestream/server/api/handlers.go:153.75,155.3 1 0
github.com/fredrick-karuri/nativestream/server/api/handlers.go:160.69,162.20 2 0
github.com/fredrick-karuri/nativestream/server/api/handlers.go:162.20,165.3 2 0
github.com/fredrick-karuri/nativestream/server/api/handlers.go:166.2,168.41 3 0
github.com/fredrick-karuri/nativestream/server/api/handlers.go:168.41,170.3 1 0
github.com/fredrick-karuri/nativestream/server/api/handlers.go:175.78,180.30 3 1
github.com/fredrick-karuri/nativestream/server/api/handlers.go:180.30,182.3 1 1
github.com/fredrick-karuri/nativestream/server/api/handlers.go:183.2,183.46 1 1
github.com/fredrick-karuri/nativestream/server/api/handlers.go:186.76,189.15 3 1
github.com/fredrick-karuri/nativestream/server/api/handlers.go:189.15,192.3 2 1
github.com/fredrick-karuri/nativestream/server/api/handlers.go:193.2,193.66 1 0
github.com/fredrick-karuri/nativestream/server/api/handlers.go:196.79,198.54 2 1
github.com/fredrick-karuri/nativestream/server/api/handlers.go:198.54,201.3 2 0
github.com/fredrick-karuri/nativestream/server/api/handlers.go:202.2,202.21 1 1
github.com/fredrick-karuri/nativestream/server/api/handlers.go:202.21,205.3 2 1
github.com/fredrick-karuri/nativestream/server/api/handlers.go:207.2,218.26 3 1
github.com/fredrick-karuri/nativestream/server/api/handlers.go:218.26,231.3 3 1
github.com/fredrick-karuri/nativestream/server/api/handlers.go:233.2,234.71 2 1
github.com/fredrick-karuri/nativestream/server/api/handlers.go:237.79,241.54 3 1
github.com/fredrick-karuri/nativestream/server/api/handlers.go:241.54,244.3 2 0
github.com/fredrick-karuri/nativestream/server/api/handlers.go:246.2,247.22 2 1
github.com/fredrick-karuri/nativestream/server/api/handlers.go:247.22,249.3 1 1
github.com/fredrick-karuri/nativestream/server/api/handlers.go:250.2,250.28 1 1
github.com/fredrick-karuri/nativestream/server/api/handlers.go:250.28,252.3 1 0
github.com/fredrick-karuri/nativestream/server/api/handlers.go:253.2,253.27 1 1
github.com/fredrick-karuri/nativestream/server/api/handlers.go:253.27,255.3 1 0
github.com/fredrick-karuri/nativestream/server/api/handlers.go:256.2,256.26 1 1
github.com/fredrick-karuri/nativestream/server/api/handlers.go:256.26,258.35 2 0
github.com/fredrick-karuri/nativestream/server/api/handlers.go:258.35,260.4 1 0
github.com/fredrick-karuri/nativestream/server/api/handlers.go:261.3,261.28 1 0
github.com/fredrick-karuri/nativestream/server/api/handlers.go:263.2,263.31 1 1
github.com/fredrick-karuri/nativestream/server/api/handlers.go:263.31,265.40 2 0
github.com/fredrick-karuri/nativestream/server/api/handlers.go:265.40,267.4 1 0
github.com/fredrick-karuri/nativestream/server/api/handlers.go:268.3,268.38 1 0
github.com/fredrick-karuri/nativestream/server/api/handlers.go:271.2,271.52 1 1
github.com/fredrick-karuri/nativestream/server/api/handlers.go:271.52,274.3 2 1
github.com/fredrick-karuri/nativestream/server/api/handlers.go:276.2,276.52 1 1
github.com/fredrick-karuri/nativestream/server/api/handlers.go:276.52,278.3 1 0
github.com/fredrick-karuri/nativestream/server/api/handlers.go:280.2,280.85 1 1
github.com/fredrick-karuri/nativestream/server/api/handlers.go:283.79,285.43 2 1
github.com/fredrick-karuri/nativestream/server/api/handlers.go:285.43,288.3 2 1
github.com/fredrick-karuri/nativestream/server/api/handlers.go:289.2,289.85 1 1
github.com/fredrick-karuri/nativestream/server/api/handlers.go:294.72,306.53 3 1
github.com/fredrick-karuri/nativestream/server/api/handlers.go:306.53,308.3 1 0
github.com/fredrick-karuri/nativestream/server/api/handlers.go:310.2,310.46 1 1
github.com/fredrick-karuri/nativestream/server/api/handlers.go:313.71,316.2 2 1
github.com/fredrick-karuri/nativestream/server/api/handlers.go:320.31,323.22 3 1
github.com/fredrick-karuri/nativestream/server/api/handlers.go:323.22,324.51 1 1
github.com/fredrick-karuri/nativestream/server/api/handlers.go:324.51,326.4 1 1
github.com/fredrick-karuri/nativestream/server/api/handlers.go:326.9,326.34 1 1
github.com/fredrick-karuri/nativestream/server/api/handlers.go:326.34,328.4 1 1
github.com/fredrick-karuri/nativestream/server/api/handlers.go:330.2,330.40 1 1
github.com/fredrick-karuri/nativestream/server/api/handlers.go:333.83,336.2 2 0
github.com/fredrick-karuri/nativestream/server/api/handlers.go:340.75,344.16 2 0
github.com/fredrick-karuri/nativestream/server/api/handlers.go:344.16,347.3 2 0
github.com/fredrick-karuri/nativestream/server/api/handlers.go:350.2,351.16 2 0
github.com/fredrick-karuri/nativestream/server/api/handlers.go:351.16,353.43 2 0
github.com/fredrick-karuri/nativestream/server/api/handlers.go:353.43,355.4 1 0
github.com/fredrick-karuri/nativestream/server/api/handlers.go:356.3,356.9 1 0
github.com/fredrick-karuri/nativestream/server/api/handlers.go:359.2,360.114 2 0
github.com/fredrick-karuri/nativestream/server/api/handlers.go:360.114,362.43 2 0
github.com/fredrick-karuri/nativestream/server/api/handlers.go:362.43,364.4 1 0
github.com/fredrick-karuri/nativestream/server/api/handlers.go:365.3,365.9 1 0
github.com/fredrick-karuri/nativestream/server/api/handlers.go:368.2,369.79 2 0
github.com/fredrick-karuri/nativestream/server/api/handlers.go:369.79,371.43 2 0
github.com/fredrick-karuri/nativestream/server/api/handlers.go:371.43,373.4 1 0
github.com/fredrick-karuri/nativestream/server/api/handlers.go:374.3,374.9 1 0
github.com/fredrick-karuri/nativestream/server/api/handlers.go:377.2,378.20 2 0
github.com/fredrick-karuri/nativestream/server/api/handlers.go:378.20,380.3 1 0
github.com/fredrick-karuri/nativestream/server/api/handlers.go:382.2,398.29 5 0
github.com/fredrick-karuri/nativestream/server/api/handlers.go:398.29,400.3 1 0
github.com/fredrick-karuri/nativestream/server/api/handlers.go:401.2,407.61 2 0
github.com/fredrick-karuri/nativestream/server/api/handlers.go:407.61,409.3 1 0
github.com/fredrick-karuri/nativestream/server/api/handlers.go:412.2,412.46 1 0
github.com/fredrick-karuri/nativestream/server/api/handlers.go:415.74,418.29 3 0
github.com/fredrick-karuri/nativestream/server/api/handlers.go:418.29,420.3 1 0
github.com/fredrick-karuri/nativestream/server/api/handlers.go:421.2,421.90 1 0
github.com/fredrick-karuri/nativestream/server/api/handlers.go:426.80,430.2 1 0
github.com/fredrick-karuri/nativestream/server/api/handlers.go:432.80,434.53 2 0
github.com/fredrick-karuri/nativestream/server/api/handlers.go:434.53,437.3 2 0
github.com/fredrick-karuri/nativestream/server/api/handlers.go:438.2,442.4 3 0
github.com/fredrick-karuri/nativestream/server/api/middleware.go:19.56,20.71 1 1
github.com/fredrick-karuri/nativestream/server/api/middleware.go:20.71,31.3 4 1
github.com/fredrick-karuri/nativestream/server/api/middleware.go:35.57,36.71 1 1
github.com/fredrick-karuri/nativestream/server/api/middleware.go:36.71,37.16 1 1
github.com/fredrick-karuri/nativestream/server/api/middleware.go:37.16,38.36 1 1
github.com/fredrick-karuri/nativestream/server/api/middleware.go:38.36,41.5 2 1
github.com/fredrick-karuri/nativestream/server/api/middleware.go:43.3,43.23 1 1
github.com/fredrick-karuri/nativestream/server/api/middleware.go:51.78,52.46 1 0
github.com/fredrick-karuri/nativestream/server/api/middleware.go:52.46,53.19 1 0
github.com/fredrick-karuri/nativestream/server/api/middleware.go:53.19,55.4 1 0
github.com/fredrick-karuri/nativestream/server/api/middleware.go:56.3,56.72 1 0
github.com/fredrick-karuri/nativestream/server/api/middleware.go:56.72,57.38 1 0
github.com/fredrick-karuri/nativestream/server/api/middleware.go:57.38,60.5 2 0
github.com/fredrick-karuri/nativestream/server/api/middleware.go:61.4,61.24 1 0
github.com/fredrick-karuri/nativestream/server/api/middleware.go:66.73,68.46 2 0
github.com/fredrick-karuri/nativestream/server/api/middleware.go:68.46,70.3 1 0
github.com/fredrick-karuri/nativestream/server/api/middleware.go:71.2,72.37 2 0
github.com/fredrick-karuri/nativestream/server/api/middleware.go:80.49,83.2 2 1
github.com/fredrick-karuri/nativestream/server/api/middleware.go:85.73,87.9 2 0
github.com/fredrick-karuri/nativestream/server/api/middleware.go:87.9,89.3 1 0
github.com/fredrick-karuri/nativestream/server/api/middleware.go:90.2,90.19 1 0
github.com/fredrick-karuri/nativestream/server/api/pairing_admin_handlers.go:25.77,31.35 3 0
github.com/fredrick-karuri/nativestream/server/api/pairing_admin_handlers.go:31.35,37.32 2 0
github.com/fredrick-karuri/nativestream/server/api/pairing_admin_handlers.go:37.32,39.4 1 0
github.com/fredrick-karuri/nativestream/server/api/pairing_admin_handlers.go:40.3,40.29 1 0
github.com/fredrick-karuri/nativestream/server/api/pairing_admin_handlers.go:42.2,42.46 1 0
github.com/fredrick-karuri/nativestream/server/api/pairing_admin_handlers.go:49.77,53.54 3 0
github.com/fredrick-karuri/nativestream/server/api/pairing_admin_handlers.go:53.54,56.3 2 0
github.com/fredrick-karuri/nativestream/server/api/pairing_admin_handlers.go:57.2,57.22 1 0
github.com/fredrick-karuri/nativestream/server/api/pairing_admin_handlers.go:57.22,60.3 2 0
github.com/fredrick-karuri/nativestream/server/api/pairing_admin_handlers.go:62.2,62.44 1 0
github.com/fredrick-karuri/nativestream/server/api/pairing_admin_handlers.go:62.44,65.3 2 0
github.com/fredrick-karuri/nativestream/server/api/pairing_admin_handlers.go:67.2,68.16 2 0
github.com/fredrick-karuri/nativestream/server/api/pairing_admin_handlers.go:68.16,74.3 2 0
github.com/fredrick-karuri/nativestream/server/api/pairing_admin_handlers.go:76.2,77.16 2 0
github.com/fredrick-karuri/nativestream/server/api/pairing_admin_handlers.go:77.16,85.3 2 0
github.com/fredrick-karuri/nativestream/server/api/pairing_admin_handlers.go:87.2,90.4 1 0
github.com/fredrick-karuri/nativestream/server/api/pairing_admin_handlers.go:95.74,98.50 2 0
github.com/fredrick-karuri/nativestream/server/api/pairing_admin_handlers.go:98.50,100.54 2 0
github.com/fredrick-karuri/nativestream/server/api/pairing_admin_handlers.go:100.54,102.4 1 0
github.com/fredrick-karuri/nativestream/server/api/pairing_admin_handlers.go:103.3,104.9 2 0
github.com/fredrick-karuri/nativestream/server/api/pairing_admin_handlers.go:107.2,110.4 1 0
github.com/fredrick-karuri/nativestream/server/api/pairing_handlers.go:28.75,29.44 1 0
github.com/fredrick-karuri/nativestream/server/api/pairing_handlers.go:29.44,32.3 2 0
github.com/fredrick-karuri/nativestream/server/api/pairing_handlers.go:34.2,40.16 4 0
github.com/fredrick-karuri/nativestream/server/api/pairing_handlers.go:40.16,43.3 2 0
github.com/fredrick-karuri/nativestream/server/api/pairing_handlers.go:45.2,49.4 1 0
github.com/fredrick-karuri/nativestream/server/api/pairing_handlers.go:57.76,58.45 1 0
github.com/fredrick-karuri/nativestream/server/api/pairing_handlers.go:58.45,61.3 2 0
github.com/fredrick-karuri/nativestream/server/api/pairing_handlers.go:63.2,66.9 3 0
github.com/fredrick-karuri/nativestream/server/api/pairing_handlers.go:66.9,69.3 2 0
github.com/fredrick-karuri/nativestream/server/api/pairing_handlers.go:71.2,72.51 2 0
github.com/fredrick-karuri/nativestream/server/api/pairing_handlers.go:72.51,75.3 2 0
github.com/fredrick-karuri/nativestream/server/api/pairing_handlers.go:76.2,76.46 1 0
github.com/fredrick-karuri/nativestream/server/api/rate_limiter.go:35.77,41.2 1 1
github.com/fredrick-karuri/nativestream/server/api/rate_limiter.go:45.48,51.52 5 0
github.com/fredrick-karuri/nativestream/server/api/rate_limiter.go:51.52,54.3 2 0
github.com/fredrick-karuri/nativestream/server/api/rate_limiter.go:56.2,56.35 1 0
github.com/fredrick-karuri/nativestream/server/api/rate_limiter.go:56.35,58.3 1 0
github.com/fredrick-karuri/nativestream/server/api/rate_limiter.go:59.2,60.13 2 0
github.com/fredrick-karuri/nativestream/server/api/rate_limiter.go:68.39,70.16 2 0
github.com/fredrick-karuri/nativestream/server/api/rate_limiter.go:70.16,72.3 1 0
github.com/fredrick-karuri/nativestream/server/api/rate_limiter.go:73.2,73.13 1 0
github.com/fredrick-karuri/nativestream/server/config/config.go:40.37,42.2 1 0
github.com/fredrick-karuri/nativestream/server/config/config.go:46.40,48.2 1 0
github.com/fredrick-karuri/nativestream/server/config/config.go:172.24,208.2 3 1
github.com/fredrick-karuri/nativestream/server/config/config.go:216.29,220.52 2 0
github.com/fredrick-karuri/nativestream/server/config/config.go:220.52,222.17 2 0
github.com/fredrick-karuri/nativestream/server/config/config.go:222.17,224.4 1 0
github.com/fredrick-karuri/nativestream/server/config/config.go:225.3,225.55 1 0
github.com/fredrick-karuri/nativestream/server/config/config.go:228.2,228.50 1 0
github.com/fredrick-karuri/nativestream/server/config/config.go:228.50,231.3 2 0
github.com/fredrick-karuri/nativestream/server/config/config.go:233.2,233.45 1 0
github.com/fredrick-karuri/nativestream/server/config/config.go:233.45,236.3 2 0
github.com/fredrick-karuri/nativestream/server/config/config.go:238.2,238.63 1 0
github.com/fredrick-karuri/nativestream/server/config/config.go:238.63,240.3 1 0
github.com/fredrick-karuri/nativestream/server/config/config.go:241.2,241.63 1 0
github.com/fredrick-karuri/nativestream/server/config/config.go:241.63,243.3 1 0
github.com/fredrick-karuri/nativestream/server/config/config.go:245.2,247.16 3 0
github.com/fredrick-karuri/nativestream/server/config/config.go:247.16,249.3 1 0
github.com/fredrick-karuri/nativestream/server/config/config.go:250.2,250.54 1 0
github.com/fredrick-karuri/nativestream/server/config/config.go:258.54,259.57 1 0
github.com/fredrick-karuri/nativestream/server/config/config.go:259.57,266.3 1 0
github.com/fredrick-karuri/nativestream/server/config/config.go:267.2,267.12 1 0
github.com/fredrick-karuri/nativestream/server/config/config.go:274.56,276.24 2 1
github.com/fredrick-karuri/nativestream/server/config/config.go:276.24,278.3 1 1
github.com/fredrick-karuri/nativestream/server/config/config.go:279.2,279.16 1 1
github.com/fredrick-karuri/nativestream/server/config/config.go:279.16,281.3 1 0
github.com/fredrick-karuri/nativestream/server/config/config.go:282.2,282.63 1 1
github.com/fredrick-karuri/nativestream/server/config/config.go:282.63,285.3 2 0
github.com/fredrick-karuri/nativestream/server/config/config.go:286.2,286.15 1 1
github.com/fredrick-karuri/nativestream/server/config/config.go:286.15,287.37 1 1
github.com/fredrick-karuri/nativestream/server/config/config.go:287.37,289.4 1 0
github.com/fredrick-karuri/nativestream/server/config/config.go:292.2,293.56 2 1
github.com/fredrick-karuri/nativestream/server/config/config.go:293.56,295.3 1 1
github.com/fredrick-karuri/nativestream/server/config/config.go:297.2,298.17 2 1
github.com/fredrick-karuri/nativestream/server/config/config.go:303.44,311.2 7 1
github.com/fredrick-karuri/nativestream/server/config/config.go:313.47,317.2 3 1
github.com/fredrick-karuri/nativestream/server/config/config.go:319.46,323.37 4 1
github.com/fredrick-karuri/nativestream/server/config/config.go:323.37,325.3 1 0
github.com/fredrick-karuri/nativestream/server/config/config.go:328.46,334.2 5 1
github.com/fredrick-karuri/nativestream/server/config/config.go:336.44,343.2 6 1
github.com/fredrick-karuri/nativestream/server/config/config.go:345.46,350.2 4 1
github.com/fredrick-karuri/nativestream/server/config/config.go:352.50,357.33 4 1
github.com/fredrick-karuri/nativestream/server/config/config.go:357.33,360.3 2 0
github.com/fredrick-karuri/nativestream/server/config/config.go:361.2,361.34 1 1
github.com/fredrick-karuri/nativestream/server/config/config.go:361.34,363.3 1 0
github.com/fredrick-karuri/nativestream/server/config/config.go:364.2,364.36 1 1
github.com/fredrick-karuri/nativestream/server/config/config.go:364.36,366.3 1 0
github.com/fredrick-karuri/nativestream/server/config/config.go:367.2,367.37 1 1
github.com/fredrick-karuri/nativestream/server/config/config.go:367.37,369.3 1 0
github.com/fredrick-karuri/nativestream/server/config/config.go:370.2,370.39 1 1
github.com/fredrick-karuri/nativestream/server/config/config.go:370.39,372.3 1 0
github.com/fredrick-karuri/nativestream/server/config/config.go:375.45,377.2 1 1
github.com/fredrick-karuri/nativestream/server/config/config.go:381.43,382.15 1 1
github.com/fredrick-karuri/nativestream/server/config/config.go:382.15,384.3 1 1
github.com/fredrick-karuri/nativestream/server/config/config.go:387.34,388.14 1 1
github.com/fredrick-karuri/nativestream/server/config/config.go:388.14,390.3 1 1
github.com/fredrick-karuri/nativestream/server/config/config.go:393.44,394.14 1 1
github.com/fredrick-karuri/nativestream/server/config/config.go:394.14,396.3 1 0
github.com/fredrick-karuri/nativestream/server/config/config.go:399.52,400.51 1 1
github.com/fredrick-karuri/nativestream/server/config/config.go:400.51,402.3 1 0
github.com/fredrick-karuri/nativestream/server/config/config.go:407.37,408.35 1 1
github.com/fredrick-karuri/nativestream/server/config/config.go:408.35,410.3 1 1
github.com/fredrick-karuri/nativestream/server/config/config.go:411.2,412.38 2 1
github.com/fredrick-karuri/nativestream/server/epg/engine.go:82.46,88.2 1 1
github.com/fredrick-karuri/nativestream/server/epg/engine.go:91.38,95.2 3 1
github.com/fredrick-karuri/nativestream/server/epg/engine.go:98.80,104.30 5 1
github.com/fredrick-karuri/nativestream/server/epg/engine.go:104.30,106.33 2 1
github.com/fredrick-karuri/nativestream/server/epg/engine.go:106.33,108.38 2 1
github.com/fredrick-karuri/nativestream/server/epg/engine.go:108.38,114.5 1 1
github.com/fredrick-karuri/nativestream/server/epg/engine.go:117.2,117.12 1 1
github.com/fredrick-karuri/nativestream/server/epg/engine.go:121.52,130.6 5 0
github.com/fredrick-karuri/nativestream/server/epg/engine.go:130.6,131.10 1 0
github.com/fredrick-karuri/nativestream/server/epg/engine.go:132.19,133.18 1 0
github.com/fredrick-karuri/nativestream/server/epg/engine.go:134.21,135.10 1 0
github.com/fredrick-karuri/nativestream/server/epg/engine.go:140.47,156.2 11 0
github.com/fredrick-karuri/nativestream/server/epg/engine.go:160.60,162.23 2 0
github.com/fredrick-karuri/nativestream/server/epg/engine.go:162.23,163.54 1 0
github.com/fredrick-karuri/nativestream/server/epg/engine.go:163.54,165.4 1 0
github.com/fredrick-karuri/nativestream/server/epg/engine.go:165.9,167.4 1 0
github.com/fredrick-karuri/nativestream/server/epg/engine.go:169.2,169.33 1 0
github.com/fredrick-karuri/nativestream/server/epg/engine.go:169.33,170.85 1 0
github.com/fredrick-karuri/nativestream/server/epg/engine.go:170.85,172.4 1 0
github.com/fredrick-karuri/nativestream/server/epg/engine.go:172.9,174.4 1 0
github.com/fredrick-karuri/nativestream/server/epg/engine.go:176.2,176.12 1 0
github.com/fredrick-karuri/nativestream/server/epg/engine.go:183.59,185.24 2 0
github.com/fredrick-karuri/nativestream/server/epg/engine.go:185.24,194.3 1 0
github.com/fredrick-karuri/nativestream/server/epg/engine.go:195.2,195.12 1 0
github.com/fredrick-karuri/nativestream/server/epg/engine.go:200.56,206.30 4 1
github.com/fredrick-karuri/nativestream/server/epg/engine.go:206.30,207.22 1 1
github.com/fredrick-karuri/nativestream/server/epg/engine.go:207.22,213.4 2 1
github.com/fredrick-karuri/nativestream/server/epg/engine.go:216.2,216.28 1 1
github.com/fredrick-karuri/nativestream/server/epg/engine.go:216.28,219.15 3 1
github.com/fredrick-karuri/nativestream/server/epg/engine.go:219.15,221.4 1 1
github.com/fredrick-karuri/nativestream/server/epg/engine.go:222.3,223.37 2 1
github.com/fredrick-karuri/nativestream/server/epg/engine.go:223.37,226.17 2 1
github.com/fredrick-karuri/nativestream/server/epg/engine.go:226.17,227.13 1 1
github.com/fredrick-karuri/nativestream/server/epg/engine.go:229.4,234.6 1 1
github.com/fredrick-karuri/nativestream/server/epg/engine.go:238.2,239.16 2 1
github.com/fredrick-karuri/nativestream/server/epg/engine.go:239.16,241.3 1 0
github.com/fredrick-karuri/nativestream/server/epg/engine.go:242.2,242.43 1 1
github.com/fredrick-karuri/nativestream/server/epg/engine.go:247.38,249.16 2 1
github.com/fredrick-karuri/nativestream/server/epg/engine.go:249.16,251.3 1 1
github.com/fredrick-karuri/nativestream/server/epg/engine.go:252.2,254.15 3 1
github.com/fredrick-karuri/nativestream/server/epg/engine.go:257.47,258.27 1 1
github.com/fredrick-karuri/nativestream/server/epg/engine.go:258.27,260.3 1 1
github.com/fredrick-karuri/nativestream/server/epg/engine.go:261.2,262.48 2 1
github.com/fredrick-karuri/nativestream/server/epg/engine.go:267.58,269.25 2 1
github.com/fredrick-karuri/nativestream/server/epg/engine.go:269.25,272.31 3 1
github.com/fredrick-karuri/nativestream/server/epg/engine.go:272.31,273.35 1 1
github.com/fredrick-karuri/nativestream/server/epg/engine.go:273.35,274.58 1 1
github.com/fredrick-karuri/nativestream/server/epg/engine.go:274.58,276.11 2 1
github.com/fredrick-karuri/nativestream/server/epg/engine.go:281.2,281.16 1 1
github.com/fredrick-karuri/nativestream/server/epg/priority.go:10.81,19.30 7 1
github.com/fredrick-karuri/nativestream/server/epg/priority.go:19.30,21.33 2 1
github.com/fredrick-karuri/nativestream/server/epg/priority.go:21.33,22.12 1 1
github.com/fredrick-karuri/nativestream/server/epg/priority.go:24.3,25.32 2 1
github.com/fredrick-karuri/nativestream/server/epg/priority.go:25.32,27.4 1 1
github.com/fredrick-karuri/nativestream/server/epg/priority.go:28.3,28.37 1 1
github.com/fredrick-karuri/nativestream/server/epg/priority.go:28.37,29.19 1 1
github.com/fredrick-karuri/nativestream/server/epg/priority.go:29.19,32.5 2 1
github.com/fredrick-karuri/nativestream/server/epg/priority.go:36.2,36.23 1 1
github.com/fredrick-karuri/nativestream/server/netutil/lanip.go:19.41,22.29 2 1
github.com/fredrick-karuri/nativestream/server/netutil/lanip.go:22.29,24.10 2 1
github.com/fredrick-karuri/nativestream/server/netutil/lanip.go:24.10,25.12 1 1
github.com/fredrick-karuri/nativestream/server/netutil/lanip.go:27.3,27.28 1 1
github.com/fredrick-karuri/nativestream/server/netutil/lanip.go:27.28,28.12 1 1
github.com/fredrick-karuri/nativestream/server/netutil/lanip.go:30.3,30.42 1 1
github.com/fredrick-karuri/nativestream/server/netutil/lanip.go:30.42,32.4 1 1
github.com/fredrick-karuri/nativestream/server/netutil/lanip.go:35.2,35.21 1 1
github.com/fredrick-karuri/nativestream/server/netutil/lanip.go:42.24,45.2 2 0
github.com/fredrick-karuri/nativestream/server/shutdown/shutdown.go:18.107,27.46 6 1
github.com/fredrick-karuri/nativestream/server/shutdown/shutdown.go:27.46,29.3 1 0
github.com/fredrick-karuri/nativestream/server/shutdown/shutdown.go:30.2,30.29 1 1
github.com/fredrick-karuri/nativestream/server/service/service.go:46.38,48.2 1 1
github.com/fredrick-karuri/nativestream/server/service/service.go:50.25,53.2 2 0
github.com/fredrick-karuri/nativestream/server/service/service.go:57.60,64.102 3 1
github.com/fredrick-karuri/nativestream/server/service/service.go:64.102,66.3 1 0
github.com/fredrick-karuri/nativestream/server/service/service.go:67.2,67.26 1 1
github.com/fredrick-karuri/nativestream/server/service/service.go:70.39,71.22 1 0
github.com/fredrick-karuri/nativestream/server/service/service.go:71.22,74.17 3 0
github.com/fredrick-karuri/nativestream/server/service/service.go:74.17,76.4 1 0
github.com/fredrick-karuri/nativestream/server/service/service.go:79.2,80.16 2 0
github.com/fredrick-karuri/nativestream/server/service/service.go:80.16,82.3 1 0
github.com/fredrick-karuri/nativestream/server/service/service.go:84.2,85.63 2 0
github.com/fredrick-karuri/nativestream/server/service/service.go:85.63,87.3 1 0
github.com/fredrick-karuri/nativestream/server/service/service.go:91.2,92.16 2 0
github.com/fredrick-karuri/nativestream/server/service/service.go:92.16,94.3 1 0
github.com/fredrick-karuri/nativestream/server/service/service.go:95.2,95.15 1 0
github.com/fredrick-karuri/nativestream/server/service/service.go:95.15,96.37 1 0
github.com/fredrick-karuri/nativestream/server/service/service.go:96.37,98.4 1 0
github.com/fredrick-karuri/nativestream/server/service/service.go:101.2,101.51 1 0
github.com/fredrick-karuri/nativestream/server/service/service.go:101.51,103.3 1 0
github.com/fredrick-karuri/nativestream/server/service/service.go:107.2,109.82 3 0
github.com/fredrick-karuri/nativestream/server/service/service.go:109.82,111.3 1 0
github.com/fredrick-karuri/nativestream/server/service/service.go:113.2,116.12 4 0
github.com/fredrick-karuri/nativestream/server/service/service.go:119.24,127.63 5 0
github.com/fredrick-karuri/nativestream/server/service/service.go:127.63,129.3 1 0
github.com/fredrick-karuri/nativestream/server/service/service.go:131.2,132.12 2 0
github.com/fredrick-karuri/nativestream/server/playlist/generator.go:19.61,23.30 3 1
github.com/fredrick-karuri/nativestream/server/playlist/generator.go:23.30,27.27 3 1
github.com/fredrick-karuri/nativestream/server/playlist/generator.go:27.27,31.4 2 1
github.com/fredrick-karuri/nativestream/server/playlist/generator.go:31.9,31.36 1 1
github.com/fredrick-karuri/nativestream/server/playlist/generator.go:31.36,33.4 1 1
github.com/fredrick-karuri/nativestream/server/playlist/generator.go:35.3,35.22 1 1
github.com/fredrick-karuri/nativestream/server/playlist/generator.go:35.22,36.12 1 1
github.com/fredrick-karuri/nativestream/server/playlist/generator.go:39.3,39.38 1 1
github.com/fredrick-karuri/nativestream/server/playlist/generator.go:39.38,41.4 1 1
github.com/fredrick-karuri/nativestream/server/playlist/generator.go:43.3,44.23 2 1
github.com/fredrick-karuri/nativestream/server/playlist/generator.go:44.23,46.4 1 1
github.com/fredrick-karuri/nativestream/server/playlist/generator.go:48.3,55.4 1 1
github.com/fredrick-karuri/nativestream/server/playlist/generator.go:58.2,58.20 1 1
github.com/fredrick-karuri/nativestream/server/validator/validator.go:29.29,37.2 1 0
github.com/fredrick-karuri/nativestream/server/validator/validator.go:63.91,73.70 1 0
github.com/fredrick-karuri/nativestream/server/validator/validator.go:73.70,74.22 1 0
github.com/fredrick-karuri/nativestream/server/validator/validator.go:74.22,76.6 1 0
github.com/fredrick-karuri/nativestream/server/validator/validator.go:77.5,77.15 1 0
github.com/fredrick-karuri/nativestream/server/validator/validator.go:84.41,85.9 1 0
github.com/fredrick-karuri/nativestream/server/validator/validator.go:86.20,86.20 0 0
github.com/fredrick-karuri/nativestream/server/validator/validator.go:87.10,87.10 0 0
github.com/fredrick-karuri/nativestream/server/validator/validator.go:93.52,100.41 5 0
github.com/fredrick-karuri/nativestream/server/validator/validator.go:100.41,102.13 2 0
github.com/fredrick-karuri/nativestream/server/validator/validator.go:102.13,104.8 2 0
github.com/fredrick-karuri/nativestream/server/validator/validator.go:104.8,105.12 1 0
github.com/fredrick-karuri/nativestream/server/validator/validator.go:106.25,107.30 1 0
github.com/fredrick-karuri/nativestream/server/validator/validator.go:108.23,109.12 1 0
github.com/fredrick-karuri/nativestream/server/validator/validator.go:116.2,118.6 3 0
github.com/fredrick-karuri/nativestream/server/validator/validator.go:118.6,119.10 1 0
github.com/fredrick-karuri/nativestream/server/validator/validator.go:120.19,121.19 1 0
github.com/fredrick-karuri/nativestream/server/validator/validator.go:122.21,124.10 2 0
github.com/fredrick-karuri/nativestream/server/validator/validator.go:132.58,136.19 4 0
github.com/fredrick-karuri/nativestream/server/validator/validator.go:136.19,138.3 1 0
github.com/fredrick-karuri/nativestream/server/validator/validator.go:139.2,139.23 1 0
github.com/fredrick-karuri/nativestream/server/validator/validator.go:142.47,146.2 3 0
github.com/fredrick-karuri/nativestream/server/validator/validator.go:150.51,152.30 2 0
github.com/fredrick-karuri/nativestream/server/validator/validator.go:152.30,153.27 1 0
github.com/fredrick-karuri/nativestream/server/validator/validator.go:153.27,155.35 2 0
github.com/fredrick-karuri/nativestream/server/validator/validator.go:155.35,158.5 2 0
github.com/fredrick-karuri/nativestream/server/validator/validator.go:160.3,160.35 1 0
github.com/fredrick-karuri/nativestream/server/validator/validator.go:160.35,162.35 2 0
github.com/fredrick-karuri/nativestream/server/validator/validator.go:162.35,165.5 2 0
github.com/fredrick-karuri/nativestream/server/validator/validator.go:168.2,170.15 3 0
github.com/fredrick-karuri/nativestream/server/validator/validator.go:173.70,184.2 4 0
github.com/fredrick-karuri/nativestream/server/validator/validator.go:186.80,195.43 7 0
github.com/fredrick-karuri/nativestream/server/validator/validator.go:195.43,197.3 1 0
github.com/fredrick-karuri/nativestream/server/validator/validator.go:197.8,199.3 1 0
github.com/fredrick-karuri/nativestream/server/validator/validator.go:206.46,215.16 4 0
github.com/fredrick-karuri/nativestream/server/validator/validator.go:215.16,219.3 3 0
github.com/fredrick-karuri/nativestream/server/validator/validator.go:221.2,223.21 3 0
github.com/fredrick-karuri/nativestream/server/validator/validator.go:223.21,225.3 1 0
github.com/fredrick-karuri/nativestream/server/validator/validator.go:226.2,226.20 1 0
github.com/fredrick-karuri/nativestream/server/validator/validator.go:226.20,228.3 1 0
github.com/fredrick-karuri/nativestream/server/validator/validator.go:229.2,229.30 1 0
github.com/fredrick-karuri/nativestream/server/validator/validator.go:229.30,231.3 1 0
github.com/fredrick-karuri/nativestream/server/validator/validator.go:233.2,237.16 4 0
github.com/fredrick-karuri/nativestream/server/validator/validator.go:237.16,239.10 2 0
github.com/fredrick-karuri/nativestream/server/validator/validator.go:240.84,241.51 1 0
github.com/fredrick-karuri/nativestream/server/validator/validator.go:242.11,243.55 1 0
github.com/fredrick-karuri/nativestream/server/validator/validator.go:245.3,247.14 3 0
github.com/fredrick-karuri/nativestream/server/validator/validator.go:249.2,249.15 1 0
github.com/fredrick-karuri/nativestream/server/validator/validator.go:249.15,250.45 1 0
github.com/fredrick-karuri/nativestream/server/validator/validator.go:250.45,252.4 1 0
github.com/fredrick-karuri/nativestream/server/validator/validator.go:254.2,254.58 1 0
github.com/fredrick-karuri/nativestream/server/validator/validator.go:254.58,256.3 1 0
github.com/fredrick-karuri/nativestream/server/validator/validator.go:258.2,262.22 4 0
github.com/fredrick-karuri/nativestream/server/validator/validator.go:262.22,264.3 1 0
github.com/fredrick-karuri/nativestream/server/validator/validator.go:266.2,268.23 3 0
github.com/fredrick-karuri/nativestream/server/validator/validator.go:268.23,270.3 1 0
github.com/fredrick-karuri/nativestream/server/validator/validator.go:270.8,272.3 1 0
github.com/fredrick-karuri/nativestream/server/validator/validator.go:273.2,273.13 1 0
github.com/fredrick-karuri/nativestream/server/validator/validator.go:276.62,277.9 1 0
github.com/fredrick-karuri/nativestream/server/validator/validator.go:278.46,279.38 1 0
github.com/fredrick-karuri/nativestream/server/validator/validator.go:280.45,281.39 1 0
github.com/fredrick-karuri/nativestream/server/validator/validator.go:282.25,283.40 1 0
github.com/fredrick-karuri/nativestream/server/validator/validator.go:284.10,285.33 1 0
github.com/fredrick-karuri/nativestream/server/validator/validator.go:289.101,291.16 2 0
github.com/fredrick-karuri/nativestream/server/validator/validator.go:291.16,293.3 1 0
github.com/fredrick-karuri/nativestream/server/validator/validator.go:294.2,297.21 3 0
github.com/fredrick-karuri/nativestream/server/validator/validator.go:297.21,299.3 1 0
github.com/fredrick-karuri/nativestream/server/validator/validator.go:301.2,301.20 1 0
github.com/fredrick-karuri/nativestream/server/validator/validator.go:301.20,303.3 1 0
github.com/fredrick-karuri/nativestream/server/validator/validator.go:304.2,304.30 1 0
github.com/fredrick-karuri/nativestream/server/validator/validator.go:304.30,306.3 1 0
github.com/fredrick-karuri/nativestream/server/validator/validator.go:308.2,310.16 3 0
github.com/fredrick-karuri/nativestream/server/validator/validator.go:310.16,312.3 1 0
github.com/fredrick-karuri/nativestream/server/validator/validator.go:313.2,313.15 1 0
github.com/fredrick-karuri/nativestream/server/validator/validator.go:313.15,314.45 1 0
github.com/fredrick-karuri/nativestream/server/validator/validator.go:314.45,316.4 1 0
github.com/fredrick-karuri/nativestream/server/validator/validator.go:319.2,321.32 3 0
github.com/fredrick-karuri/nativestream/server/validator/validator.go:321.32,323.3 1 0
github.com/fredrick-karuri/nativestream/server/validator/validator.go:326.2,327.13 2 0
github.com/fredrick-karuri/nativestream/server/validator/validator.go:332.89,334.2 1 1
github.com/fredrick-karuri/nativestream/server/validator/validator.go:336.44,338.9 2 1
github.com/fredrick-karuri/nativestream/server/validator/validator.go:339.16,340.13 1 1
github.com/fredrick-karuri/nativestream/server/validator/validator.go:341.16,342.13 1 1
github.com/fredrick-karuri/nativestream/server/validator/validator.go:343.17,344.13 1 1
github.com/fredrick-karuri/nativestream/server/validator/validator.go:345.10,346.13 1 1
github.com/fredrick-karuri/nativestream/server/validator/validator.go:350.48,351.9 1 1
github.com/fredrick-karuri/nativestream/server/validator/validator.go:352.46,353.13 1 1
github.com/fredrick-karuri/nativestream/server/validator/validator.go:354.45,355.13 1 1
github.com/fredrick-karuri/nativestream/server/validator/validator.go:356.10,357.13 1 1
github.com/fredrick-karuri/nativestream/server/validator/validator.go:361.37,362.9 1 1
github.com/fredrick-karuri/nativestream/server/validator/validator.go:363.17,364.13 1 1
github.com/fredrick-karuri/nativestream/server/validator/validator.go:365.19,366.13 1 1
github.com/fredrick-karuri/nativestream/server/validator/validator.go:367.19,368.13 1 1
github.com/fredrick-karuri/nativestream/server/validator/validator.go:369.18,370.13 1 1
github.com/fredrick-karuri/nativestream/server/validator/validator.go:371.10,372.13 1 1
github.com/fredrick-karuri/nativestream/server/store/credentials.go:35.39,37.2 1 0
github.com/fredrick-karuri/nativestream/server/store/credentials.go:48.55,53.2 1 0
github.com/fredrick-karuri/nativestream/server/store/credentials.go:57.70,59.42 2 0
github.com/fredrick-karuri/nativestream/server/store/credentials.go:59.42,60.55 1 0
github.com/fredrick-karuri/nativestream/server/store/credentials.go:60.55,63.4 2 0
github.com/fredrick-karuri/nativestream/server/store/credentials.go:65.2,68.16 3 0
github.com/fredrick-karuri/nativestream/server/store/credentials.go:68.16,70.3 1 0
github.com/fredrick-karuri/nativestream/server/store/credentials.go:72.2,82.34 5 0
github.com/fredrick-karuri/nativestream/server/store/credentials.go:82.34,84.3 1 0
github.com/fredrick-karuri/nativestream/server/store/credentials.go:85.2,85.18 1 0
github.com/fredrick-karuri/nativestream/server/store/credentials.go:92.55,95.38 3 0
github.com/fredrick-karuri/nativestream/server/store/credentials.go:95.38,96.23 1 0
github.com/fredrick-karuri/nativestream/server/store/credentials.go:96.23,97.12 1 0
github.com/fredrick-karuri/nativestream/server/store/credentials.go:99.3,99.73 1 0
github.com/fredrick-karuri/nativestream/server/store/credentials.go:99.73,101.4 1 0
github.com/fredrick-karuri/nativestream/server/store/credentials.go:103.2,103.14 1 0
github.com/fredrick-karuri/nativestream/server/store/credentials.go:109.55,112.38 3 0
github.com/fredrick-karuri/nativestream/server/store/credentials.go:112.38,113.47 1 0
github.com/fredrick-karuri/nativestream/server/store/credentials.go:113.47,115.9 2 0
github.com/fredrick-karuri/nativestream/server/store/credentials.go:118.2,118.19 1 0
github.com/fredrick-karuri/nativestream/server/store/credentials.go:118.19,121.3 2 0
github.com/fredrick-karuri/nativestream/server/store/credentials.go:122.2,126.18 4 0
github.com/fredrick-karuri/nativestream/server/store/credentials.go:131.48,135.38 4 0
github.com/fredrick-karuri/nativestream/server/store/credentials.go:135.38,138.3 2 0
github.com/fredrick-karuri/nativestream/server/store/credentials.go:139.2,139.12 1 0
github.com/fredrick-karuri/nativestream/server/store/credentials.go:143.56,147.38 4 0
github.com/fredrick-karuri/nativestream/server/store/credentials.go:147.38,148.24 1 0
github.com/fredrick-karuri/nativestream/server/store/credentials.go:148.24,150.4 1 0
github.com/fredrick-karuri/nativestream/server/store/credentials.go:152.2,152.8 1 0
github.com/fredrick-karuri/nativestream/server/store/credentials.go:165.41,167.24 2 0
github.com/fredrick-karuri/nativestream/server/store/credentials.go:167.24,169.3 1 0
github.com/fredrick-karuri/nativestream/server/store/credentials.go:170.2,170.16 1 0
github.com/fredrick-karuri/nativestream/server/store/credentials.go:170.16,172.3 1 0
github.com/fredrick-karuri/nativestream/server/store/credentials.go:174.2,175.52 2 0
github.com/fredrick-karuri/nativestream/server/store/credentials.go:175.52,177.3 1 0
github.com/fredrick-karuri/nativestream/server/store/credentials.go:179.2,182.40 4 0
github.com/fredrick-karuri/nativestream/server/store/credentials.go:182.40,184.3 1 0
github.com/fredrick-karuri/nativestream/server/store/credentials.go:185.2,185.12 1 0
github.com/fredrick-karuri/nativestream/server/store/credentials.go:189.41,196.38 3 0
github.com/fredrick-karuri/nativestream/server/store/credentials.go:196.38,199.3 2 0
github.com/fredrick-karuri/nativestream/server/store/credentials.go:200.2,203.16 3 0
github.com/fredrick-karuri/nativestream/server/store/credentials.go:203.16,205.3 1 0
github.com/fredrick-karuri/nativestream/server/store/credentials.go:207.2,207.66 1 0
github.com/fredrick-karuri/nativestream/server/store/credentials.go:207.66,209.3 1 0
github.com/fredrick-karuri/nativestream/server/store/credentials.go:211.2,212.55 2 0
github.com/fredrick-karuri/nativestream/server/store/credentials.go:212.55,214.3 1 0
github.com/fredrick-karuri/nativestream/server/store/credentials.go:215.2,215.48 1 0
github.com/fredrick-karuri/nativestream/server/store/credentials.go:215.48,217.3 1 0
github.com/fredrick-karuri/nativestream/server/store/credentials.go:218.2,218.12 1 0
github.com/fredrick-karuri/nativestream/server/store/credentials.go:226.73,227.23 1 0
github.com/fredrick-karuri/nativestream/server/store/credentials.go:227.23,229.3 1 0
github.com/fredrick-karuri/nativestream/server/store/credentials.go:231.2,236.31 5 0
github.com/fredrick-karuri/nativestream/server/store/credentials.go:236.31,238.3 1 0
github.com/fredrick-karuri/nativestream/server/store/credentials.go:240.2,250.18 5 0
github.com/fredrick-karuri/nativestream/server/store/credentials.go:254.38,256.42 2 0
github.com/fredrick-karuri/nativestream/server/store/credentials.go:256.42,258.3 1 0
github.com/fredrick-karuri/nativestream/server/store/credentials.go:259.2,259.37 1 0
github.com/fredrick-karuri/nativestream/server/store/pairing.go:62.70,63.66 1 0
github.com/fredrick-karuri/nativestream/server/store/pairing.go:63.66,65.3 1 0
github.com/fredrick-karuri/nativestream/server/store/pairing.go:66.2,66.18 1 0
github.com/fredrick-karuri/nativestream/server/store/pairing.go:77.52,81.2 1 0
github.com/fredrick-karuri/nativestream/server/store/pairing.go:85.84,90.16 4 0
github.com/fredrick-karuri/nativestream/server/store/pairing.go:90.16,92.3 1 0
github.com/fredrick-karuri/nativestream/server/store/pairing.go:94.2,105.21 4 0
github.com/fredrick-karuri/nativestream/server/store/pairing.go:113.79,118.9 4 0
github.com/fredrick-karuri/nativestream/server/store/pairing.go:118.9,120.3 1 0
github.com/fredrick-karuri/nativestream/server/store/pairing.go:122.2,124.18 3 0
github.com/fredrick-karuri/nativestream/server/store/pairing.go:130.61,136.39 5 0
github.com/fredrick-karuri/nativestream/server/store/pairing.go:136.39,137.57 1 0
github.com/fredrick-karuri/nativestream/server/store/pairing.go:137.57,138.12 1 0
github.com/fredrick-karuri/nativestream/server/store/pairing.go:140.3,141.25 2 0
github.com/fredrick-karuri/nativestream/server/store/pairing.go:143.2,143.12 1 0
github.com/fredrick-karuri/nativestream/server/store/pairing.go:150.97,155.9 4 0
github.com/fredrick-karuri/nativestream/server/store/pairing.go:155.9,157.3 1 0
github.com/fredrick-karuri/nativestream/server/store/pairing.go:159.2,160.36 2 0
github.com/fredrick-karuri/nativestream/server/store/pairing.go:160.36,162.3 1 0
github.com/fredrick-karuri/nativestream/server/store/pairing.go:164.2,168.17 4 0
github.com/fredrick-karuri/nativestream/server/store/pairing.go:173.62,178.9 4 0
github.com/fredrick-karuri/nativestream/server/store/pairing.go:178.9,180.3 1 0
github.com/fredrick-karuri/nativestream/server/store/pairing.go:182.2,183.36 2 0
github.com/fredrick-karuri/nativestream/server/store/pairing.go:183.36,185.3 1 0
github.com/fredrick-karuri/nativestream/server/store/pairing.go:187.2,188.12 2 0
github.com/fredrick-karuri/nativestream/server/store/pairing.go:193.76,195.67 2 0
github.com/fredrick-karuri/nativestream/server/store/pairing.go:195.67,197.17 2 0
github.com/fredrick-karuri/nativestream/server/store/pairing.go:197.17,199.4 1 0
github.com/fredrick-karuri/nativestream/server/store/pairing.go:201.3,202.40 2 0
github.com/fredrick-karuri/nativestream/server/store/pairing.go:202.40,203.82 1 0
github.com/fredrick-karuri/nativestream/server/store/pairing.go:203.82,205.10 2 0
github.com/fredrick-karuri/nativestream/server/store/pairing.go:208.3,208.17 1 0
github.com/fredrick-karuri/nativestream/server/store/pairing.go:208.17,210.4 1 0
github.com/fredrick-karuri/nativestream/server/store/pairing.go:212.2,212.112 1 0
github.com/fredrick-karuri/nativestream/server/store/pairing.go:223.42,225.42 2 0
github.com/fredrick-karuri/nativestream/server/store/pairing.go:225.42,227.3 1 0
github.com/fredrick-karuri/nativestream/server/store/pairing.go:229.2,231.24 3 0
github.com/fredrick-karuri/nativestream/server/store/pairing.go:231.24,233.3 1 0
github.com/fredrick-karuri/nativestream/server/store/pairing.go:234.2,234.26 1 0
github.com/fredrick-karuri/nativestream/server/store/store.go:75.63,81.2 1 1
github.com/fredrick-karuri/nativestream/server/store/store.go:85.41,89.15 4 1
github.com/fredrick-karuri/nativestream/server/store/store.go:89.15,91.3 1 1
github.com/fredrick-karuri/nativestream/server/store/store.go:92.2,93.12 2 1
github.com/fredrick-karuri/nativestream/server/store/store.go:96.34,100.32 4 0
github.com/fredrick-karuri/nativestream/server/store/store.go:100.32,103.3 2 0
github.com/fredrick-karuri/nativestream/server/store/store.go:104.2,104.38 1 0
github.com/fredrick-karuri/nativestream/server/store/store.go:104.38,104.74 1 0
github.com/fredrick-karuri/nativestream/server/store/store.go:105.2,105.12 1 0
github.com/fredrick-karuri/nativestream/server/store/store.go:108.46,112.32 4 1
github.com/fredrick-karuri/nativestream/server/store/store.go:112.32,113.71 1 1
github.com/fredrick-karuri/nativestream/server/store/store.go:113.71,116.4 2 1
github.com/fredrick-karuri/nativestream/server/store/store.go:118.2,118.38 1 1
github.com/fredrick-karuri/nativestream/server/store/store.go:118.38,118.74 1 0
github.com/fredrick-karuri/nativestream/server/store/store.go:119.2,119.12 1 1
github.com/fredrick-karuri/nativestream/server/store/store.go:122.47,126.32 4 0
github.com/fredrick-karuri/nativestream/server/store/store.go:126.32,127.53 1 0
github.com/fredrick-karuri/nativestream/server/store/store.go:127.53,130.4 2 0
github.com/fredrick-karuri/nativestream/server/store/store.go:132.2,132.38 1 0
github.com/fredrick-karuri/nativestream/server/store/store.go:132.38,132.74 1 0
github.com/fredrick-karuri/nativestream/server/store/store.go:133.2,133.12 1 0
github.com/fredrick-karuri/nativestream/server/store/store.go:136.34,139.27 3 1
github.com/fredrick-karuri/nativestream/server/store/store.go:139.27,141.3 1 1
github.com/fredrick-karuri/nativestream/server/store/store.go:142.2,143.24 2 1
github.com/fredrick-karuri/nativestream/server/store/store.go:146.65,150.9 4 0
github.com/fredrick-karuri/nativestream/server/store/store.go:150.9,152.3 1 0
github.com/fredrick-karuri/nativestream/server/store/store.go:153.2,153.46 1 0
github.com/fredrick-karuri/nativestream/server/store/store.go:153.46,155.3 1 0
github.com/fredrick-karuri/nativestream/server/store/store.go:156.2,156.54 1 0
github.com/fredrick-karuri/nativestream/server/store/store.go:156.54,158.3 1 0
github.com/fredrick-karuri/nativestream/server/store/store.go:159.2,159.56 1 0
github.com/fredrick-karuri/nativestream/server/store/store.go:159.56,161.25 2 0
github.com/fredrick-karuri/nativestream/server/store/store.go:161.25,162.31 1 0
github.com/fredrick-karuri/nativestream/server/store/store.go:162.31,164.5 1 0
github.com/fredrick-karuri/nativestream/server/store/store.go:167.2,167.51 1 0
github.com/fredrick-karuri/nativestream/server/store/store.go:167.51,175.3 2 0
github.com/fredrick-karuri/nativestream/server/store/store.go:176.2,176.78 1 0
github.com/fredrick-karuri/nativestream/server/store/store.go:176.78,177.27 1 0
github.com/fredrick-karuri/nativestream/server/store/store.go:177.27,179.4 1 0
github.com/fredrick-karuri/nativestream/server/store/store.go:180.3,181.32 2 0
github.com/fredrick-karuri/nativestream/server/store/store.go:181.32,182.31 1 0
github.com/fredrick-karuri/nativestream/server/store/store.go:182.31,184.5 1 0
github.com/fredrick-karuri/nativestream/server/store/store.go:186.3,186.34 1 0
github.com/fredrick-karuri/nativestream/server/store/store.go:188.2,189.12 2 0
github.com/fredrick-karuri/nativestream/server/store/store.go:192.41,195.34 3 1
github.com/fredrick-karuri/nativestream/server/store/store.go:195.34,197.3 1 1
github.com/fredrick-karuri/nativestream/server/store/store.go:198.2,199.12 2 1
github.com/fredrick-karuri/nativestream/server/store/store.go:205.59,210.9 4 1
github.com/fredrick-karuri/nativestream/server/store/store.go:210.9,212.3 1 0
github.com/fredrick-karuri/nativestream/server/store/store.go:215.2,215.54 1 1
github.com/fredrick-karuri/nativestream/server/store/store.go:215.54,217.24 2 1
github.com/fredrick-karuri/nativestream/server/store/store.go:217.24,220.4 2 1
github.com/fredrick-karuri/nativestream/server/store/store.go:221.3,221.9 1 1
github.com/fredrick-karuri/nativestream/server/store/store.go:225.2,225.34 1 0
github.com/fredrick-karuri/nativestream/server/store/store.go:225.34,226.19 1 0
github.com/fredrick-karuri/nativestream/server/store/store.go:226.19,229.4 2 0
github.com/fredrick-karuri/nativestream/server/store/store.go:233.2,234.46 2 0
github.com/fredrick-karuri/nativestream/server/store/store.go:238.50,243.9 4 1
github.com/fredrick-karuri/nativestream/server/store/store.go:243.9,245.3 1 0
github.com/fredrick-karuri/nativestream/server/store/store.go:247.2,247.62 1 1
github.com/fredrick-karuri/nativestream/server/store/store.go:247.62,248.27 1 1
github.com/fredrick-karuri/nativestream/server/store/store.go:248.27,251.4 2 1
github.com/fredrick-karuri/nativestream/server/store/store.go:252.3,256.35 4 1
github.com/fredrick-karuri/nativestream/server/store/store.go:256.35,257.25 1 1
github.com/fredrick-karuri/nativestream/server/store/store.go:257.25,259.5 1 1
github.com/fredrick-karuri/nativestream/server/store/store.go:261.3,262.28 2 1
github.com/fredrick-karuri/nativestream/server/store/store.go:267.42,269.34 2 1
github.com/fredrick-karuri/nativestream/server/store/store.go:269.34,270.71 1 1
github.com/fredrick-karuri/nativestream/server/store/store.go:270.71,272.4 1 1
github.com/fredrick-karuri/nativestream/server/store/store.go:274.2,274.38 1 1
github.com/fredrick-karuri/nativestream/server/store/store.go:274.38,278.35 4 1
github.com/fredrick-karuri/nativestream/server/store/store.go:278.35,279.25 1 1
github.com/fredrick-karuri/nativestream/server/store/store.go:279.25,281.5 1 0
github.com/fredrick-karuri/nativestream/server/store/store.go:283.3,283.27 1 1
github.com/fredrick-karuri/nativestream/server/store/store.go:288.46,292.32 4 1
github.com/fredrick-karuri/nativestream/server/store/store.go:292.32,293.71 1 1
github.com/fredrick-karuri/nativestream/server/store/store.go:293.71,295.4 1 1
github.com/fredrick-karuri/nativestream/server/store/store.go:297.2,297.8 1 1
github.com/fredrick-karuri/nativestream/server/store/store.go:309.34,316.31 3 1
github.com/fredrick-karuri/nativestream/server/store/store.go:316.31,319.3 2 1
github.com/fredrick-karuri/nativestream/server/store/store.go:320.2,323.16 3 1
github.com/fredrick-karuri/nativestream/server/store/store.go:323.16,325.3 1 0
github.com/fredrick-karuri/nativestream/server/store/store.go:327.2,327.65 1 1
github.com/fredrick-karuri/nativestream/server/store/store.go:327.65,329.3 1 0
github.com/fredrick-karuri/nativestream/server/store/store.go:332.2,333.55 2 1
github.com/fredrick-karuri/nativestream/server/store/store.go:333.55,335.3 1 0
github.com/fredrick-karuri/nativestream/server/store/store.go:336.2,336.47 1 1
github.com/fredrick-karuri/nativestream/server/store/store.go:336.47,338.3 1 0
github.com/fredrick-karuri/nativestream/server/store/store.go:339.2,339.12 1 1
github.com/fredrick-karuri/nativestream/server/store/store.go:343.30,345.24 2 1
github.com/fredrick-karuri/nativestream/server/store/store.go:345.24,347.3 1 0
github.com/fredrick-karuri/nativestream/server/store/store.go:348.2,348.16 1 1
github.com/fredrick-karuri/nativestream/server/store/store.go:348.16,350.3 1 0
github.com/fredrick-karuri/nativestream/server/store/store.go:352.2,353.52 2 1
github.com/fredrick-karuri/nativestream/server/store/store.go:353.52,355.3 1 0
github.com/fredrick-karuri/nativestream/server/store/store.go:357.2,360.23 4 1
github.com/fredrick-karuri/nativestream/server/store/store.go:360.23,362.3 1 0
github.com/fredrick-karuri/nativestream/server/store/store.go:363.2,363.12 1 1
github.com/fredrick-karuri/nativestream/server/store/store.go:367.77,370.6 3 0
github.com/fredrick-karuri/nativestream/server/store/store.go:370.6,371.10 1 0
github.com/fredrick-karuri/nativestream/server/store/store.go:372.19,373.39 1 0
github.com/fredrick-karuri/nativestream/server/store/store.go:373.39,375.5 1 0
github.com/fredrick-karuri/nativestream/server/store/store.go:376.21,379.10 2 0
github.com/fredrick-karuri/nativestream/server/store/store.go:384.29,388.2 3 0
github.com/fredrick-karuri/nativestream/server/discovery/adapters.go:20.64,22.2 1 0
github.com/fredrick-karuri/nativestream/server/discovery/adapters.go:24.62,27.30 3 0
github.com/fredrick-karuri/nativestream/server/discovery/adapters.go:27.30,29.3 1 0
github.com/fredrick-karuri/nativestream/server/discovery/adapters.go:30.2,30.12 1 0
github.com/fredrick-karuri/nativestream/server/discovery/adapters.go:33.70,35.15 2 0
github.com/fredrick-karuri/nativestream/server/discovery/adapters.go:35.15,37.3 1 0
github.com/fredrick-karuri/nativestream/server/discovery/adapters.go:38.2,39.12 2 0
github.com/fredrick-karuri/nativestream/server/discovery/adapters.go:42.62,51.2 1 0
github.com/fredrick-karuri/nativestream/server/discovery/adapters.go:53.65,62.2 1 0
github.com/fredrick-karuri/nativestream/server/discovery/adapters.go:69.72,71.2 1 0
github.com/fredrick-karuri/nativestream/server/discovery/adapters.go:73.69,80.2 1 0
github.com/fredrick-karuri/nativestream/server/discovery/api.go:20.47,22.2 1 0
github.com/fredrick-karuri/nativestream/server/discovery/api.go:24.54,28.2 3 0
github.com/fredrick-karuri/nativestream/server/discovery/api.go:30.72,32.2 1 0
github.com/fredrick-karuri/nativestream/server/discovery/api.go:34.69,42.76 3 0
github.com/fredrick-karuri/nativestream/server/discovery/api.go:42.76,44.3 1 0
github.com/fredrick-karuri/nativestream/server/discovery/api.go:45.2,45.13 1 0
github.com/fredrick-karuri/nativestream/server/discovery/api.go:48.76,51.2 2 0
github.com/fredrick-karuri/nativestream/server/discovery/api.go:53.75,55.46 2 0
github.com/fredrick-karuri/nativestream/server/discovery/api.go:55.46,56.53 1 0
github.com/fredrick-karuri/nativestream/server/discovery/api.go:56.53,58.4 1 0
github.com/fredrick-karuri/nativestream/server/discovery/api.go:60.2,62.26 3 0
github.com/fredrick-karuri/nativestream/server/discovery/api.go:62.26,64.3 1 0
github.com/fredrick-karuri/nativestream/server/discovery/api.go:65.2,68.4 1 0
github.com/fredrick-karuri/nativestream/server/proxy/adapters.go:20.70,22.2 1 0
github.com/fredrick-karuri/nativestream/server/proxy/adapters.go:24.80,26.39 2 0
github.com/fredrick-karuri/nativestream/server/proxy/adapters.go:26.39,28.3 1 0
github.com/fredrick-karuri/nativestream/server/proxy/adapters.go:29.2,32.3 1 0
github.com/fredrick-karuri/nativestream/server/cmd/main.go:36.13,37.22 1 0
github.com/fredrick-karuri/nativestream/server/cmd/main.go:37.22,38.21 1 0
github.com/fredrick-karuri/nativestream/server/cmd/main.go:39.28,41.24 2 0
github.com/fredrick-karuri/nativestream/server/cmd/main.go:41.24,43.5 1 0
github.com/fredrick-karuri/nativestream/server/cmd/main.go:44.4,44.50 1 0
github.com/fredrick-karuri/nativestream/server/cmd/main.go:44.50,47.5 2 0
github.com/fredrick-karuri/nativestream/server/cmd/main.go:48.4,48.10 1 0
github.com/fredrick-karuri/nativestream/server/cmd/main.go:49.30,50.46 1 0
github.com/fredrick-karuri/nativestream/server/cmd/main.go:50.46,53.5 2 0
github.com/fredrick-karuri/nativestream/server/cmd/main.go:54.4,54.10 1 0
github.com/fredrick-karuri/nativestream/server/cmd/main.go:55.25,56.24 1 0
github.com/fredrick-karuri/nativestream/server/cmd/main.go:56.24,59.5 2 0
github.com/fredrick-karuri/nativestream/server/cmd/main.go:60.4,60.50 1 0
github.com/fredrick-karuri/nativestream/server/cmd/main.go:60.50,63.5 2 0
github.com/fredrick-karuri/nativestream/server/cmd/main.go:64.4,64.10 1 0
github.com/fredrick-karuri/nativestream/server/cmd/main.go:65.24,66.39 1 0
github.com/fredrick-karuri/nativestream/server/cmd/main.go:66.39,69.5 2 0
github.com/fredrick-karuri/nativestream/server/cmd/main.go:70.4,70.10 1 0
github.com/fredrick-karuri/nativestream/server/cmd/main.go:71.25,72.24 1 0
github.com/fredrick-karuri/nativestream/server/cmd/main.go:72.24,75.5 2 0
github.com/fredrick-karuri/nativestream/server/cmd/main.go:76.4,76.50 1 0
github.com/fredrick-karuri/nativestream/server/cmd/main.go:76.50,79.5 2 0
github.com/fredrick-karuri/nativestream/server/cmd/main.go:80.4,80.10 1 0
github.com/fredrick-karuri/nativestream/server/cmd/main.go:81.23,89.10 8 0
github.com/fredrick-karuri/nativestream/server/cmd/main.go:94.2,95.16 2 0
github.com/fredrick-karuri/nativestream/server/cmd/main.go:95.16,98.3 2 0
github.com/fredrick-karuri/nativestream/server/cmd/main.go:99.2,107.33 6 0
github.com/fredrick-karuri/nativestream/server/cmd/main.go:107.33,109.3 1 0
github.com/fredrick-karuri/nativestream/server/cmd/main.go:110.2,115.37 4 0
github.com/fredrick-karuri/nativestream/server/cmd/main.go:115.37,117.3 1 0
github.com/fredrick-karuri/nativestream/server/cmd/main.go:118.2,118.70 1 0
github.com/fredrick-karuri/nativestream/server/cmd/main.go:118.70,120.3 1 0
github.com/fredrick-karuri/nativestream/server/cmd/main.go:121.2,159.27 11 0
github.com/fredrick-karuri/nativestream/server/cmd/main.go:159.27,160.37 1 0
github.com/fredrick-karuri/nativestream/server/cmd/main.go:160.37,163.4 2 0
github.com/fredrick-karuri/nativestream/server/cmd/main.go:164.3,164.40 1 0
github.com/fredrick-karuri/nativestream/server/cmd/main.go:164.40,167.4 2 0
github.com/fredrick-karuri/nativestream/server/cmd/main.go:168.3,168.46 1 0
github.com/fredrick-karuri/nativestream/server/cmd/main.go:168.46,171.4 2 0
github.com/fredrick-karuri/nativestream/server/cmd/main.go:172.3,172.43 1 0
github.com/fredrick-karuri/nativestream/server/cmd/main.go:172.43,175.4 2 0
github.com/fredrick-karuri/nativestream/server/cmd/main.go:179.2,180.41 2 0
github.com/fredrick-karuri/nativestream/server/cmd/main.go:180.41,184.3 3 0
github.com/fredrick-karuri/nativestream/server/cmd/main.go:186.2,215.19 19 0
github.com/fredrick-karuri/nativestream/server/cmd/main.go:215.19,217.3 1 0
github.com/fredrick-karuri/nativestream/server/cmd/main.go:217.8,219.3 1 0
github.com/fredrick-karuri/nativestream/server/cmd/main.go:220.2,230.12 7 0
github.com/fredrick-karuri/nativestream/server/cmd/main.go:230.12,233.7 3 0
github.com/fredrick-karuri/nativestream/server/cmd/main.go:233.7,234.11 1 0
github.com/fredrick-karuri/nativestream/server/cmd/main.go:235.20,237.21 2 0
github.com/fredrick-karuri/nativestream/server/cmd/main.go:237.21,240.6 2 0
github.com/fredrick-karuri/nativestream/server/cmd/main.go:241.22,242.11 1 0
github.com/fredrick-karuri/nativestream/server/cmd/main.go:247.2,258.16 3 0
github.com/fredrick-karuri/nativestream/server/cmd/main.go:258.16,260.3 1 0
github.com/fredrick-karuri/nativestream/server/cmd/main.go:260.8,263.3 2 0
github.com/fredrick-karuri/nativestream/server/cmd/main.go:265.2,273.16 2 0
github.com/fredrick-karuri/nativestream/server/cmd/main.go:273.16,275.3 1 0
github.com/fredrick-karuri/nativestream/server/cmd/main.go:275.8,278.3 2 0
github.com/fredrick-karuri/nativestream/server/cmd/main.go:281.2,295.76 7 0
github.com/fredrick-karuri/nativestream/server/cmd/main.go:295.76,298.3 2 0
github.com/fredrick-karuri/nativestream/server/cmd/main.go:300.109,301.53 1 0
github.com/fredrick-karuri/nativestream/server/cmd/main.go:301.53,304.3 2 0
github.com/fredrick-karuri/nativestream/server/cmd/main.go:305.2,306.35 2 0
github.com/fredrick-karuri/nativestream/server/cmd/main.go:309.38,311.16 2 0
github.com/fredrick-karuri/nativestream/server/cmd/main.go:311.16,313.3 1 0
github.com/fredrick-karuri/nativestream/server/cmd/main.go:314.2,315.37 2 0
github.com/fredrick-karuri/nativestream/server/cmd/main.go:315.37,317.3 1 0
github.com/fredrick-karuri/nativestream/server/cmd/main.go:318.2,318.44 1 0
github.com/fredrick-karuri/nativestream/server/cmd/main.go:318.44,320.3 1 0
github.com/fredrick-karuri/nativestream/server/cmd/main.go:321.2,322.12 2 0
github.com/fredrick-karuri/nativestream/server/cmd/main.go:325.38,327.16 2 0
github.com/fredrick-karuri/nativestream/server/cmd/main.go:327.16,329.3 1 0
github.com/fredrick-karuri/nativestream/server/cmd/main.go:330.2,331.37 2 0
github.com/fredrick-karuri/nativestream/server/cmd/main.go:331.37,333.3 1 0
github.com/fredrick-karuri/nativestream/server/cmd/main.go:334.2,335.16 2 0
github.com/fredrick-karuri/nativestream/server/cmd/main.go:335.16,337.3 1 0
github.com/fredrick-karuri/nativestream/server/cmd/main.go:338.2,341.12 4 0
github.com/fredrick-karuri/nativestream/server/cmd/main.go:344.25,346.16 2 0
github.com/fredrick-karuri/nativestream/server/cmd/main.go:346.16,348.3 1 0
github.com/fredrick-karuri/nativestream/server/cmd/main.go:349.2,350.37 2 0
github.com/fredrick-karuri/nativestream/server/cmd/main.go:350.37,352.3 1 0
github.com/fredrick-karuri/nativestream/server/cmd/main.go:353.2,354.19 2 0
github.com/fredrick-karuri/nativestream/server/cmd/main.go:354.19,357.3 2 0
github.com/fredrick-karuri/nativestream/server/cmd/main.go:358.2,358.27 1 0
github.com/fredrick-karuri/nativestream/server/cmd/main.go:358.27,360.23 2 0
github.com/fredrick-karuri/nativestream/server/cmd/main.go:360.23,362.4 1 0
github.com/fredrick-karuri/nativestream/server/cmd/main.go:363.3,363.96 1 0
github.com/fredrick-karuri/nativestream/server/cmd/main.go:365.2,365.12 1 0
