mode: set
github.com/fredrick-karuri/nativestream/packages/discovery/circuitbreaker.go:21.88,28.2 1 0
github.com/fredrick-karuri/nativestream/packages/discovery/circuitbreaker.go:31.50,34.45 3 0
github.com/fredrick-karuri/nativestream/packages/discovery/circuitbreaker.go:34.45,35.31 1 0
github.com/fredrick-karuri/nativestream/packages/discovery/circuitbreaker.go:35.31,37.4 1 0
github.com/fredrick-karuri/nativestream/packages/discovery/circuitbreaker.go:39.3,40.23 2 0
github.com/fredrick-karuri/nativestream/packages/discovery/circuitbreaker.go:42.2,42.13 1 0
github.com/fredrick-karuri/nativestream/packages/discovery/circuitbreaker.go:46.53,50.2 3 0
github.com/fredrick-karuri/nativestream/packages/discovery/circuitbreaker.go:53.53,57.40 4 0
github.com/fredrick-karuri/nativestream/packages/discovery/circuitbreaker.go:57.40,61.3 2 0
github.com/fredrick-karuri/nativestream/packages/discovery/circuitbreaker.go:65.59,69.42 4 0
github.com/fredrick-karuri/nativestream/packages/discovery/circuitbreaker.go:69.42,70.31 1 0
github.com/fredrick-karuri/nativestream/packages/discovery/circuitbreaker.go:70.31,76.4 1 0
github.com/fredrick-karuri/nativestream/packages/discovery/circuitbreaker.go:78.2,78.12 1 0
github.com/fredrick-karuri/nativestream/packages/discovery/engine.go:53.11,63.29 2 0
github.com/fredrick-karuri/nativestream/packages/discovery/engine.go:63.29,65.3 1 0
github.com/fredrick-karuri/nativestream/packages/discovery/engine.go:66.2,66.10 1 0
github.com/fredrick-karuri/nativestream/packages/discovery/engine.go:69.63,71.29 2 0
github.com/fredrick-karuri/nativestream/packages/discovery/engine.go:71.29,73.3 1 0
github.com/fredrick-karuri/nativestream/packages/discovery/engine.go:77.43,78.20 1 0
github.com/fredrick-karuri/nativestream/packages/discovery/engine.go:78.20,81.3 2 0
github.com/fredrick-karuri/nativestream/packages/discovery/engine.go:83.2,83.6 1 0
github.com/fredrick-karuri/nativestream/packages/discovery/engine.go:83.6,89.46 4 0
github.com/fredrick-karuri/nativestream/packages/discovery/engine.go:89.46,90.34 1 0
github.com/fredrick-karuri/nativestream/packages/discovery/engine.go:90.34,92.10 2 0
github.com/fredrick-karuri/nativestream/packages/discovery/engine.go:95.3,97.10 2 0
github.com/fredrick-karuri/nativestream/packages/discovery/engine.go:98.31,98.31 0 0
github.com/fredrick-karuri/nativestream/packages/discovery/engine.go:99.21,100.10 1 0
github.com/fredrick-karuri/nativestream/packages/discovery/engine.go:107.79,110.32 3 0
github.com/fredrick-karuri/nativestream/packages/discovery/engine.go:110.32,112.3 1 0
github.com/fredrick-karuri/nativestream/packages/discovery/engine.go:116.50,121.39 4 0
github.com/fredrick-karuri/nativestream/packages/discovery/engine.go:121.39,128.3 1 0
github.com/fredrick-karuri/nativestream/packages/discovery/engine.go:129.2,135.3 1 0
github.com/fredrick-karuri/nativestream/packages/discovery/engine.go:139.55,142.30 3 0
github.com/fredrick-karuri/nativestream/packages/discovery/engine.go:142.30,144.3 1 0
github.com/fredrick-karuri/nativestream/packages/discovery/engine.go:145.2,147.12 3 0
github.com/fredrick-karuri/nativestream/packages/discovery/engine.go:151.50,153.2 1 0
github.com/fredrick-karuri/nativestream/packages/discovery/engine.go:157.48,177.28 11 0
github.com/fredrick-karuri/nativestream/packages/discovery/engine.go:177.28,180.22 2 0
github.com/fredrick-karuri/nativestream/packages/discovery/engine.go:180.22,183.30 3 0
github.com/fredrick-karuri/nativestream/packages/discovery/engine.go:183.30,185.5 1 0
github.com/fredrick-karuri/nativestream/packages/discovery/engine.go:186.4,187.12 2 0
github.com/fredrick-karuri/nativestream/packages/discovery/engine.go:190.3,197.5 2 0
github.com/fredrick-karuri/nativestream/packages/discovery/engine.go:201.2,201.38 1 0
github.com/fredrick-karuri/nativestream/packages/discovery/engine.go:201.38,206.17 4 0
github.com/fredrick-karuri/nativestream/packages/discovery/engine.go:206.17,210.12 4 0
github.com/fredrick-karuri/nativestream/packages/discovery/engine.go:212.3,217.25 5 0
github.com/fredrick-karuri/nativestream/packages/discovery/engine.go:217.25,224.23 2 0
github.com/fredrick-karuri/nativestream/packages/discovery/engine.go:224.23,225.36 1 0
github.com/fredrick-karuri/nativestream/packages/discovery/engine.go:225.36,229.21 3 0
github.com/fredrick-karuri/nativestream/packages/discovery/engine.go:229.21,231.7 1 0
github.com/fredrick-karuri/nativestream/packages/discovery/engine.go:231.12,238.33 3 0
github.com/fredrick-karuri/nativestream/packages/discovery/engine.go:238.33,240.8 1 0
github.com/fredrick-karuri/nativestream/packages/discovery/engine.go:241.7,242.15 2 0
github.com/fredrick-karuri/nativestream/packages/discovery/engine.go:244.11,245.14 1 0
github.com/fredrick-karuri/nativestream/packages/discovery/engine.go:248.4,254.6 2 0
github.com/fredrick-karuri/nativestream/packages/discovery/engine.go:259.58,266.37 2 0
github.com/fredrick-karuri/nativestream/packages/discovery/engine.go:266.37,268.22 2 0
github.com/fredrick-karuri/nativestream/packages/discovery/engine.go:268.22,276.18 6 0
github.com/fredrick-karuri/nativestream/packages/discovery/engine.go:276.18,279.5 2 0
github.com/fredrick-karuri/nativestream/packages/discovery/engine.go:279.10,283.5 3 0
github.com/fredrick-karuri/nativestream/packages/discovery/engine.go:284.4,286.22 2 0
github.com/fredrick-karuri/nativestream/packages/discovery/engine.go:286.22,290.5 3 0
github.com/fredrick-karuri/nativestream/packages/discovery/engine.go:294.2,295.12 2 0
github.com/fredrick-karuri/nativestream/packages/discovery/engine.go:298.57,301.26 3 0
github.com/fredrick-karuri/nativestream/packages/discovery/engine.go:301.26,302.19 1 0
github.com/fredrick-karuri/nativestream/packages/discovery/engine.go:302.19,305.4 2 0
github.com/fredrick-karuri/nativestream/packages/discovery/engine.go:307.2,307.12 1 0
github.com/fredrick-karuri/nativestream/packages/discovery/extractor.go:28.36,32.2 1 1
github.com/fredrick-karuri/nativestream/packages/discovery/extractor.go:35.87,39.29 3 1
github.com/fredrick-karuri/nativestream/packages/discovery/extractor.go:39.29,42.62 2 1
github.com/fredrick-karuri/nativestream/packages/discovery/extractor.go:42.62,43.17 1 1
github.com/fredrick-karuri/nativestream/packages/discovery/extractor.go:43.17,44.13 1 1
github.com/fredrick-karuri/nativestream/packages/discovery/extractor.go:46.4,52.6 2 1
github.com/fredrick-karuri/nativestream/packages/discovery/extractor.go:55.3,57.61 2 1
github.com/fredrick-karuri/nativestream/packages/discovery/extractor.go:57.61,58.62 1 0
github.com/fredrick-karuri/nativestream/packages/discovery/extractor.go:58.62,59.13 1 0
github.com/fredrick-karuri/nativestream/packages/discovery/extractor.go:61.4,61.17 1 0
github.com/fredrick-karuri/nativestream/packages/discovery/extractor.go:61.17,62.13 1 0
github.com/fredrick-karuri/nativestream/packages/discovery/extractor.go:64.4,66.31 3 0
github.com/fredrick-karuri/nativestream/packages/discovery/extractor.go:66.31,67.21 1 0
github.com/fredrick-karuri/nativestream/packages/discovery/extractor.go:67.21,70.6 2 0
github.com/fredrick-karuri/nativestream/packages/discovery/extractor.go:74.3,76.48 2 1
github.com/fredrick-karuri/nativestream/packages/discovery/extractor.go:76.48,79.31 3 0
github.com/fredrick-karuri/nativestream/packages/discovery/extractor.go:79.31,81.43 2 0
github.com/fredrick-karuri/nativestream/packages/discovery/extractor.go:81.43,83.14 2 0
github.com/fredrick-karuri/nativestream/packages/discovery/extractor.go:85.5,85.55 1 0
github.com/fredrick-karuri/nativestream/packages/discovery/extractor.go:85.55,94.6 3 0
github.com/fredrick-karuri/nativestream/packages/discovery/extractor.go:97.3,97.76 1 1
github.com/fredrick-karuri/nativestream/packages/discovery/extractor.go:100.2,100.12 1 1
github.com/fredrick-karuri/nativestream/packages/discovery/extractor.go:104.98,106.16 2 0
github.com/fredrick-karuri/nativestream/packages/discovery/extractor.go:106.16,108.3 1 0
github.com/fredrick-karuri/nativestream/packages/discovery/extractor.go:109.2,112.16 3 0
github.com/fredrick-karuri/nativestream/packages/discovery/extractor.go:112.16,114.3 1 0
github.com/fredrick-karuri/nativestream/packages/discovery/extractor.go:115.2,115.15 1 0
github.com/fredrick-karuri/nativestream/packages/discovery/extractor.go:115.15,116.45 1 0
github.com/fredrick-karuri/nativestream/packages/discovery/extractor.go:116.45,118.4 1 0
github.com/fredrick-karuri/nativestream/packages/discovery/extractor.go:121.2,122.16 2 0
github.com/fredrick-karuri/nativestream/packages/discovery/extractor.go:122.16,124.3 1 0
github.com/fredrick-karuri/nativestream/packages/discovery/extractor.go:126.2,130.29 4 0
github.com/fredrick-karuri/nativestream/packages/discovery/extractor.go:130.29,132.41 2 0
github.com/fredrick-karuri/nativestream/packages/discovery/extractor.go:132.41,134.12 2 0
github.com/fredrick-karuri/nativestream/packages/discovery/extractor.go:136.3,136.73 1 0
github.com/fredrick-karuri/nativestream/packages/discovery/extractor.go:136.73,144.4 2 0
github.com/fredrick-karuri/nativestream/packages/discovery/extractor.go:148.2,148.61 1 0
github.com/fredrick-karuri/nativestream/packages/discovery/extractor.go:148.61,150.25 2 0
github.com/fredrick-karuri/nativestream/packages/discovery/extractor.go:150.25,151.20 1 0
github.com/fredrick-karuri/nativestream/packages/discovery/extractor.go:151.20,153.10 2 0
github.com/fredrick-karuri/nativestream/packages/discovery/extractor.go:156.3,156.15 1 0
github.com/fredrick-karuri/nativestream/packages/discovery/extractor.go:156.15,162.4 1 0
github.com/fredrick-karuri/nativestream/packages/discovery/extractor.go:165.2,165.12 1 0
github.com/fredrick-karuri/nativestream/packages/discovery/extractor.go:169.45,171.13 2 1
github.com/fredrick-karuri/nativestream/packages/discovery/extractor.go:171.13,173.3 1 0
github.com/fredrick-karuri/nativestream/packages/discovery/extractor.go:174.2,175.15 2 1
github.com/fredrick-karuri/nativestream/packages/discovery/extractor.go:175.15,177.3 1 1
github.com/fredrick-karuri/nativestream/packages/discovery/extractor.go:179.2,179.64 1 1
github.com/fredrick-karuri/nativestream/packages/discovery/extractor.go:179.64,181.3 1 0
github.com/fredrick-karuri/nativestream/packages/discovery/extractor.go:182.2,183.21 2 1
github.com/fredrick-karuri/nativestream/packages/discovery/extractor.go:183.21,185.3 1 1
github.com/fredrick-karuri/nativestream/packages/discovery/extractor.go:187.2,187.60 1 1
github.com/fredrick-karuri/nativestream/packages/discovery/extractor.go:187.60,189.3 1 0
github.com/fredrick-karuri/nativestream/packages/discovery/extractor.go:190.2,190.43 1 1
github.com/fredrick-karuri/nativestream/packages/discovery/matcher.go:14.55,16.2 1 1
github.com/fredrick-karuri/nativestream/packages/discovery/matcher.go:20.60,24.30 3 1
github.com/fredrick-karuri/nativestream/packages/discovery/matcher.go:24.30,25.34 1 1
github.com/fredrick-karuri/nativestream/packages/discovery/matcher.go:25.34,26.16 1 1
github.com/fredrick-karuri/nativestream/packages/discovery/matcher.go:26.16,27.13 1 0
github.com/fredrick-karuri/nativestream/packages/discovery/matcher.go:29.4,29.55 1 1
github.com/fredrick-karuri/nativestream/packages/discovery/matcher.go:29.55,31.5 1 1
github.com/fredrick-karuri/nativestream/packages/discovery/matcher.go:34.3,36.34 3 1
github.com/fredrick-karuri/nativestream/packages/discovery/matcher.go:36.34,37.58 1 1
github.com/fredrick-karuri/nativestream/packages/discovery/matcher.go:37.58,39.5 1 1
github.com/fredrick-karuri/nativestream/packages/discovery/matcher.go:41.3,41.66 1 1
github.com/fredrick-karuri/nativestream/packages/discovery/matcher.go:41.66,43.4 1 1
github.com/fredrick-karuri/nativestream/packages/discovery/matcher.go:46.2,46.11 1 1
github.com/fredrick-karuri/nativestream/packages/discovery/matcher.go:49.73,51.14 2 0
github.com/fredrick-karuri/nativestream/packages/discovery/matcher.go:51.14,53.3 1 0
github.com/fredrick-karuri/nativestream/packages/discovery/matcher.go:56.2,56.39 1 0
github.com/fredrick-karuri/nativestream/packages/discovery/matcher.go:56.39,58.3 1 0
github.com/fredrick-karuri/nativestream/packages/discovery/matcher.go:60.2,69.11 3 0
github.com/fredrick-karuri/nativestream/packages/discovery/matcher.go:72.34,76.2 3 0
github.com/fredrick-karuri/nativestream/packages/discovery/crawlers/direct_m3u.go:28.59,36.2 1 0
github.com/fredrick-karuri/nativestream/packages/discovery/crawlers/direct_m3u.go:38.42,38.65 1 0
github.com/fredrick-karuri/nativestream/packages/discovery/crawlers/direct_m3u.go:40.84,47.29 2 0
github.com/fredrick-karuri/nativestream/packages/discovery/crawlers/direct_m3u.go:47.29,49.21 2 0
github.com/fredrick-karuri/nativestream/packages/discovery/crawlers/direct_m3u.go:49.21,55.17 5 0
github.com/fredrick-karuri/nativestream/packages/discovery/crawlers/direct_m3u.go:55.17,57.5 1 0
github.com/fredrick-karuri/nativestream/packages/discovery/crawlers/direct_m3u.go:59.4,61.18 3 0
github.com/fredrick-karuri/nativestream/packages/discovery/crawlers/direct_m3u.go:61.18,65.5 3 0
github.com/fredrick-karuri/nativestream/packages/discovery/crawlers/direct_m3u.go:66.4,69.19 3 0
github.com/fredrick-karuri/nativestream/packages/discovery/crawlers/direct_m3u.go:69.19,73.5 3 0
github.com/fredrick-karuri/nativestream/packages/discovery/crawlers/direct_m3u.go:77.2,78.19 2 0
github.com/fredrick-karuri/nativestream/packages/discovery/crawlers/direct_m3u.go:81.98,83.16 2 0
github.com/fredrick-karuri/nativestream/packages/discovery/crawlers/direct_m3u.go:83.16,85.3 1 0
github.com/fredrick-karuri/nativestream/packages/discovery/crawlers/direct_m3u.go:86.2,90.38 3 0
github.com/fredrick-karuri/nativestream/packages/discovery/crawlers/direct_m3u.go:90.38,92.3 1 0
github.com/fredrick-karuri/nativestream/packages/discovery/crawlers/direct_m3u.go:93.2,93.36 1 0
github.com/fredrick-karuri/nativestream/packages/discovery/crawlers/direct_m3u.go:93.36,95.3 1 0
github.com/fredrick-karuri/nativestream/packages/discovery/crawlers/direct_m3u.go:96.2,99.16 3 0
github.com/fredrick-karuri/nativestream/packages/discovery/crawlers/direct_m3u.go:99.16,101.3 1 0
github.com/fredrick-karuri/nativestream/packages/discovery/crawlers/direct_m3u.go:102.2,102.15 1 0
github.com/fredrick-karuri/nativestream/packages/discovery/crawlers/direct_m3u.go:102.15,103.45 1 0
github.com/fredrick-karuri/nativestream/packages/discovery/crawlers/direct_m3u.go:103.45,105.4 1 0
github.com/fredrick-karuri/nativestream/packages/discovery/crawlers/direct_m3u.go:108.2,108.47 1 0
github.com/fredrick-karuri/nativestream/packages/discovery/crawlers/direct_m3u.go:108.47,110.3 1 0
github.com/fredrick-karuri/nativestream/packages/discovery/crawlers/direct_m3u.go:111.2,111.38 1 0
github.com/fredrick-karuri/nativestream/packages/discovery/crawlers/direct_m3u.go:111.38,113.3 1 0
github.com/fredrick-karuri/nativestream/packages/discovery/crawlers/direct_m3u.go:116.2,117.49 2 0
github.com/fredrick-karuri/nativestream/packages/discovery/crawlers/direct_m3u.go:117.49,119.3 1 0
github.com/fredrick-karuri/nativestream/packages/discovery/crawlers/direct_m3u.go:120.2,120.54 1 0
github.com/fredrick-karuri/nativestream/packages/discovery/crawlers/direct_m3u.go:120.54,122.3 1 0
github.com/fredrick-karuri/nativestream/packages/discovery/crawlers/direct_m3u.go:123.2,126.16 3 0
github.com/fredrick-karuri/nativestream/packages/discovery/crawlers/direct_m3u.go:126.16,128.3 1 0
github.com/fredrick-karuri/nativestream/packages/discovery/crawlers/direct_m3u.go:130.2,134.8 1 0
github.com/fredrick-karuri/nativestream/packages/discovery/crawlers/gist.go:29.66,37.2 1 0
github.com/fredrick-karuri/nativestream/packages/discovery/crawlers/gist.go:39.37,39.54 1 0
github.com/fredrick-karuri/nativestream/packages/discovery/crawlers/gist.go:41.79,48.31 2 0
github.com/fredrick-karuri/nativestream/packages/discovery/crawlers/gist.go:48.31,50.26 2 0
github.com/fredrick-karuri/nativestream/packages/discovery/crawlers/gist.go:50.26,56.17 5 0
github.com/fredrick-karuri/nativestream/packages/discovery/crawlers/gist.go:56.17,58.5 1 0
github.com/fredrick-karuri/nativestream/packages/discovery/crawlers/gist.go:60.4,62.18 3 0
github.com/fredrick-karuri/nativestream/packages/discovery/crawlers/gist.go:62.18,66.5 3 0
github.com/fredrick-karuri/nativestream/packages/discovery/crawlers/gist.go:67.4,72.15 5 0
github.com/fredrick-karuri/nativestream/packages/discovery/crawlers/gist.go:76.2,77.19 2 0
github.com/fredrick-karuri/nativestream/packages/discovery/crawlers/gist.go:90.94,94.16 3 0
github.com/fredrick-karuri/nativestream/packages/discovery/crawlers/gist.go:94.16,96.3 1 0
github.com/fredrick-karuri/nativestream/packages/discovery/crawlers/gist.go:97.2,99.19 3 0
github.com/fredrick-karuri/nativestream/packages/discovery/crawlers/gist.go:99.19,101.3 1 0
github.com/fredrick-karuri/nativestream/packages/discovery/crawlers/gist.go:104.2,105.36 2 0
github.com/fredrick-karuri/nativestream/packages/discovery/crawlers/gist.go:105.36,107.3 1 0
github.com/fredrick-karuri/nativestream/packages/discovery/crawlers/gist.go:108.2,111.16 3 0
github.com/fredrick-karuri/nativestream/packages/discovery/crawlers/gist.go:111.16,113.3 1 0
github.com/fredrick-karuri/nativestream/packages/discovery/crawlers/gist.go:114.2,114.15 1 0
github.com/fredrick-karuri/nativestream/packages/discovery/crawlers/gist.go:114.15,115.45 1 0
github.com/fredrick-karuri/nativestream/packages/discovery/crawlers/gist.go:115.45,117.4 1 0
github.com/fredrick-karuri/nativestream/packages/discovery/crawlers/gist.go:121.2,121.77 1 0
github.com/fredrick-karuri/nativestream/packages/discovery/crawlers/gist.go:121.77,123.3 1 0
github.com/fredrick-karuri/nativestream/packages/discovery/crawlers/gist.go:125.2,125.47 1 0
github.com/fredrick-karuri/nativestream/packages/discovery/crawlers/gist.go:125.47,127.3 1 0
github.com/fredrick-karuri/nativestream/packages/discovery/crawlers/gist.go:128.2,128.38 1 0
github.com/fredrick-karuri/nativestream/packages/discovery/crawlers/gist.go:128.38,130.3 1 0
github.com/fredrick-karuri/nativestream/packages/discovery/crawlers/gist.go:132.2,133.65 2 0
github.com/fredrick-karuri/nativestream/packages/discovery/crawlers/gist.go:133.65,135.3 1 0
github.com/fredrick-karuri/nativestream/packages/discovery/crawlers/gist.go:138.2,138.68 1 0
github.com/fredrick-karuri/nativestream/packages/discovery/crawlers/gist.go:138.68,142.3 3 0
github.com/fredrick-karuri/nativestream/packages/discovery/crawlers/gist.go:145.2,146.34 2 0
github.com/fredrick-karuri/nativestream/packages/discovery/crawlers/gist.go:146.34,147.24 1 0
github.com/fredrick-karuri/nativestream/packages/discovery/crawlers/gist.go:147.24,148.12 1 0
github.com/fredrick-karuri/nativestream/packages/discovery/crawlers/gist.go:150.3,151.17 2 0
github.com/fredrick-karuri/nativestream/packages/discovery/crawlers/gist.go:151.17,152.12 1 0
github.com/fredrick-karuri/nativestream/packages/discovery/crawlers/gist.go:154.3,158.5 1 0
github.com/fredrick-karuri/nativestream/packages/discovery/crawlers/gist.go:161.2,161.19 1 0
github.com/fredrick-karuri/nativestream/packages/discovery/crawlers/gist.go:164.81,166.16 2 0
github.com/fredrick-karuri/nativestream/packages/discovery/crawlers/gist.go:166.16,168.3 1 0
github.com/fredrick-karuri/nativestream/packages/discovery/crawlers/gist.go:169.2,172.16 3 0
github.com/fredrick-karuri/nativestream/packages/discovery/crawlers/gist.go:172.16,174.3 1 0
github.com/fredrick-karuri/nativestream/packages/discovery/crawlers/gist.go:175.2,175.15 1 0
github.com/fredrick-karuri/nativestream/packages/discovery/crawlers/gist.go:175.15,176.45 1 0
github.com/fredrick-karuri/nativestream/packages/discovery/crawlers/gist.go:176.45,178.4 1 0
github.com/fredrick-karuri/nativestream/packages/discovery/crawlers/gist.go:181.2,182.26 2 0
github.com/fredrick-karuri/nativestream/packages/discovery/crawlers/local_script.go:25.61,27.2 1 1
github.com/fredrick-karuri/nativestream/packages/discovery/crawlers/local_script.go:29.44,29.77 1 1
github.com/fredrick-karuri/nativestream/packages/discovery/crawlers/local_script.go:42.100,44.57 1 1
github.com/fredrick-karuri/nativestream/packages/discovery/crawlers/local_script.go:44.57,47.3 2 1
github.com/fredrick-karuri/nativestream/packages/discovery/crawlers/local_script.go:50.2,54.36 4 1
github.com/fredrick-karuri/nativestream/packages/discovery/crawlers/local_script.go:55.13,56.26 1 1
github.com/fredrick-karuri/nativestream/packages/discovery/crawlers/local_script.go:57.10,58.28 1 0
github.com/fredrick-karuri/nativestream/packages/discovery/crawlers/local_script.go:60.2,64.16 4 1
github.com/fredrick-karuri/nativestream/packages/discovery/crawlers/local_script.go:64.16,66.3 1 0
github.com/fredrick-karuri/nativestream/packages/discovery/crawlers/local_script.go:69.2,70.55 2 1
github.com/fredrick-karuri/nativestream/packages/discovery/crawlers/local_script.go:70.55,72.3 1 0
github.com/fredrick-karuri/nativestream/packages/discovery/crawlers/local_script.go:74.2,75.29 2 1
github.com/fredrick-karuri/nativestream/packages/discovery/crawlers/local_script.go:75.29,85.3 1 1
github.com/fredrick-karuri/nativestream/packages/discovery/crawlers/local_script.go:87.2,88.24 2 1
github.com/fredrick-karuri/nativestream/packages/discovery/crawlers/reddit.go:27.59,34.2 1 0
github.com/fredrick-karuri/nativestream/packages/discovery/crawlers/reddit.go:36.39,36.58 1 0
github.com/fredrick-karuri/nativestream/packages/discovery/crawlers/reddit.go:38.81,45.35 2 0
github.com/fredrick-karuri/nativestream/packages/discovery/crawlers/reddit.go:45.35,47.29 2 0
github.com/fredrick-karuri/nativestream/packages/discovery/crawlers/reddit.go:47.29,53.17 5 0
github.com/fredrick-karuri/nativestream/packages/discovery/crawlers/reddit.go:53.17,55.5 1 0
github.com/fredrick-karuri/nativestream/packages/discovery/crawlers/reddit.go:58.4,62.18 4 0
github.com/fredrick-karuri/nativestream/packages/discovery/crawlers/reddit.go:62.18,66.5 3 0
github.com/fredrick-karuri/nativestream/packages/discovery/crawlers/reddit.go:67.4,72.15 5 0
github.com/fredrick-karuri/nativestream/packages/discovery/crawlers/reddit.go:76.2,77.19 2 0
github.com/fredrick-karuri/nativestream/packages/discovery/crawlers/reddit.go:94.102,100.20 5 0
github.com/fredrick-karuri/nativestream/packages/discovery/crawlers/reddit.go:100.20,102.3 1 0
github.com/fredrick-karuri/nativestream/packages/discovery/crawlers/reddit.go:104.2,105.16 2 0
github.com/fredrick-karuri/nativestream/packages/discovery/crawlers/reddit.go:105.16,107.3 1 0
github.com/fredrick-karuri/nativestream/packages/discovery/crawlers/reddit.go:108.2,111.16 3 0
github.com/fredrick-karuri/nativestream/packages/discovery/crawlers/reddit.go:111.16,113.3 1 0
github.com/fredrick-karuri/nativestream/packages/discovery/crawlers/reddit.go:114.2,114.15 1 0
github.com/fredrick-karuri/nativestream/packages/discovery/crawlers/reddit.go:114.15,115.45 1 0
github.com/fredrick-karuri/nativestream/packages/discovery/crawlers/reddit.go:115.45,117.4 1 0
github.com/fredrick-karuri/nativestream/packages/discovery/crawlers/reddit.go:120.2,120.51 1 0
github.com/fredrick-karuri/nativestream/packages/discovery/crawlers/reddit.go:120.51,122.3 1 0
github.com/fredrick-karuri/nativestream/packages/discovery/crawlers/reddit.go:123.2,123.38 1 0
github.com/fredrick-karuri/nativestream/packages/discovery/crawlers/reddit.go:123.38,125.3 1 0
github.com/fredrick-karuri/nativestream/packages/discovery/crawlers/reddit.go:127.2,128.16 2 0
github.com/fredrick-karuri/nativestream/packages/discovery/crawlers/reddit.go:128.16,130.3 1 0
github.com/fredrick-karuri/nativestream/packages/discovery/crawlers/reddit.go:132.2,133.55 2 0
github.com/fredrick-karuri/nativestream/packages/discovery/crawlers/reddit.go:133.55,135.3 1 0
github.com/fredrick-karuri/nativestream/packages/discovery/crawlers/reddit.go:137.2,140.46 3 0
github.com/fredrick-karuri/nativestream/packages/discovery/crawlers/reddit.go:140.46,142.13 2 0
github.com/fredrick-karuri/nativestream/packages/discovery/crawlers/reddit.go:142.13,144.4 1 0
github.com/fredrick-karuri/nativestream/packages/discovery/crawlers/reddit.go:146.3,152.5 3 0
github.com/fredrick-karuri/nativestream/packages/discovery/crawlers/reddit.go:155.2,155.22 1 0
github.com/fredrick-karuri/nativestream/packages/discovery/crawlers/reddit.go:155.22,159.3 3 0
github.com/fredrick-karuri/nativestream/packages/discovery/crawlers/reddit.go:161.2,161.19 1 0
github.com/fredrick-karuri/nativestream/packages/discovery/crawlers/telegram.go:33.61,39.2 1 0
github.com/fredrick-karuri/nativestream/packages/discovery/crawlers/telegram.go:41.41,41.62 1 0
github.com/fredrick-karuri/nativestream/packages/discovery/crawlers/telegram.go:43.83,50.32 2 0
github.com/fredrick-karuri/nativestream/packages/discovery/crawlers/telegram.go:50.32,52.27 2 0
github.com/fredrick-karuri/nativestream/packages/discovery/crawlers/telegram.go:52.27,58.17 5 0
github.com/fredrick-karuri/nativestream/packages/discovery/crawlers/telegram.go:58.17,60.5 1 0
github.com/fredrick-karuri/nativestream/packages/discovery/crawlers/telegram.go:62.4,64.18 3 0
github.com/fredrick-karuri/nativestream/packages/discovery/crawlers/telegram.go:64.18,68.5 3 0
github.com/fredrick-karuri/nativestream/packages/discovery/crawlers/telegram.go:69.4,74.15 5 0
github.com/fredrick-karuri/nativestream/packages/discovery/crawlers/telegram.go:78.2,79.19 2 0
github.com/fredrick-karuri/nativestream/packages/discovery/crawlers/telegram.go:82.106,88.16 4 0
github.com/fredrick-karuri/nativestream/packages/discovery/crawlers/telegram.go:88.16,90.3 1 0
github.com/fredrick-karuri/nativestream/packages/discovery/crawlers/telegram.go:91.2,95.16 4 0
github.com/fredrick-karuri/nativestream/packages/discovery/crawlers/telegram.go:95.16,97.3 1 0
github.com/fredrick-karuri/nativestream/packages/discovery/crawlers/telegram.go:98.2,98.15 1 0
github.com/fredrick-karuri/nativestream/packages/discovery/crawlers/telegram.go:98.15,99.45 1 0
github.com/fredrick-karuri/nativestream/packages/discovery/crawlers/telegram.go:99.45,101.4 1 0
github.com/fredrick-karuri/nativestream/packages/discovery/crawlers/telegram.go:104.2,104.38 1 0
github.com/fredrick-karuri/nativestream/packages/discovery/crawlers/telegram.go:104.38,106.3 1 0
github.com/fredrick-karuri/nativestream/packages/discovery/crawlers/telegram.go:108.2,109.16 2 0
github.com/fredrick-karuri/nativestream/packages/discovery/crawlers/telegram.go:109.16,111.3 1 0
github.com/fredrick-karuri/nativestream/packages/discovery/crawlers/telegram.go:114.2,116.28 3 0
github.com/fredrick-karuri/nativestream/packages/discovery/crawlers/telegram.go:116.28,117.17 1 0
github.com/fredrick-karuri/nativestream/packages/discovery/crawlers/telegram.go:117.17,118.12 1 0
github.com/fredrick-karuri/nativestream/packages/discovery/crawlers/telegram.go:121.3,123.17 3 0
github.com/fredrick-karuri/nativestream/packages/discovery/crawlers/telegram.go:123.17,124.12 1 0
github.com/fredrick-karuri/nativestream/packages/discovery/crawlers/telegram.go:126.3,130.5 1 0
github.com/fredrick-karuri/nativestream/packages/discovery/crawlers/telegram.go:133.2,133.19 1 0
