mode: set
github.com/fredrick-karuri/nativestream/sdk-gen/go/stream/v1/api.pb.go:39.34,44.2 4 0
github.com/fredrick-karuri/nativestream/sdk-gen/go/stream/v1/api.pb.go:46.42,48.2 1 0
github.com/fredrick-karuri/nativestream/sdk-gen/go/stream/v1/api.pb.go:50.40,50.41 0 0
github.com/fredrick-karuri/nativestream/sdk-gen/go/stream/v1/api.pb.go:52.62,54.14 2 0
github.com/fredrick-karuri/nativestream/sdk-gen/go/stream/v1/api.pb.go:54.14,56.34 2 0
github.com/fredrick-karuri/nativestream/sdk-gen/go/stream/v1/api.pb.go:56.34,58.4 1 0
github.com/fredrick-karuri/nativestream/sdk-gen/go/stream/v1/api.pb.go:59.3,59.12 1 0
github.com/fredrick-karuri/nativestream/sdk-gen/go/stream/v1/api.pb.go:61.2,61.24 1 0
github.com/fredrick-karuri/nativestream/sdk-gen/go/stream/v1/api.pb.go:65.53,67.2 1 0
github.com/fredrick-karuri/nativestream/sdk-gen/go/stream/v1/api.pb.go:69.45,70.14 1 0
github.com/fredrick-karuri/nativestream/sdk-gen/go/stream/v1/api.pb.go:70.14,72.3 1 0
github.com/fredrick-karuri/nativestream/sdk-gen/go/stream/v1/api.pb.go:73.2,73.11 1 0
github.com/fredrick-karuri/nativestream/sdk-gen/go/stream/v1/api.pb.go:76.45,77.14 1 0
github.com/fredrick-karuri/nativestream/sdk-gen/go/stream/v1/api.pb.go:77.14,79.3 1 0
github.com/fredrick-karuri/nativestream/sdk-gen/go/stream/v1/api.pb.go:80.2,80.11 1 0
github.com/fredrick-karuri/nativestream/sdk-gen/go/stream/v1/api.pb.go:83.46,84.35 1 0
github.com/fredrick-karuri/nativestream/sdk-gen/go/stream/v1/api.pb.go:84.35,86.3 1 0
github.com/fredrick-karuri/nativestream/sdk-gen/go/stream/v1/api.pb.go:87.2,87.10 1 0
github.com/fredrick-karuri/nativestream/sdk-gen/go/stream/v1/api.pb.go:90.45,91.34 1 0
github.com/fredrick-karuri/nativestream/sdk-gen/go/stream/v1/api.pb.go:91.34,93.3 1 0
github.com/fredrick-karuri/nativestream/sdk-gen/go/stream/v1/api.pb.go:94.2,94.10 1 0
github.com/fredrick-karuri/nativestream/sdk-gen/go/stream/v1/api.pb.go:97.64,98.14 1 0
github.com/fredrick-karuri/nativestream/sdk-gen/go/stream/v1/api.pb.go:98.14,100.3 1 0
github.com/fredrick-karuri/nativestream/sdk-gen/go/stream/v1/api.pb.go:101.2,101.12 1 0
github.com/fredrick-karuri/nativestream/sdk-gen/go/stream/v1/api.pb.go:104.46,105.14 1 0
github.com/fredrick-karuri/nativestream/sdk-gen/go/stream/v1/api.pb.go:105.14,107.3 1 0
github.com/fredrick-karuri/nativestream/sdk-gen/go/stream/v1/api.pb.go:108.2,108.11 1 0
github.com/fredrick-karuri/nativestream/sdk-gen/go/stream/v1/api.pb.go:111.49,112.37 1 0
github.com/fredrick-karuri/nativestream/sdk-gen/go/stream/v1/api.pb.go:112.37,114.3 1 0
github.com/fredrick-karuri/nativestream/sdk-gen/go/stream/v1/api.pb.go:115.2,115.11 1 0
github.com/fredrick-karuri/nativestream/sdk-gen/go/stream/v1/api.pb.go:118.43,119.31 1 0
github.com/fredrick-karuri/nativestream/sdk-gen/go/stream/v1/api.pb.go:119.31,121.3 1 0
github.com/fredrick-karuri/nativestream/sdk-gen/go/stream/v1/api.pb.go:122.2,122.11 1 0
github.com/fredrick-karuri/nativestream/sdk-gen/go/stream/v1/api.pb.go:140.35,145.2 4 0
github.com/fredrick-karuri/nativestream/sdk-gen/go/stream/v1/api.pb.go:147.43,149.2 1 0
github.com/fredrick-karuri/nativestream/sdk-gen/go/stream/v1/api.pb.go:151.41,151.42 0 0
github.com/fredrick-karuri/nativestream/sdk-gen/go/stream/v1/api.pb.go:153.63,155.14 2 0
github.com/fredrick-karuri/nativestream/sdk-gen/go/stream/v1/api.pb.go:155.14,157.34 2 0
github.com/fredrick-karuri/nativestream/sdk-gen/go/stream/v1/api.pb.go:157.34,159.4 1 0
github.com/fredrick-karuri/nativestream/sdk-gen/go/stream/v1/api.pb.go:160.3,160.12 1 0
github.com/fredrick-karuri/nativestream/sdk-gen/go/stream/v1/api.pb.go:162.2,162.24 1 0
github.com/fredrick-karuri/nativestream/sdk-gen/go/stream/v1/api.pb.go:166.54,168.2 1 0
github.com/fredrick-karuri/nativestream/sdk-gen/go/stream/v1/api.pb.go:170.42,171.14 1 0
github.com/fredrick-karuri/nativestream/sdk-gen/go/stream/v1/api.pb.go:171.14,173.3 1 0
github.com/fredrick-karuri/nativestream/sdk-gen/go/stream/v1/api.pb.go:174.2,174.11 1 0
github.com/fredrick-karuri/nativestream/sdk-gen/go/stream/v1/api.pb.go:177.44,178.14 1 0
github.com/fredrick-karuri/nativestream/sdk-gen/go/stream/v1/api.pb.go:178.14,180.3 1 0
github.com/fredrick-karuri/nativestream/sdk-gen/go/stream/v1/api.pb.go:181.2,181.11 1 0
github.com/fredrick-karuri/nativestream/sdk-gen/go/stream/v1/api.pb.go:184.50,185.14 1 0
github.com/fredrick-karuri/nativestream/sdk-gen/go/stream/v1/api.pb.go:185.14,187.3 1 0
github.com/fredrick-karuri/nativestream/sdk-gen/go/stream/v1/api.pb.go:188.2,188.11 1 0
github.com/fredrick-karuri/nativestream/sdk-gen/go/stream/v1/api.pb.go:191.45,192.14 1 0
github.com/fredrick-karuri/nativestream/sdk-gen/go/stream/v1/api.pb.go:192.14,194.3 1 0
github.com/fredrick-karuri/nativestream/sdk-gen/go/stream/v1/api.pb.go:195.2,195.11 1 0
github.com/fredrick-karuri/nativestream/sdk-gen/go/stream/v1/api.pb.go:198.47,199.14 1 0
github.com/fredrick-karuri/nativestream/sdk-gen/go/stream/v1/api.pb.go:199.14,201.3 1 0
github.com/fredrick-karuri/nativestream/sdk-gen/go/stream/v1/api.pb.go:202.2,202.11 1 0
github.com/fredrick-karuri/nativestream/sdk-gen/go/stream/v1/api.pb.go:205.45,206.14 1 0
github.com/fredrick-karuri/nativestream/sdk-gen/go/stream/v1/api.pb.go:206.14,208.3 1 0
github.com/fredrick-karuri/nativestream/sdk-gen/go/stream/v1/api.pb.go:209.2,209.14 1 0
github.com/fredrick-karuri/nativestream/sdk-gen/go/stream/v1/api.pb.go:212.52,213.14 1 0
github.com/fredrick-karuri/nativestream/sdk-gen/go/stream/v1/api.pb.go:213.14,215.3 1 0
github.com/fredrick-karuri/nativestream/sdk-gen/go/stream/v1/api.pb.go:216.2,216.10 1 0
github.com/fredrick-karuri/nativestream/sdk-gen/go/stream/v1/api.pb.go:219.53,220.14 1 0
github.com/fredrick-karuri/nativestream/sdk-gen/go/stream/v1/api.pb.go:220.14,222.3 1 0
github.com/fredrick-karuri/nativestream/sdk-gen/go/stream/v1/api.pb.go:223.2,223.10 1 0
github.com/fredrick-karuri/nativestream/sdk-gen/go/stream/v1/api.pb.go:226.51,227.14 1 0
github.com/fredrick-karuri/nativestream/sdk-gen/go/stream/v1/api.pb.go:227.14,229.3 1 0
github.com/fredrick-karuri/nativestream/sdk-gen/go/stream/v1/api.pb.go:230.2,230.14 1 0
github.com/fredrick-karuri/nativestream/sdk-gen/go/stream/v1/api.pb.go:240.39,245.2 4 0
github.com/fredrick-karuri/nativestream/sdk-gen/go/stream/v1/api.pb.go:247.47,249.2 1 0
github.com/fredrick-karuri/nativestream/sdk-gen/go/stream/v1/api.pb.go:251.45,251.46 0 0
github.com/fredrick-karuri/nativestream/sdk-gen/go/stream/v1/api.pb.go:253.67,255.14 2 0
github.com/fredrick-karuri/nativestream/sdk-gen/go/stream/v1/api.pb.go:255.14,257.34 2 0
github.com/fredrick-karuri/nativestream/sdk-gen/go/stream/v1/api.pb.go:257.34,259.4 1 0
github.com/fredrick-karuri/nativestream/sdk-gen/go/stream/v1/api.pb.go:260.3,260.12 1 0
github.com/fredrick-karuri/nativestream/sdk-gen/go/stream/v1/api.pb.go:262.2,262.24 1 0
github.com/fredrick-karuri/nativestream/sdk-gen/go/stream/v1/api.pb.go:266.58,268.2 1 0
github.com/fredrick-karuri/nativestream/sdk-gen/go/stream/v1/api.pb.go:270.64,271.14 1 0
github.com/fredrick-karuri/nativestream/sdk-gen/go/stream/v1/api.pb.go:271.14,273.3 1 0
github.com/fredrick-karuri/nativestream/sdk-gen/go/stream/v1/api.pb.go:274.2,274.12 1 0
github.com/fredrick-karuri/nativestream/sdk-gen/go/stream/v1/api.pb.go:291.41,296.2 4 0
github.com/fredrick-karuri/nativestream/sdk-gen/go/stream/v1/api.pb.go:298.49,300.2 1 0
github.com/fredrick-karuri/nativestream/sdk-gen/go/stream/v1/api.pb.go:302.47,302.48 0 0
github.com/fredrick-karuri/nativestream/sdk-gen/go/stream/v1/api.pb.go:304.69,306.14 2 0
github.com/fredrick-karuri/nativestream/sdk-gen/go/stream/v1/api.pb.go:306.14,308.34 2 0
github.com/fredrick-karuri/nativestream/sdk-gen/go/stream/v1/api.pb.go:308.34,310.4 1 0
github.com/fredrick-karuri/nativestream/sdk-gen/go/stream/v1/api.pb.go:311.3,311.12 1 0
github.com/fredrick-karuri/nativestream/sdk-gen/go/stream/v1/api.pb.go:313.2,313.24 1 0
github.com/fredrick-karuri/nativestream/sdk-gen/go/stream/v1/api.pb.go:317.60,319.2 1 0
github.com/fredrick-karuri/nativestream/sdk-gen/go/stream/v1/api.pb.go:321.48,322.14 1 0
github.com/fredrick-karuri/nativestream/sdk-gen/go/stream/v1/api.pb.go:322.14,324.3 1 0
github.com/fredrick-karuri/nativestream/sdk-gen/go/stream/v1/api.pb.go:325.2,325.11 1 0
github.com/fredrick-karuri/nativestream/sdk-gen/go/stream/v1/api.pb.go:328.50,329.14 1 0
github.com/fredrick-karuri/nativestream/sdk-gen/go/stream/v1/api.pb.go:329.14,331.3 1 0
github.com/fredrick-karuri/nativestream/sdk-gen/go/stream/v1/api.pb.go:332.2,332.11 1 0
github.com/fredrick-karuri/nativestream/sdk-gen/go/stream/v1/api.pb.go:335.56,336.14 1 0
github.com/fredrick-karuri/nativestream/sdk-gen/go/stream/v1/api.pb.go:336.14,338.3 1 0
github.com/fredrick-karuri/nativestream/sdk-gen/go/stream/v1/api.pb.go:339.2,339.11 1 0
github.com/fredrick-karuri/nativestream/sdk-gen/go/stream/v1/api.pb.go:342.51,343.14 1 0
github.com/fredrick-karuri/nativestream/sdk-gen/go/stream/v1/api.pb.go:343.14,345.3 1 0
github.com/fredrick-karuri/nativestream/sdk-gen/go/stream/v1/api.pb.go:346.2,346.11 1 0
github.com/fredrick-karuri/nativestream/sdk-gen/go/stream/v1/api.pb.go:349.53,350.14 1 0
github.com/fredrick-karuri/nativestream/sdk-gen/go/stream/v1/api.pb.go:350.14,352.3 1 0
github.com/fredrick-karuri/nativestream/sdk-gen/go/stream/v1/api.pb.go:353.2,353.11 1 0
github.com/fredrick-karuri/nativestream/sdk-gen/go/stream/v1/api.pb.go:356.56,357.14 1 0
github.com/fredrick-karuri/nativestream/sdk-gen/go/stream/v1/api.pb.go:357.14,359.3 1 0
github.com/fredrick-karuri/nativestream/sdk-gen/go/stream/v1/api.pb.go:360.2,360.12 1 0
github.com/fredrick-karuri/nativestream/sdk-gen/go/stream/v1/api.pb.go:363.68,364.14 1 0
github.com/fredrick-karuri/nativestream/sdk-gen/go/stream/v1/api.pb.go:364.14,366.3 1 0
github.com/fredrick-karuri/nativestream/sdk-gen/go/stream/v1/api.pb.go:367.2,367.12 1 0
github.com/fredrick-karuri/nativestream/sdk-gen/go/stream/v1/api.pb.go:370.70,371.14 1 0
github.com/fredrick-karuri/nativestream/sdk-gen/go/stream/v1/api.pb.go:371.14,373.3 1 0
github.com/fredrick-karuri/nativestream/sdk-gen/go/stream/v1/api.pb.go:374.2,374.12 1 0
github.com/fredrick-karuri/nativestream/sdk-gen/go/stream/v1/api.pb.go:390.37,395.2 4 0
github.com/fredrick-karuri/nativestream/sdk-gen/go/stream/v1/api.pb.go:397.45,399.2 1 0
github.com/fredrick-karuri/nativestream/sdk-gen/go/stream/v1/api.pb.go:401.43,401.44 0 0
github.com/fredrick-karuri/nativestream/sdk-gen/go/stream/v1/api.pb.go:403.65,405.14 2 0
github.com/fredrick-karuri/nativestream/sdk-gen/go/stream/v1/api.pb.go:405.14,407.34 2 0
github.com/fredrick-karuri/nativestream/sdk-gen/go/stream/v1/api.pb.go:407.34,409.4 1 0
github.com/fredrick-karuri/nativestream/sdk-gen/go/stream/v1/api.pb.go:410.3,410.12 1 0
github.com/fredrick-karuri/nativestream/sdk-gen/go/stream/v1/api.pb.go:412.2,412.24 1 0
github.com/fredrick-karuri/nativestream/sdk-gen/go/stream/v1/api.pb.go:416.56,418.2 1 0
github.com/fredrick-karuri/nativestream/sdk-gen/go/stream/v1/api.pb.go:420.45,421.14 1 0
github.com/fredrick-karuri/nativestream/sdk-gen/go/stream/v1/api.pb.go:421.14,423.3 1 0
github.com/fredrick-karuri/nativestream/sdk-gen/go/stream/v1/api.pb.go:424.2,424.11 1 0
github.com/fredrick-karuri/nativestream/sdk-gen/go/stream/v1/api.pb.go:427.48,428.14 1 0
github.com/fredrick-karuri/nativestream/sdk-gen/go/stream/v1/api.pb.go:428.14,430.3 1 0
github.com/fredrick-karuri/nativestream/sdk-gen/go/stream/v1/api.pb.go:431.2,431.10 1 0
github.com/fredrick-karuri/nativestream/sdk-gen/go/stream/v1/api.pb.go:434.50,435.14 1 0
github.com/fredrick-karuri/nativestream/sdk-gen/go/stream/v1/api.pb.go:435.14,437.3 1 0
github.com/fredrick-karuri/nativestream/sdk-gen/go/stream/v1/api.pb.go:438.2,438.10 1 0
github.com/fredrick-karuri/nativestream/sdk-gen/go/stream/v1/api.pb.go:441.47,442.14 1 0
github.com/fredrick-karuri/nativestream/sdk-gen/go/stream/v1/api.pb.go:442.14,444.3 1 0
github.com/fredrick-karuri/nativestream/sdk-gen/go/stream/v1/api.pb.go:445.2,445.11 1 0
github.com/fredrick-karuri/nativestream/sdk-gen/go/stream/v1/api.pb.go:448.50,449.14 1 0
github.com/fredrick-karuri/nativestream/sdk-gen/go/stream/v1/api.pb.go:449.14,451.3 1 0
github.com/fredrick-karuri/nativestream/sdk-gen/go/stream/v1/api.pb.go:452.2,452.10 1 0
github.com/fredrick-karuri/nativestream/sdk-gen/go/stream/v1/api.pb.go:455.60,456.14 1 0
github.com/fredrick-karuri/nativestream/sdk-gen/go/stream/v1/api.pb.go:456.14,458.3 1 0
github.com/fredrick-karuri/nativestream/sdk-gen/go/stream/v1/api.pb.go:459.2,459.12 1 0
github.com/fredrick-karuri/nativestream/sdk-gen/go/stream/v1/api.pb.go:462.55,463.40 1 0
github.com/fredrick-karuri/nativestream/sdk-gen/go/stream/v1/api.pb.go:463.40,465.3 1 0
github.com/fredrick-karuri/nativestream/sdk-gen/go/stream/v1/api.pb.go:466.2,466.11 1 0
github.com/fredrick-karuri/nativestream/sdk-gen/go/stream/v1/api.pb.go:485.40,490.2 4 0
github.com/fredrick-karuri/nativestream/sdk-gen/go/stream/v1/api.pb.go:492.48,494.2 1 0
github.com/fredrick-karuri/nativestream/sdk-gen/go/stream/v1/api.pb.go:496.46,496.47 0 0
github.com/fredrick-karuri/nativestream/sdk-gen/go/stream/v1/api.pb.go:498.68,500.14 2 0
github.com/fredrick-karuri/nativestream/sdk-gen/go/stream/v1/api.pb.go:500.14,502.34 2 0
github.com/fredrick-karuri/nativestream/sdk-gen/go/stream/v1/api.pb.go:502.34,504.4 1 0
github.com/fredrick-karuri/nativestream/sdk-gen/go/stream/v1/api.pb.go:505.3,505.12 1 0
github.com/fredrick-karuri/nativestream/sdk-gen/go/stream/v1/api.pb.go:507.2,507.24 1 0
github.com/fredrick-karuri/nativestream/sdk-gen/go/stream/v1/api.pb.go:511.59,513.2 1 0
github.com/fredrick-karuri/nativestream/sdk-gen/go/stream/v1/api.pb.go:515.49,516.14 1 0
github.com/fredrick-karuri/nativestream/sdk-gen/go/stream/v1/api.pb.go:516.14,518.3 1 0
github.com/fredrick-karuri/nativestream/sdk-gen/go/stream/v1/api.pb.go:519.2,519.11 1 0
github.com/fredrick-karuri/nativestream/sdk-gen/go/stream/v1/api.pb.go:522.55,523.14 1 0
github.com/fredrick-karuri/nativestream/sdk-gen/go/stream/v1/api.pb.go:523.14,525.3 1 0
github.com/fredrick-karuri/nativestream/sdk-gen/go/stream/v1/api.pb.go:526.2,526.11 1 0
github.com/fredrick-karuri/nativestream/sdk-gen/go/stream/v1/api.pb.go:529.50,530.14 1 0
github.com/fredrick-karuri/nativestream/sdk-gen/go/stream/v1/api.pb.go:530.14,532.3 1 0
github.com/fredrick-karuri/nativestream/sdk-gen/go/stream/v1/api.pb.go:533.2,533.11 1 0
github.com/fredrick-karuri/nativestream/sdk-gen/go/stream/v1/api.pb.go:536.52,537.14 1 0
github.com/fredrick-karuri/nativestream/sdk-gen/go/stream/v1/api.pb.go:537.14,539.3 1 0
github.com/fredrick-karuri/nativestream/sdk-gen/go/stream/v1/api.pb.go:540.2,540.11 1 0
github.com/fredrick-karuri/nativestream/sdk-gen/go/stream/v1/api.pb.go:543.54,544.14 1 0
github.com/fredrick-karuri/nativestream/sdk-gen/go/stream/v1/api.pb.go:544.14,546.3 1 0
github.com/fredrick-karuri/nativestream/sdk-gen/go/stream/v1/api.pb.go:547.2,547.11 1 0
github.com/fredrick-karuri/nativestream/sdk-gen/go/stream/v1/api.pb.go:550.55,551.14 1 0
github.com/fredrick-karuri/nativestream/sdk-gen/go/stream/v1/api.pb.go:551.14,553.3 1 0
github.com/fredrick-karuri/nativestream/sdk-gen/go/stream/v1/api.pb.go:554.2,554.12 1 0
github.com/fredrick-karuri/nativestream/sdk-gen/go/stream/v1/api.pb.go:557.69,558.14 1 0
github.com/fredrick-karuri/nativestream/sdk-gen/go/stream/v1/api.pb.go:558.14,560.3 1 0
github.com/fredrick-karuri/nativestream/sdk-gen/go/stream/v1/api.pb.go:561.2,561.12 1 0
github.com/fredrick-karuri/nativestream/sdk-gen/go/stream/v1/api.pb.go:575.40,580.2 4 0
github.com/fredrick-karuri/nativestream/sdk-gen/go/stream/v1/api.pb.go:582.48,584.2 1 0
github.com/fredrick-karuri/nativestream/sdk-gen/go/stream/v1/api.pb.go:586.46,586.47 0 0
github.com/fredrick-karuri/nativestream/sdk-gen/go/stream/v1/api.pb.go:588.68,590.14 2 0
github.com/fredrick-karuri/nativestream/sdk-gen/go/stream/v1/api.pb.go:590.14,592.34 2 0
github.com/fredrick-karuri/nativestream/sdk-gen/go/stream/v1/api.pb.go:592.34,594.4 1 0
github.com/fredrick-karuri/nativestream/sdk-gen/go/stream/v1/api.pb.go:595.3,595.12 1 0
github.com/fredrick-karuri/nativestream/sdk-gen/go/stream/v1/api.pb.go:597.2,597.24 1 0
github.com/fredrick-karuri/nativestream/sdk-gen/go/stream/v1/api.pb.go:601.59,603.2 1 0
github.com/fredrick-karuri/nativestream/sdk-gen/go/stream/v1/api.pb.go:605.49,606.31 1 0
github.com/fredrick-karuri/nativestream/sdk-gen/go/stream/v1/api.pb.go:606.31,608.3 1 0
github.com/fredrick-karuri/nativestream/sdk-gen/go/stream/v1/api.pb.go:609.2,609.11 1 0
github.com/fredrick-karuri/nativestream/sdk-gen/go/stream/v1/api.pb.go:612.55,613.37 1 0
github.com/fredrick-karuri/nativestream/sdk-gen/go/stream/v1/api.pb.go:613.37,615.3 1 0
github.com/fredrick-karuri/nativestream/sdk-gen/go/stream/v1/api.pb.go:616.2,616.11 1 0
github.com/fredrick-karuri/nativestream/sdk-gen/go/stream/v1/api.pb.go:619.54,620.36 1 0
github.com/fredrick-karuri/nativestream/sdk-gen/go/stream/v1/api.pb.go:620.36,622.3 1 0
github.com/fredrick-karuri/nativestream/sdk-gen/go/stream/v1/api.pb.go:623.2,623.11 1 0
github.com/fredrick-karuri/nativestream/sdk-gen/go/stream/v1/api.pb.go:626.55,627.14 1 0
github.com/fredrick-karuri/nativestream/sdk-gen/go/stream/v1/api.pb.go:627.14,629.3 1 0
github.com/fredrick-karuri/nativestream/sdk-gen/go/stream/v1/api.pb.go:630.2,630.12 1 0
github.com/fredrick-karuri/nativestream/sdk-gen/go/stream/v1/api.pb.go:633.69,634.14 1 0
github.com/fredrick-karuri/nativestream/sdk-gen/go/stream/v1/api.pb.go:634.14,636.3 1 0
github.com/fredrick-karuri/nativestream/sdk-gen/go/stream/v1/api.pb.go:637.2,637.12 1 0
github.com/fredrick-karuri/nativestream/sdk-gen/go/stream/v1/api.pb.go:647.34,652.2 4 0
github.com/fredrick-karuri/nativestream/sdk-gen/go/stream/v1/api.pb.go:654.42,656.2 1 0
github.com/fredrick-karuri/nativestream/sdk-gen/go/stream/v1/api.pb.go:658.40,658.41 0 0
github.com/fredrick-karuri/nativestream/sdk-gen/go/stream/v1/api.pb.go:660.62,662.14 2 0
github.com/fredrick-karuri/nativestream/sdk-gen/go/stream/v1/api.pb.go:662.14,664.34 2 0
github.com/fredrick-karuri/nativestream/sdk-gen/go/stream/v1/api.pb.go:664.34,666.4 1 0
github.com/fredrick-karuri/nativestream/sdk-gen/go/stream/v1/api.pb.go:667.3,667.12 1 0
github.com/fredrick-karuri/nativestream/sdk-gen/go/stream/v1/api.pb.go:669.2,669.24 1 0
github.com/fredrick-karuri/nativestream/sdk-gen/go/stream/v1/api.pb.go:673.53,675.2 1 0
github.com/fredrick-karuri/nativestream/sdk-gen/go/stream/v1/api.pb.go:677.45,678.14 1 0
github.com/fredrick-karuri/nativestream/sdk-gen/go/stream/v1/api.pb.go:678.14,680.3 1 0
github.com/fredrick-karuri/nativestream/sdk-gen/go/stream/v1/api.pb.go:681.2,681.11 1 0
github.com/fredrick-karuri/nativestream/sdk-gen/go/stream/v1/api.pb.go:691.33,696.2 4 0
github.com/fredrick-karuri/nativestream/sdk-gen/go/stream/v1/api.pb.go:698.41,700.2 1 0
github.com/fredrick-karuri/nativestream/sdk-gen/go/stream/v1/api.pb.go:702.39,702.40 0 0
github.com/fredrick-karuri/nativestream/sdk-gen/go/stream/v1/api.pb.go:704.61,706.14 2 0
github.com/fredrick-karuri/nativestream/sdk-gen/go/stream/v1/api.pb.go:706.14,708.34 2 0
github.com/fredrick-karuri/nativestream/sdk-gen/go/stream/v1/api.pb.go:708.34,710.4 1 0
github.com/fredrick-karuri/nativestream/sdk-gen/go/stream/v1/api.pb.go:711.3,711.12 1 0
github.com/fredrick-karuri/nativestream/sdk-gen/go/stream/v1/api.pb.go:713.2,713.24 1 0
github.com/fredrick-karuri/nativestream/sdk-gen/go/stream/v1/api.pb.go:717.52,719.2 1 0
github.com/fredrick-karuri/nativestream/sdk-gen/go/stream/v1/api.pb.go:721.43,722.14 1 0
github.com/fredrick-karuri/nativestream/sdk-gen/go/stream/v1/api.pb.go:722.14,724.3 1 0
github.com/fredrick-karuri/nativestream/sdk-gen/go/stream/v1/api.pb.go:725.2,725.11 1 0
github.com/fredrick-karuri/nativestream/sdk-gen/go/stream/v1/api.pb.go:830.52,831.49 1 0
github.com/fredrick-karuri/nativestream/sdk-gen/go/stream/v1/api.pb.go:831.49,833.3 1 0
github.com/fredrick-karuri/nativestream/sdk-gen/go/stream/v1/api.pb.go:834.2,834.45 1 0
github.com/fredrick-karuri/nativestream/sdk-gen/go/stream/v1/api.pb.go:868.13,868.48 1 0
github.com/fredrick-karuri/nativestream/sdk-gen/go/stream/v1/api.pb.go:869.38,870.37 1 0
github.com/fredrick-karuri/nativestream/sdk-gen/go/stream/v1/api.pb.go:870.37,872.3 1 0
github.com/fredrick-karuri/nativestream/sdk-gen/go/stream/v1/api.pb.go:873.2,893.40 9 0
github.com/fredrick-karuri/nativestream/sdk-gen/go/stream/v1/config.pb.go:32.39,37.2 4 0
github.com/fredrick-karuri/nativestream/sdk-gen/go/stream/v1/config.pb.go:39.47,41.2 1 0
github.com/fredrick-karuri/nativestream/sdk-gen/go/stream/v1/config.pb.go:43.45,43.46 0 0
github.com/fredrick-karuri/nativestream/sdk-gen/go/stream/v1/config.pb.go:45.67,47.14 2 0
github.com/fredrick-karuri/nativestream/sdk-gen/go/stream/v1/config.pb.go:47.14,49.34 2 0
github.com/fredrick-karuri/nativestream/sdk-gen/go/stream/v1/config.pb.go:49.34,51.4 1 0
github.com/fredrick-karuri/nativestream/sdk-gen/go/stream/v1/config.pb.go:52.3,52.12 1 0
github.com/fredrick-karuri/nativestream/sdk-gen/go/stream/v1/config.pb.go:54.2,54.24 1 0
github.com/fredrick-karuri/nativestream/sdk-gen/go/stream/v1/config.pb.go:58.58,60.2 1 0
github.com/fredrick-karuri/nativestream/sdk-gen/go/stream/v1/config.pb.go:62.49,63.14 1 0
github.com/fredrick-karuri/nativestream/sdk-gen/go/stream/v1/config.pb.go:63.14,65.3 1 0
github.com/fredrick-karuri/nativestream/sdk-gen/go/stream/v1/config.pb.go:66.2,66.14 1 0
github.com/fredrick-karuri/nativestream/sdk-gen/go/stream/v1/config.pb.go:77.44,82.2 4 0
github.com/fredrick-karuri/nativestream/sdk-gen/go/stream/v1/config.pb.go:84.52,86.2 1 0
github.com/fredrick-karuri/nativestream/sdk-gen/go/stream/v1/config.pb.go:88.50,88.51 0 0
github.com/fredrick-karuri/nativestream/sdk-gen/go/stream/v1/config.pb.go:90.72,92.14 2 0
github.com/fredrick-karuri/nativestream/sdk-gen/go/stream/v1/config.pb.go:92.14,94.34 2 0
github.com/fredrick-karuri/nativestream/sdk-gen/go/stream/v1/config.pb.go:94.34,96.4 1 0
github.com/fredrick-karuri/nativestream/sdk-gen/go/stream/v1/config.pb.go:97.3,97.12 1 0
github.com/fredrick-karuri/nativestream/sdk-gen/go/stream/v1/config.pb.go:99.2,99.24 1 0
github.com/fredrick-karuri/nativestream/sdk-gen/go/stream/v1/config.pb.go:103.63,105.2 1 0
github.com/fredrick-karuri/nativestream/sdk-gen/go/stream/v1/config.pb.go:107.54,108.14 1 0
github.com/fredrick-karuri/nativestream/sdk-gen/go/stream/v1/config.pb.go:108.14,110.3 1 0
github.com/fredrick-karuri/nativestream/sdk-gen/go/stream/v1/config.pb.go:111.2,111.14 1 0
github.com/fredrick-karuri/nativestream/sdk-gen/go/stream/v1/config.pb.go:122.36,127.2 4 0
github.com/fredrick-karuri/nativestream/sdk-gen/go/stream/v1/config.pb.go:129.44,131.2 1 0
github.com/fredrick-karuri/nativestream/sdk-gen/go/stream/v1/config.pb.go:133.42,133.43 0 0
github.com/fredrick-karuri/nativestream/sdk-gen/go/stream/v1/config.pb.go:135.64,137.14 2 0
github.com/fredrick-karuri/nativestream/sdk-gen/go/stream/v1/config.pb.go:137.14,139.34 2 0
github.com/fredrick-karuri/nativestream/sdk-gen/go/stream/v1/config.pb.go:139.34,141.4 1 0
github.com/fredrick-karuri/nativestream/sdk-gen/go/stream/v1/config.pb.go:142.3,142.12 1 0
github.com/fredrick-karuri/nativestream/sdk-gen/go/stream/v1/config.pb.go:144.2,144.24 1 0
github.com/fredrick-karuri/nativestream/sdk-gen/go/stream/v1/config.pb.go:148.55,150.2 1 0
github.com/fredrick-karuri/nativestream/sdk-gen/go/stream/v1/config.pb.go:152.57,153.14 1 0
github.com/fredrick-karuri/nativestream/sdk-gen/go/stream/v1/config.pb.go:153.14,155.3 1 0
github.com/fredrick-karuri/nativestream/sdk-gen/go/stream/v1/config.pb.go:156.2,156.12 1 0
github.com/fredrick-karuri/nativestream/sdk-gen/go/stream/v1/config.pb.go:178.55,179.52 1 0
github.com/fredrick-karuri/nativestream/sdk-gen/go/stream/v1/config.pb.go:179.52,181.3 1 0
github.com/fredrick-karuri/nativestream/sdk-gen/go/stream/v1/config.pb.go:182.2,182.48 1 0
github.com/fredrick-karuri/nativestream/sdk-gen/go/stream/v1/config.pb.go:201.13,201.51 1 0
github.com/fredrick-karuri/nativestream/sdk-gen/go/stream/v1/config.pb.go:202.41,203.40 1 0
github.com/fredrick-karuri/nativestream/sdk-gen/go/stream/v1/config.pb.go:203.40,205.3 1 0
github.com/fredrick-karuri/nativestream/sdk-gen/go/stream/v1/config.pb.go:206.2,223.43 6 0
github.com/fredrick-karuri/nativestream/sdk-gen/go/stream/v1/control.pb.go:71.42,75.2 3 0
github.com/fredrick-karuri/nativestream/sdk-gen/go/stream/v1/control.pb.go:77.38,79.2 1 0
github.com/fredrick-karuri/nativestream/sdk-gen/go/stream/v1/control.pb.go:81.61,83.2 1 0
github.com/fredrick-karuri/nativestream/sdk-gen/go/stream/v1/control.pb.go:85.49,87.2 1 0
github.com/fredrick-karuri/nativestream/sdk-gen/go/stream/v1/control.pb.go:89.55,91.2 1 0
github.com/fredrick-karuri/nativestream/sdk-gen/go/stream/v1/control.pb.go:94.53,96.2 1 0
github.com/fredrick-karuri/nativestream/sdk-gen/go/stream/v1/control.pb.go:123.40,127.2 3 0
github.com/fredrick-karuri/nativestream/sdk-gen/go/stream/v1/control.pb.go:129.37,131.2 1 0
github.com/fredrick-karuri/nativestream/sdk-gen/go/stream/v1/control.pb.go:133.60,135.2 1 0
github.com/fredrick-karuri/nativestream/sdk-gen/go/stream/v1/control.pb.go:137.48,139.2 1 0
github.com/fredrick-karuri/nativestream/sdk-gen/go/stream/v1/control.pb.go:141.54,143.2 1 0
github.com/fredrick-karuri/nativestream/sdk-gen/go/stream/v1/control.pb.go:146.52,148.2 1 0
github.com/fredrick-karuri/nativestream/sdk-gen/go/stream/v1/control.pb.go:164.28,169.2 4 0
github.com/fredrick-karuri/nativestream/sdk-gen/go/stream/v1/control.pb.go:171.36,173.2 1 0
github.com/fredrick-karuri/nativestream/sdk-gen/go/stream/v1/control.pb.go:175.34,175.35 0 0
github.com/fredrick-karuri/nativestream/sdk-gen/go/stream/v1/control.pb.go:177.56,179.14 2 0
github.com/fredrick-karuri/nativestream/sdk-gen/go/stream/v1/control.pb.go:179.14,181.34 2 0
github.com/fredrick-karuri/nativestream/sdk-gen/go/stream/v1/control.pb.go:181.34,183.4 1 0
github.com/fredrick-karuri/nativestream/sdk-gen/go/stream/v1/control.pb.go:184.3,184.12 1 0
github.com/fredrick-karuri/nativestream/sdk-gen/go/stream/v1/control.pb.go:186.2,186.24 1 0
github.com/fredrick-karuri/nativestream/sdk-gen/go/stream/v1/control.pb.go:190.47,192.2 1 0
github.com/fredrick-karuri/nativestream/sdk-gen/go/stream/v1/control.pb.go:194.42,195.14 1 0
github.com/fredrick-karuri/nativestream/sdk-gen/go/stream/v1/control.pb.go:195.14,197.3 1 0
github.com/fredrick-karuri/nativestream/sdk-gen/go/stream/v1/control.pb.go:198.2,198.45 1 0
github.com/fredrick-karuri/nativestream/sdk-gen/go/stream/v1/control.pb.go:201.37,202.14 1 0
github.com/fredrick-karuri/nativestream/sdk-gen/go/stream/v1/control.pb.go:202.14,204.3 1 0
github.com/fredrick-karuri/nativestream/sdk-gen/go/stream/v1/control.pb.go:205.2,205.11 1 0
github.com/fredrick-karuri/nativestream/sdk-gen/go/stream/v1/control.pb.go:208.35,209.14 1 0
github.com/fredrick-karuri/nativestream/sdk-gen/go/stream/v1/control.pb.go:209.14,211.3 1 0
github.com/fredrick-karuri/nativestream/sdk-gen/go/stream/v1/control.pb.go:212.2,212.11 1 0
github.com/fredrick-karuri/nativestream/sdk-gen/go/stream/v1/control.pb.go:215.37,216.31 1 0
github.com/fredrick-karuri/nativestream/sdk-gen/go/stream/v1/control.pb.go:216.31,218.3 1 0
github.com/fredrick-karuri/nativestream/sdk-gen/go/stream/v1/control.pb.go:219.2,219.11 1 0
github.com/fredrick-karuri/nativestream/sdk-gen/go/stream/v1/control.pb.go:222.44,223.14 1 0
github.com/fredrick-karuri/nativestream/sdk-gen/go/stream/v1/control.pb.go:223.14,225.3 1 0
github.com/fredrick-karuri/nativestream/sdk-gen/go/stream/v1/control.pb.go:226.2,226.11 1 0
github.com/fredrick-karuri/nativestream/sdk-gen/go/stream/v1/control.pb.go:246.31,251.2 4 0
github.com/fredrick-karuri/nativestream/sdk-gen/go/stream/v1/control.pb.go:253.39,255.2 1 0
github.com/fredrick-karuri/nativestream/sdk-gen/go/stream/v1/control.pb.go:257.37,257.38 0 0
github.com/fredrick-karuri/nativestream/sdk-gen/go/stream/v1/control.pb.go:259.59,261.14 2 0
github.com/fredrick-karuri/nativestream/sdk-gen/go/stream/v1/control.pb.go:261.14,263.34 2 0
github.com/fredrick-karuri/nativestream/sdk-gen/go/stream/v1/control.pb.go:263.34,265.4 1 0
github.com/fredrick-karuri/nativestream/sdk-gen/go/stream/v1/control.pb.go:266.3,266.12 1 0
github.com/fredrick-karuri/nativestream/sdk-gen/go/stream/v1/control.pb.go:268.2,268.24 1 0
github.com/fredrick-karuri/nativestream/sdk-gen/go/stream/v1/control.pb.go:272.50,274.2 1 0
github.com/fredrick-karuri/nativestream/sdk-gen/go/stream/v1/control.pb.go:276.44,277.14 1 0
github.com/fredrick-karuri/nativestream/sdk-gen/go/stream/v1/control.pb.go:277.14,279.3 1 0
github.com/fredrick-karuri/nativestream/sdk-gen/go/stream/v1/control.pb.go:280.2,280.11 1 0
github.com/fredrick-karuri/nativestream/sdk-gen/go/stream/v1/control.pb.go:283.40,284.14 1 0
github.com/fredrick-karuri/nativestream/sdk-gen/go/stream/v1/control.pb.go:284.14,286.3 1 0
github.com/fredrick-karuri/nativestream/sdk-gen/go/stream/v1/control.pb.go:287.2,287.11 1 0
github.com/fredrick-karuri/nativestream/sdk-gen/go/stream/v1/control.pb.go:290.44,291.14 1 0
github.com/fredrick-karuri/nativestream/sdk-gen/go/stream/v1/control.pb.go:291.14,293.3 1 0
github.com/fredrick-karuri/nativestream/sdk-gen/go/stream/v1/control.pb.go:294.2,294.43 1 0
github.com/fredrick-karuri/nativestream/sdk-gen/go/stream/v1/control.pb.go:297.45,298.14 1 0
github.com/fredrick-karuri/nativestream/sdk-gen/go/stream/v1/control.pb.go:298.14,300.3 1 0
github.com/fredrick-karuri/nativestream/sdk-gen/go/stream/v1/control.pb.go:301.2,301.11 1 0
github.com/fredrick-karuri/nativestream/sdk-gen/go/stream/v1/control.pb.go:304.47,305.14 1 0
github.com/fredrick-karuri/nativestream/sdk-gen/go/stream/v1/control.pb.go:305.14,307.3 1 0
github.com/fredrick-karuri/nativestream/sdk-gen/go/stream/v1/control.pb.go:308.2,308.11 1 0
github.com/fredrick-karuri/nativestream/sdk-gen/go/stream/v1/control.pb.go:311.45,312.14 1 0
github.com/fredrick-karuri/nativestream/sdk-gen/go/stream/v1/control.pb.go:312.14,314.3 1 0
github.com/fredrick-karuri/nativestream/sdk-gen/go/stream/v1/control.pb.go:315.2,315.11 1 0
github.com/fredrick-karuri/nativestream/sdk-gen/go/stream/v1/control.pb.go:318.41,319.14 1 0
github.com/fredrick-karuri/nativestream/sdk-gen/go/stream/v1/control.pb.go:319.14,321.3 1 0
github.com/fredrick-karuri/nativestream/sdk-gen/go/stream/v1/control.pb.go:322.2,322.14 1 0
github.com/fredrick-karuri/nativestream/sdk-gen/go/stream/v1/control.pb.go:325.43,326.14 1 0
github.com/fredrick-karuri/nativestream/sdk-gen/go/stream/v1/control.pb.go:326.14,328.3 1 0
github.com/fredrick-karuri/nativestream/sdk-gen/go/stream/v1/control.pb.go:329.2,329.10 1 0
github.com/fredrick-karuri/nativestream/sdk-gen/go/stream/v1/control.pb.go:332.63,333.14 1 0
github.com/fredrick-karuri/nativestream/sdk-gen/go/stream/v1/control.pb.go:333.14,335.3 1 0
github.com/fredrick-karuri/nativestream/sdk-gen/go/stream/v1/control.pb.go:336.2,336.12 1 0
github.com/fredrick-karuri/nativestream/sdk-gen/go/stream/v1/control.pb.go:348.35,353.2 4 0
github.com/fredrick-karuri/nativestream/sdk-gen/go/stream/v1/control.pb.go:355.43,357.2 1 0
github.com/fredrick-karuri/nativestream/sdk-gen/go/stream/v1/control.pb.go:359.41,359.42 0 0
github.com/fredrick-karuri/nativestream/sdk-gen/go/stream/v1/control.pb.go:361.63,363.14 2 0
github.com/fredrick-karuri/nativestream/sdk-gen/go/stream/v1/control.pb.go:363.14,365.34 2 0
github.com/fredrick-karuri/nativestream/sdk-gen/go/stream/v1/control.pb.go:365.34,367.4 1 0
github.com/fredrick-karuri/nativestream/sdk-gen/go/stream/v1/control.pb.go:368.3,368.12 1 0
github.com/fredrick-karuri/nativestream/sdk-gen/go/stream/v1/control.pb.go:370.2,370.24 1 0
github.com/fredrick-karuri/nativestream/sdk-gen/go/stream/v1/control.pb.go:374.54,376.2 1 0
github.com/fredrick-karuri/nativestream/sdk-gen/go/stream/v1/control.pb.go:378.44,379.14 1 0
github.com/fredrick-karuri/nativestream/sdk-gen/go/stream/v1/control.pb.go:379.14,381.3 1 0
github.com/fredrick-karuri/nativestream/sdk-gen/go/stream/v1/control.pb.go:382.2,382.11 1 0
github.com/fredrick-karuri/nativestream/sdk-gen/go/stream/v1/control.pb.go:385.48,386.14 1 0
github.com/fredrick-karuri/nativestream/sdk-gen/go/stream/v1/control.pb.go:386.14,388.3 1 0
github.com/fredrick-karuri/nativestream/sdk-gen/go/stream/v1/control.pb.go:389.2,389.43 1 0
github.com/fredrick-karuri/nativestream/sdk-gen/go/stream/v1/control.pb.go:402.31,407.2 4 0
github.com/fredrick-karuri/nativestream/sdk-gen/go/stream/v1/control.pb.go:409.39,411.2 1 0
github.com/fredrick-karuri/nativestream/sdk-gen/go/stream/v1/control.pb.go:413.37,413.38 0 0
github.com/fredrick-karuri/nativestream/sdk-gen/go/stream/v1/control.pb.go:415.59,417.14 2 0
github.com/fredrick-karuri/nativestream/sdk-gen/go/stream/v1/control.pb.go:417.14,419.34 2 0
github.com/fredrick-karuri/nativestream/sdk-gen/go/stream/v1/control.pb.go:419.34,421.4 1 0
github.com/fredrick-karuri/nativestream/sdk-gen/go/stream/v1/control.pb.go:422.3,422.12 1 0
github.com/fredrick-karuri/nativestream/sdk-gen/go/stream/v1/control.pb.go:424.2,424.24 1 0
github.com/fredrick-karuri/nativestream/sdk-gen/go/stream/v1/control.pb.go:428.50,430.2 1 0
github.com/fredrick-karuri/nativestream/sdk-gen/go/stream/v1/control.pb.go:432.45,433.14 1 0
github.com/fredrick-karuri/nativestream/sdk-gen/go/stream/v1/control.pb.go:433.14,435.3 1 0
github.com/fredrick-karuri/nativestream/sdk-gen/go/stream/v1/control.pb.go:436.2,436.11 1 0
github.com/fredrick-karuri/nativestream/sdk-gen/go/stream/v1/control.pb.go:439.47,440.14 1 0
github.com/fredrick-karuri/nativestream/sdk-gen/go/stream/v1/control.pb.go:440.14,442.3 1 0
github.com/fredrick-karuri/nativestream/sdk-gen/go/stream/v1/control.pb.go:443.2,443.11 1 0
github.com/fredrick-karuri/nativestream/sdk-gen/go/stream/v1/control.pb.go:446.45,447.14 1 0
github.com/fredrick-karuri/nativestream/sdk-gen/go/stream/v1/control.pb.go:447.14,449.3 1 0
github.com/fredrick-karuri/nativestream/sdk-gen/go/stream/v1/control.pb.go:450.2,450.11 1 0
github.com/fredrick-karuri/nativestream/sdk-gen/go/stream/v1/control.pb.go:461.35,466.2 4 0
github.com/fredrick-karuri/nativestream/sdk-gen/go/stream/v1/control.pb.go:468.43,470.2 1 0
github.com/fredrick-karuri/nativestream/sdk-gen/go/stream/v1/control.pb.go:472.41,472.42 0 0
github.com/fredrick-karuri/nativestream/sdk-gen/go/stream/v1/control.pb.go:474.63,476.14 2 0
github.com/fredrick-karuri/nativestream/sdk-gen/go/stream/v1/control.pb.go:476.14,478.34 2 0
github.com/fredrick-karuri/nativestream/sdk-gen/go/stream/v1/control.pb.go:478.34,480.4 1 0
github.com/fredrick-karuri/nativestream/sdk-gen/go/stream/v1/control.pb.go:481.3,481.12 1 0
github.com/fredrick-karuri/nativestream/sdk-gen/go/stream/v1/control.pb.go:483.2,483.24 1 0
github.com/fredrick-karuri/nativestream/sdk-gen/go/stream/v1/control.pb.go:487.54,489.2 1 0
github.com/fredrick-karuri/nativestream/sdk-gen/go/stream/v1/control.pb.go:491.50,492.14 1 0
github.com/fredrick-karuri/nativestream/sdk-gen/go/stream/v1/control.pb.go:492.14,494.3 1 0
github.com/fredrick-karuri/nativestream/sdk-gen/go/stream/v1/control.pb.go:495.2,495.11 1 0
github.com/fredrick-karuri/nativestream/sdk-gen/go/stream/v1/control.pb.go:508.38,513.2 4 0
github.com/fredrick-karuri/nativestream/sdk-gen/go/stream/v1/control.pb.go:515.46,517.2 1 0
github.com/fredrick-karuri/nativestream/sdk-gen/go/stream/v1/control.pb.go:519.44,519.45 0 0
github.com/fredrick-karuri/nativestream/sdk-gen/go/stream/v1/control.pb.go:521.66,523.14 2 0
github.com/fredrick-karuri/nativestream/sdk-gen/go/stream/v1/control.pb.go:523.14,525.34 2 0
github.com/fredrick-karuri/nativestream/sdk-gen/go/stream/v1/control.pb.go:525.34,527.4 1 0
github.com/fredrick-karuri/nativestream/sdk-gen/go/stream/v1/control.pb.go:528.3,528.12 1 0
github.com/fredrick-karuri/nativestream/sdk-gen/go/stream/v1/control.pb.go:530.2,530.24 1 0
github.com/fredrick-karuri/nativestream/sdk-gen/go/stream/v1/control.pb.go:534.57,536.2 1 0
github.com/fredrick-karuri/nativestream/sdk-gen/go/stream/v1/control.pb.go:538.52,539.14 1 0
github.com/fredrick-karuri/nativestream/sdk-gen/go/stream/v1/control.pb.go:539.14,541.3 1 0
github.com/fredrick-karuri/nativestream/sdk-gen/go/stream/v1/control.pb.go:542.2,542.11 1 0
github.com/fredrick-karuri/nativestream/sdk-gen/go/stream/v1/control.pb.go:545.54,546.14 1 0
github.com/fredrick-karuri/nativestream/sdk-gen/go/stream/v1/control.pb.go:546.14,548.3 1 0
github.com/fredrick-karuri/nativestream/sdk-gen/go/stream/v1/control.pb.go:549.2,549.11 1 0
github.com/fredrick-karuri/nativestream/sdk-gen/go/stream/v1/control.pb.go:552.52,553.14 1 0
github.com/fredrick-karuri/nativestream/sdk-gen/go/stream/v1/control.pb.go:553.14,555.3 1 0
github.com/fredrick-karuri/nativestream/sdk-gen/go/stream/v1/control.pb.go:556.2,556.11 1 0
github.com/fredrick-karuri/nativestream/sdk-gen/go/stream/v1/control.pb.go:571.38,576.2 4 0
github.com/fredrick-karuri/nativestream/sdk-gen/go/stream/v1/control.pb.go:578.46,580.2 1 0
github.com/fredrick-karuri/nativestream/sdk-gen/go/stream/v1/control.pb.go:582.44,582.45 0 0
github.com/fredrick-karuri/nativestream/sdk-gen/go/stream/v1/control.pb.go:584.66,586.14 2 0
github.com/fredrick-karuri/nativestream/sdk-gen/go/stream/v1/control.pb.go:586.14,588.34 2 0
github.com/fredrick-karuri/nativestream/sdk-gen/go/stream/v1/control.pb.go:588.34,590.4 1 0
github.com/fredrick-karuri/nativestream/sdk-gen/go/stream/v1/control.pb.go:591.3,591.12 1 0
github.com/fredrick-karuri/nativestream/sdk-gen/go/stream/v1/control.pb.go:593.2,593.24 1 0
github.com/fredrick-karuri/nativestream/sdk-gen/go/stream/v1/control.pb.go:597.57,599.2 1 0
github.com/fredrick-karuri/nativestream/sdk-gen/go/stream/v1/control.pb.go:601.52,602.14 1 0
github.com/fredrick-karuri/nativestream/sdk-gen/go/stream/v1/control.pb.go:602.14,604.3 1 0
github.com/fredrick-karuri/nativestream/sdk-gen/go/stream/v1/control.pb.go:605.2,605.11 1 0
github.com/fredrick-karuri/nativestream/sdk-gen/go/stream/v1/control.pb.go:608.54,609.14 1 0
github.com/fredrick-karuri/nativestream/sdk-gen/go/stream/v1/control.pb.go:609.14,611.3 1 0
github.com/fredrick-karuri/nativestream/sdk-gen/go/stream/v1/control.pb.go:612.2,612.11 1 0
github.com/fredrick-karuri/nativestream/sdk-gen/go/stream/v1/control.pb.go:615.52,616.14 1 0
github.com/fredrick-karuri/nativestream/sdk-gen/go/stream/v1/control.pb.go:616.14,618.3 1 0
github.com/fredrick-karuri/nativestream/sdk-gen/go/stream/v1/control.pb.go:619.2,619.11 1 0
github.com/fredrick-karuri/nativestream/sdk-gen/go/stream/v1/control.pb.go:622.48,623.14 1 0
github.com/fredrick-karuri/nativestream/sdk-gen/go/stream/v1/control.pb.go:623.14,625.3 1 0
github.com/fredrick-karuri/nativestream/sdk-gen/go/stream/v1/control.pb.go:626.2,626.14 1 0
github.com/fredrick-karuri/nativestream/sdk-gen/go/stream/v1/control.pb.go:629.50,630.14 1 0
github.com/fredrick-karuri/nativestream/sdk-gen/go/stream/v1/control.pb.go:630.14,632.3 1 0
github.com/fredrick-karuri/nativestream/sdk-gen/go/stream/v1/control.pb.go:633.2,633.10 1 0
github.com/fredrick-karuri/nativestream/sdk-gen/go/stream/v1/control.pb.go:643.36,648.2 4 0
github.com/fredrick-karuri/nativestream/sdk-gen/go/stream/v1/control.pb.go:650.44,652.2 1 0
github.com/fredrick-karuri/nativestream/sdk-gen/go/stream/v1/control.pb.go:654.42,654.43 0 0
github.com/fredrick-karuri/nativestream/sdk-gen/go/stream/v1/control.pb.go:656.64,658.14 2 0
github.com/fredrick-karuri/nativestream/sdk-gen/go/stream/v1/control.pb.go:658.14,660.34 2 0
github.com/fredrick-karuri/nativestream/sdk-gen/go/stream/v1/control.pb.go:660.34,662.4 1 0
github.com/fredrick-karuri/nativestream/sdk-gen/go/stream/v1/control.pb.go:663.3,663.12 1 0
github.com/fredrick-karuri/nativestream/sdk-gen/go/stream/v1/control.pb.go:665.2,665.24 1 0
github.com/fredrick-karuri/nativestream/sdk-gen/go/stream/v1/control.pb.go:669.55,671.2 1 0
github.com/fredrick-karuri/nativestream/sdk-gen/go/stream/v1/control.pb.go:673.47,674.14 1 0
github.com/fredrick-karuri/nativestream/sdk-gen/go/stream/v1/control.pb.go:674.14,676.3 1 0
github.com/fredrick-karuri/nativestream/sdk-gen/go/stream/v1/control.pb.go:677.2,677.10 1 0
github.com/fredrick-karuri/nativestream/sdk-gen/go/stream/v1/control.pb.go:688.38,693.2 4 0
github.com/fredrick-karuri/nativestream/sdk-gen/go/stream/v1/control.pb.go:695.46,697.2 1 0
github.com/fredrick-karuri/nativestream/sdk-gen/go/stream/v1/control.pb.go:699.44,699.45 0 0
github.com/fredrick-karuri/nativestream/sdk-gen/go/stream/v1/control.pb.go:701.66,703.14 2 0
github.com/fredrick-karuri/nativestream/sdk-gen/go/stream/v1/control.pb.go:703.14,705.34 2 0
github.com/fredrick-karuri/nativestream/sdk-gen/go/stream/v1/control.pb.go:705.34,707.4 1 0
github.com/fredrick-karuri/nativestream/sdk-gen/go/stream/v1/control.pb.go:708.3,708.12 1 0
github.com/fredrick-karuri/nativestream/sdk-gen/go/stream/v1/control.pb.go:710.2,710.24 1 0
github.com/fredrick-karuri/nativestream/sdk-gen/go/stream/v1/control.pb.go:714.57,716.2 1 0
github.com/fredrick-karuri/nativestream/sdk-gen/go/stream/v1/control.pb.go:718.59,719.14 1 0
github.com/fredrick-karuri/nativestream/sdk-gen/go/stream/v1/control.pb.go:719.14,721.3 1 0
github.com/fredrick-karuri/nativestream/sdk-gen/go/stream/v1/control.pb.go:722.2,722.12 1 0
github.com/fredrick-karuri/nativestream/sdk-gen/go/stream/v1/control.pb.go:806.56,807.53 1 0
github.com/fredrick-karuri/nativestream/sdk-gen/go/stream/v1/control.pb.go:807.53,809.3 1 0
github.com/fredrick-karuri/nativestream/sdk-gen/go/stream/v1/control.pb.go:810.2,810.49 1 0
github.com/fredrick-karuri/nativestream/sdk-gen/go/stream/v1/control.pb.go:842.13,842.52 1 0
github.com/fredrick-karuri/nativestream/sdk-gen/go/stream/v1/control.pb.go:843.42,844.41 1 0
github.com/fredrick-karuri/nativestream/sdk-gen/go/stream/v1/control.pb.go:844.41,846.3 1 0
github.com/fredrick-karuri/nativestream/sdk-gen/go/stream/v1/control.pb.go:847.2,865.44 6 0
github.com/fredrick-karuri/nativestream/sdk-gen/go/stream/v1/discovery.pb.go:36.43,41.2 4 0
github.com/fredrick-karuri/nativestream/sdk-gen/go/stream/v1/discovery.pb.go:43.51,45.2 1 0
github.com/fredrick-karuri/nativestream/sdk-gen/go/stream/v1/discovery.pb.go:47.49,47.50 0 0
github.com/fredrick-karuri/nativestream/sdk-gen/go/stream/v1/discovery.pb.go:49.71,51.14 2 0
github.com/fredrick-karuri/nativestream/sdk-gen/go/stream/v1/discovery.pb.go:51.14,53.34 2 0
github.com/fredrick-karuri/nativestream/sdk-gen/go/stream/v1/discovery.pb.go:53.34,55.4 1 0
github.com/fredrick-karuri/nativestream/sdk-gen/go/stream/v1/discovery.pb.go:56.3,56.12 1 0
github.com/fredrick-karuri/nativestream/sdk-gen/go/stream/v1/discovery.pb.go:58.2,58.24 1 0
github.com/fredrick-karuri/nativestream/sdk-gen/go/stream/v1/discovery.pb.go:62.62,64.2 1 0
github.com/fredrick-karuri/nativestream/sdk-gen/go/stream/v1/discovery.pb.go:66.71,67.14 1 0
github.com/fredrick-karuri/nativestream/sdk-gen/go/stream/v1/discovery.pb.go:67.14,69.3 1 0
github.com/fredrick-karuri/nativestream/sdk-gen/go/stream/v1/discovery.pb.go:70.2,70.12 1 0
github.com/fredrick-karuri/nativestream/sdk-gen/go/stream/v1/discovery.pb.go:73.57,74.14 1 0
github.com/fredrick-karuri/nativestream/sdk-gen/go/stream/v1/discovery.pb.go:74.14,76.3 1 0
github.com/fredrick-karuri/nativestream/sdk-gen/go/stream/v1/discovery.pb.go:77.2,77.10 1 0
github.com/fredrick-karuri/nativestream/sdk-gen/go/stream/v1/discovery.pb.go:80.60,81.14 1 0
github.com/fredrick-karuri/nativestream/sdk-gen/go/stream/v1/discovery.pb.go:81.14,83.3 1 0
github.com/fredrick-karuri/nativestream/sdk-gen/go/stream/v1/discovery.pb.go:84.2,84.10 1 0
github.com/fredrick-karuri/nativestream/sdk-gen/go/stream/v1/discovery.pb.go:87.61,88.14 1 0
github.com/fredrick-karuri/nativestream/sdk-gen/go/stream/v1/discovery.pb.go:88.14,90.3 1 0
github.com/fredrick-karuri/nativestream/sdk-gen/go/stream/v1/discovery.pb.go:91.2,91.10 1 0
github.com/fredrick-karuri/nativestream/sdk-gen/go/stream/v1/discovery.pb.go:103.33,108.2 4 0
github.com/fredrick-karuri/nativestream/sdk-gen/go/stream/v1/discovery.pb.go:110.41,112.2 1 0
github.com/fredrick-karuri/nativestream/sdk-gen/go/stream/v1/discovery.pb.go:114.39,114.40 0 0
github.com/fredrick-karuri/nativestream/sdk-gen/go/stream/v1/discovery.pb.go:116.61,118.14 2 0
github.com/fredrick-karuri/nativestream/sdk-gen/go/stream/v1/discovery.pb.go:118.14,120.34 2 0
github.com/fredrick-karuri/nativestream/sdk-gen/go/stream/v1/discovery.pb.go:120.34,122.4 1 0
github.com/fredrick-karuri/nativestream/sdk-gen/go/stream/v1/discovery.pb.go:123.3,123.12 1 0
github.com/fredrick-karuri/nativestream/sdk-gen/go/stream/v1/discovery.pb.go:125.2,125.24 1 0
github.com/fredrick-karuri/nativestream/sdk-gen/go/stream/v1/discovery.pb.go:129.52,131.2 1 0
github.com/fredrick-karuri/nativestream/sdk-gen/go/stream/v1/discovery.pb.go:133.41,134.14 1 0
github.com/fredrick-karuri/nativestream/sdk-gen/go/stream/v1/discovery.pb.go:134.14,136.3 1 0
github.com/fredrick-karuri/nativestream/sdk-gen/go/stream/v1/discovery.pb.go:137.2,137.11 1 0
github.com/fredrick-karuri/nativestream/sdk-gen/go/stream/v1/discovery.pb.go:140.47,141.14 1 0
github.com/fredrick-karuri/nativestream/sdk-gen/go/stream/v1/discovery.pb.go:141.14,143.3 1 0
github.com/fredrick-karuri/nativestream/sdk-gen/go/stream/v1/discovery.pb.go:144.2,144.11 1 0
github.com/fredrick-karuri/nativestream/sdk-gen/go/stream/v1/discovery.pb.go:147.45,148.14 1 0
github.com/fredrick-karuri/nativestream/sdk-gen/go/stream/v1/discovery.pb.go:148.14,150.3 1 0
github.com/fredrick-karuri/nativestream/sdk-gen/go/stream/v1/discovery.pb.go:151.2,151.11 1 0
github.com/fredrick-karuri/nativestream/sdk-gen/go/stream/v1/discovery.pb.go:163.39,168.2 4 0
github.com/fredrick-karuri/nativestream/sdk-gen/go/stream/v1/discovery.pb.go:170.47,172.2 1 0
github.com/fredrick-karuri/nativestream/sdk-gen/go/stream/v1/discovery.pb.go:174.45,174.46 0 0
github.com/fredrick-karuri/nativestream/sdk-gen/go/stream/v1/discovery.pb.go:176.67,178.14 2 0
github.com/fredrick-karuri/nativestream/sdk-gen/go/stream/v1/discovery.pb.go:178.14,180.34 2 0
github.com/fredrick-karuri/nativestream/sdk-gen/go/stream/v1/discovery.pb.go:180.34,182.4 1 0
github.com/fredrick-karuri/nativestream/sdk-gen/go/stream/v1/discovery.pb.go:183.3,183.12 1 0
github.com/fredrick-karuri/nativestream/sdk-gen/go/stream/v1/discovery.pb.go:185.2,185.24 1 0
github.com/fredrick-karuri/nativestream/sdk-gen/go/stream/v1/discovery.pb.go:189.58,191.2 1 0
github.com/fredrick-karuri/nativestream/sdk-gen/go/stream/v1/discovery.pb.go:193.48,194.32 1 0
github.com/fredrick-karuri/nativestream/sdk-gen/go/stream/v1/discovery.pb.go:194.32,196.3 1 0
github.com/fredrick-karuri/nativestream/sdk-gen/go/stream/v1/discovery.pb.go:197.2,197.10 1 0
github.com/fredrick-karuri/nativestream/sdk-gen/go/stream/v1/discovery.pb.go:209.37,214.2 4 0
github.com/fredrick-karuri/nativestream/sdk-gen/go/stream/v1/discovery.pb.go:216.45,218.2 1 0
github.com/fredrick-karuri/nativestream/sdk-gen/go/stream/v1/discovery.pb.go:220.43,220.44 0 0
github.com/fredrick-karuri/nativestream/sdk-gen/go/stream/v1/discovery.pb.go:222.65,224.14 2 0
github.com/fredrick-karuri/nativestream/sdk-gen/go/stream/v1/discovery.pb.go:224.14,226.34 2 0
github.com/fredrick-karuri/nativestream/sdk-gen/go/stream/v1/discovery.pb.go:226.34,228.4 1 0
github.com/fredrick-karuri/nativestream/sdk-gen/go/stream/v1/discovery.pb.go:229.3,229.12 1 0
github.com/fredrick-karuri/nativestream/sdk-gen/go/stream/v1/discovery.pb.go:231.2,231.24 1 0
github.com/fredrick-karuri/nativestream/sdk-gen/go/stream/v1/discovery.pb.go:235.56,237.2 1 0
github.com/fredrick-karuri/nativestream/sdk-gen/go/stream/v1/discovery.pb.go:239.61,240.14 1 0
github.com/fredrick-karuri/nativestream/sdk-gen/go/stream/v1/discovery.pb.go:240.14,242.3 1 0
github.com/fredrick-karuri/nativestream/sdk-gen/go/stream/v1/discovery.pb.go:243.2,243.12 1 0
github.com/fredrick-karuri/nativestream/sdk-gen/go/stream/v1/discovery.pb.go:246.46,247.14 1 0
github.com/fredrick-karuri/nativestream/sdk-gen/go/stream/v1/discovery.pb.go:247.14,249.3 1 0
github.com/fredrick-karuri/nativestream/sdk-gen/go/stream/v1/discovery.pb.go:250.2,250.10 1 0
github.com/fredrick-karuri/nativestream/sdk-gen/go/stream/v1/discovery.pb.go:284.58,285.55 1 0
github.com/fredrick-karuri/nativestream/sdk-gen/go/stream/v1/discovery.pb.go:285.55,287.3 1 0
github.com/fredrick-karuri/nativestream/sdk-gen/go/stream/v1/discovery.pb.go:288.2,288.51 1 0
github.com/fredrick-karuri/nativestream/sdk-gen/go/stream/v1/discovery.pb.go:309.13,309.54 1 0
github.com/fredrick-karuri/nativestream/sdk-gen/go/stream/v1/discovery.pb.go:310.44,311.43 1 0
github.com/fredrick-karuri/nativestream/sdk-gen/go/stream/v1/discovery.pb.go:311.43,313.3 1 0
github.com/fredrick-karuri/nativestream/sdk-gen/go/stream/v1/discovery.pb.go:314.2,332.46 7 0
github.com/fredrick-karuri/nativestream/sdk-gen/go/stream/v1/pairing.pb.go:36.36,41.2 4 0
github.com/fredrick-karuri/nativestream/sdk-gen/go/stream/v1/pairing.pb.go:43.44,45.2 1 0
github.com/fredrick-karuri/nativestream/sdk-gen/go/stream/v1/pairing.pb.go:47.42,47.43 0 0
github.com/fredrick-karuri/nativestream/sdk-gen/go/stream/v1/pairing.pb.go:49.64,51.14 2 0
github.com/fredrick-karuri/nativestream/sdk-gen/go/stream/v1/pairing.pb.go:51.14,53.34 2 0
github.com/fredrick-karuri/nativestream/sdk-gen/go/stream/v1/pairing.pb.go:53.34,55.4 1 0
github.com/fredrick-karuri/nativestream/sdk-gen/go/stream/v1/pairing.pb.go:56.3,56.12 1 0
github.com/fredrick-karuri/nativestream/sdk-gen/go/stream/v1/pairing.pb.go:58.2,58.24 1 0
github.com/fredrick-karuri/nativestream/sdk-gen/go/stream/v1/pairing.pb.go:62.55,64.2 1 0
github.com/fredrick-karuri/nativestream/sdk-gen/go/stream/v1/pairing.pb.go:66.49,67.14 1 0
github.com/fredrick-karuri/nativestream/sdk-gen/go/stream/v1/pairing.pb.go:67.14,69.3 1 0
github.com/fredrick-karuri/nativestream/sdk-gen/go/stream/v1/pairing.pb.go:70.2,70.11 1 0
github.com/fredrick-karuri/nativestream/sdk-gen/go/stream/v1/pairing.pb.go:82.37,87.2 4 0
github.com/fredrick-karuri/nativestream/sdk-gen/go/stream/v1/pairing.pb.go:89.45,91.2 1 0
github.com/fredrick-karuri/nativestream/sdk-gen/go/stream/v1/pairing.pb.go:93.43,93.44 0 0
github.com/fredrick-karuri/nativestream/sdk-gen/go/stream/v1/pairing.pb.go:95.65,97.14 2 0
github.com/fredrick-karuri/nativestream/sdk-gen/go/stream/v1/pairing.pb.go:97.14,99.34 2 0
github.com/fredrick-karuri/nativestream/sdk-gen/go/stream/v1/pairing.pb.go:99.34,101.4 1 0
github.com/fredrick-karuri/nativestream/sdk-gen/go/stream/v1/pairing.pb.go:102.3,102.12 1 0
github.com/fredrick-karuri/nativestream/sdk-gen/go/stream/v1/pairing.pb.go:104.2,104.24 1 0
github.com/fredrick-karuri/nativestream/sdk-gen/go/stream/v1/pairing.pb.go:108.56,110.2 1 0
github.com/fredrick-karuri/nativestream/sdk-gen/go/stream/v1/pairing.pb.go:112.51,113.14 1 0
github.com/fredrick-karuri/nativestream/sdk-gen/go/stream/v1/pairing.pb.go:113.14,115.3 1 0
github.com/fredrick-karuri/nativestream/sdk-gen/go/stream/v1/pairing.pb.go:116.2,116.11 1 0
github.com/fredrick-karuri/nativestream/sdk-gen/go/stream/v1/pairing.pb.go:119.46,120.14 1 0
github.com/fredrick-karuri/nativestream/sdk-gen/go/stream/v1/pairing.pb.go:120.14,122.3 1 0
github.com/fredrick-karuri/nativestream/sdk-gen/go/stream/v1/pairing.pb.go:123.2,123.11 1 0
github.com/fredrick-karuri/nativestream/sdk-gen/go/stream/v1/pairing.pb.go:126.57,127.14 1 0
github.com/fredrick-karuri/nativestream/sdk-gen/go/stream/v1/pairing.pb.go:127.14,129.3 1 0
github.com/fredrick-karuri/nativestream/sdk-gen/go/stream/v1/pairing.pb.go:130.2,130.10 1 0
github.com/fredrick-karuri/nativestream/sdk-gen/go/stream/v1/pairing.pb.go:144.38,149.2 4 0
github.com/fredrick-karuri/nativestream/sdk-gen/go/stream/v1/pairing.pb.go:151.46,153.2 1 0
github.com/fredrick-karuri/nativestream/sdk-gen/go/stream/v1/pairing.pb.go:155.44,155.45 0 0
github.com/fredrick-karuri/nativestream/sdk-gen/go/stream/v1/pairing.pb.go:157.66,159.14 2 0
github.com/fredrick-karuri/nativestream/sdk-gen/go/stream/v1/pairing.pb.go:159.14,161.34 2 0
github.com/fredrick-karuri/nativestream/sdk-gen/go/stream/v1/pairing.pb.go:161.34,163.4 1 0
github.com/fredrick-karuri/nativestream/sdk-gen/go/stream/v1/pairing.pb.go:164.3,164.12 1 0
github.com/fredrick-karuri/nativestream/sdk-gen/go/stream/v1/pairing.pb.go:166.2,166.24 1 0
github.com/fredrick-karuri/nativestream/sdk-gen/go/stream/v1/pairing.pb.go:170.57,172.2 1 0
github.com/fredrick-karuri/nativestream/sdk-gen/go/stream/v1/pairing.pb.go:174.49,175.14 1 0
github.com/fredrick-karuri/nativestream/sdk-gen/go/stream/v1/pairing.pb.go:175.14,177.3 1 0
github.com/fredrick-karuri/nativestream/sdk-gen/go/stream/v1/pairing.pb.go:178.2,178.11 1 0
github.com/fredrick-karuri/nativestream/sdk-gen/go/stream/v1/pairing.pb.go:181.48,182.32 1 0
github.com/fredrick-karuri/nativestream/sdk-gen/go/stream/v1/pairing.pb.go:182.32,184.3 1 0
github.com/fredrick-karuri/nativestream/sdk-gen/go/stream/v1/pairing.pb.go:185.2,185.11 1 0
github.com/fredrick-karuri/nativestream/sdk-gen/go/stream/v1/pairing.pb.go:188.48,189.32 1 0
github.com/fredrick-karuri/nativestream/sdk-gen/go/stream/v1/pairing.pb.go:189.32,191.3 1 0
github.com/fredrick-karuri/nativestream/sdk-gen/go/stream/v1/pairing.pb.go:192.2,192.11 1 0
github.com/fredrick-karuri/nativestream/sdk-gen/go/stream/v1/pairing.pb.go:205.41,210.2 4 0
github.com/fredrick-karuri/nativestream/sdk-gen/go/stream/v1/pairing.pb.go:212.49,214.2 1 0
github.com/fredrick-karuri/nativestream/sdk-gen/go/stream/v1/pairing.pb.go:216.47,216.48 0 0
github.com/fredrick-karuri/nativestream/sdk-gen/go/stream/v1/pairing.pb.go:218.69,220.14 2 0
github.com/fredrick-karuri/nativestream/sdk-gen/go/stream/v1/pairing.pb.go:220.14,222.34 2 0
github.com/fredrick-karuri/nativestream/sdk-gen/go/stream/v1/pairing.pb.go:222.34,224.4 1 0
github.com/fredrick-karuri/nativestream/sdk-gen/go/stream/v1/pairing.pb.go:225.3,225.12 1 0
github.com/fredrick-karuri/nativestream/sdk-gen/go/stream/v1/pairing.pb.go:227.2,227.24 1 0
github.com/fredrick-karuri/nativestream/sdk-gen/go/stream/v1/pairing.pb.go:231.60,233.2 1 0
github.com/fredrick-karuri/nativestream/sdk-gen/go/stream/v1/pairing.pb.go:235.55,236.14 1 0
github.com/fredrick-karuri/nativestream/sdk-gen/go/stream/v1/pairing.pb.go:236.14,238.3 1 0
github.com/fredrick-karuri/nativestream/sdk-gen/go/stream/v1/pairing.pb.go:239.2,239.11 1 0
github.com/fredrick-karuri/nativestream/sdk-gen/go/stream/v1/pairing.pb.go:242.50,243.14 1 0
github.com/fredrick-karuri/nativestream/sdk-gen/go/stream/v1/pairing.pb.go:243.14,245.3 1 0
github.com/fredrick-karuri/nativestream/sdk-gen/go/stream/v1/pairing.pb.go:246.2,246.11 1 0
github.com/fredrick-karuri/nativestream/sdk-gen/go/stream/v1/pairing.pb.go:249.73,250.14 1 0
github.com/fredrick-karuri/nativestream/sdk-gen/go/stream/v1/pairing.pb.go:250.14,252.3 1 0
github.com/fredrick-karuri/nativestream/sdk-gen/go/stream/v1/pairing.pb.go:253.2,253.12 1 0
github.com/fredrick-karuri/nativestream/sdk-gen/go/stream/v1/pairing.pb.go:256.54,257.35 1 0
github.com/fredrick-karuri/nativestream/sdk-gen/go/stream/v1/pairing.pb.go:257.35,259.3 1 0
github.com/fredrick-karuri/nativestream/sdk-gen/go/stream/v1/pairing.pb.go:260.2,260.11 1 0
github.com/fredrick-karuri/nativestream/sdk-gen/go/stream/v1/pairing.pb.go:270.39,275.2 4 0
github.com/fredrick-karuri/nativestream/sdk-gen/go/stream/v1/pairing.pb.go:277.47,279.2 1 0
github.com/fredrick-karuri/nativestream/sdk-gen/go/stream/v1/pairing.pb.go:281.45,281.46 0 0
github.com/fredrick-karuri/nativestream/sdk-gen/go/stream/v1/pairing.pb.go:283.67,285.14 2 0
github.com/fredrick-karuri/nativestream/sdk-gen/go/stream/v1/pairing.pb.go:285.14,287.34 2 0
github.com/fredrick-karuri/nativestream/sdk-gen/go/stream/v1/pairing.pb.go:287.34,289.4 1 0
github.com/fredrick-karuri/nativestream/sdk-gen/go/stream/v1/pairing.pb.go:290.3,290.12 1 0
github.com/fredrick-karuri/nativestream/sdk-gen/go/stream/v1/pairing.pb.go:292.2,292.24 1 0
github.com/fredrick-karuri/nativestream/sdk-gen/go/stream/v1/pairing.pb.go:296.58,298.2 1 0
github.com/fredrick-karuri/nativestream/sdk-gen/go/stream/v1/pairing.pb.go:300.70,301.14 1 0
github.com/fredrick-karuri/nativestream/sdk-gen/go/stream/v1/pairing.pb.go:301.14,303.3 1 0
github.com/fredrick-karuri/nativestream/sdk-gen/go/stream/v1/pairing.pb.go:304.2,304.12 1 0
github.com/fredrick-karuri/nativestream/sdk-gen/go/stream/v1/pairing.pb.go:314.38,319.2 4 0
github.com/fredrick-karuri/nativestream/sdk-gen/go/stream/v1/pairing.pb.go:321.46,323.2 1 0
github.com/fredrick-karuri/nativestream/sdk-gen/go/stream/v1/pairing.pb.go:325.44,325.45 0 0
github.com/fredrick-karuri/nativestream/sdk-gen/go/stream/v1/pairing.pb.go:327.66,329.14 2 0
github.com/fredrick-karuri/nativestream/sdk-gen/go/stream/v1/pairing.pb.go:329.14,331.34 2 0
github.com/fredrick-karuri/nativestream/sdk-gen/go/stream/v1/pairing.pb.go:331.34,333.4 1 0
github.com/fredrick-karuri/nativestream/sdk-gen/go/stream/v1/pairing.pb.go:334.3,334.12 1 0
github.com/fredrick-karuri/nativestream/sdk-gen/go/stream/v1/pairing.pb.go:336.2,336.24 1 0
github.com/fredrick-karuri/nativestream/sdk-gen/go/stream/v1/pairing.pb.go:340.57,342.2 1 0
github.com/fredrick-karuri/nativestream/sdk-gen/go/stream/v1/pairing.pb.go:344.48,345.14 1 0
github.com/fredrick-karuri/nativestream/sdk-gen/go/stream/v1/pairing.pb.go:345.14,347.3 1 0
github.com/fredrick-karuri/nativestream/sdk-gen/go/stream/v1/pairing.pb.go:348.2,348.11 1 0
github.com/fredrick-karuri/nativestream/sdk-gen/go/stream/v1/pairing.pb.go:359.39,364.2 4 0
github.com/fredrick-karuri/nativestream/sdk-gen/go/stream/v1/pairing.pb.go:366.47,368.2 1 0
github.com/fredrick-karuri/nativestream/sdk-gen/go/stream/v1/pairing.pb.go:370.45,370.46 0 0
github.com/fredrick-karuri/nativestream/sdk-gen/go/stream/v1/pairing.pb.go:372.67,374.14 2 0
github.com/fredrick-karuri/nativestream/sdk-gen/go/stream/v1/pairing.pb.go:374.14,376.34 2 0
github.com/fredrick-karuri/nativestream/sdk-gen/go/stream/v1/pairing.pb.go:376.34,378.4 1 0
github.com/fredrick-karuri/nativestream/sdk-gen/go/stream/v1/pairing.pb.go:379.3,379.12 1 0
github.com/fredrick-karuri/nativestream/sdk-gen/go/stream/v1/pairing.pb.go:381.2,381.24 1 0
github.com/fredrick-karuri/nativestream/sdk-gen/go/stream/v1/pairing.pb.go:385.58,387.2 1 0
github.com/fredrick-karuri/nativestream/sdk-gen/go/stream/v1/pairing.pb.go:389.53,390.14 1 0
github.com/fredrick-karuri/nativestream/sdk-gen/go/stream/v1/pairing.pb.go:390.14,392.3 1 0
github.com/fredrick-karuri/nativestream/sdk-gen/go/stream/v1/pairing.pb.go:393.2,393.11 1 0
github.com/fredrick-karuri/nativestream/sdk-gen/go/stream/v1/pairing.pb.go:396.50,397.14 1 0
github.com/fredrick-karuri/nativestream/sdk-gen/go/stream/v1/pairing.pb.go:397.14,399.3 1 0
github.com/fredrick-karuri/nativestream/sdk-gen/go/stream/v1/pairing.pb.go:400.2,400.11 1 0
github.com/fredrick-karuri/nativestream/sdk-gen/go/stream/v1/pairing.pb.go:411.36,416.2 4 0
github.com/fredrick-karuri/nativestream/sdk-gen/go/stream/v1/pairing.pb.go:418.44,420.2 1 0
github.com/fredrick-karuri/nativestream/sdk-gen/go/stream/v1/pairing.pb.go:422.42,422.43 0 0
github.com/fredrick-karuri/nativestream/sdk-gen/go/stream/v1/pairing.pb.go:424.64,426.14 2 0
github.com/fredrick-karuri/nativestream/sdk-gen/go/stream/v1/pairing.pb.go:426.14,428.34 2 0
github.com/fredrick-karuri/nativestream/sdk-gen/go/stream/v1/pairing.pb.go:428.34,430.4 1 0
github.com/fredrick-karuri/nativestream/sdk-gen/go/stream/v1/pairing.pb.go:431.3,431.12 1 0
github.com/fredrick-karuri/nativestream/sdk-gen/go/stream/v1/pairing.pb.go:433.2,433.24 1 0
github.com/fredrick-karuri/nativestream/sdk-gen/go/stream/v1/pairing.pb.go:437.55,439.2 1 0
github.com/fredrick-karuri/nativestream/sdk-gen/go/stream/v1/pairing.pb.go:441.50,442.14 1 0
github.com/fredrick-karuri/nativestream/sdk-gen/go/stream/v1/pairing.pb.go:442.14,444.3 1 0
github.com/fredrick-karuri/nativestream/sdk-gen/go/stream/v1/pairing.pb.go:445.2,445.11 1 0
github.com/fredrick-karuri/nativestream/sdk-gen/go/stream/v1/pairing.pb.go:448.47,449.14 1 0
github.com/fredrick-karuri/nativestream/sdk-gen/go/stream/v1/pairing.pb.go:449.14,451.3 1 0
github.com/fredrick-karuri/nativestream/sdk-gen/go/stream/v1/pairing.pb.go:452.2,452.11 1 0
github.com/fredrick-karuri/nativestream/sdk-gen/go/stream/v1/pairing.pb.go:464.37,469.2 4 0
github.com/fredrick-karuri/nativestream/sdk-gen/go/stream/v1/pairing.pb.go:471.45,473.2 1 0
github.com/fredrick-karuri/nativestream/sdk-gen/go/stream/v1/pairing.pb.go:475.43,475.44 0 0
github.com/fredrick-karuri/nativestream/sdk-gen/go/stream/v1/pairing.pb.go:477.65,479.14 2 0
github.com/fredrick-karuri/nativestream/sdk-gen/go/stream/v1/pairing.pb.go:479.14,481.34 2 0
github.com/fredrick-karuri/nativestream/sdk-gen/go/stream/v1/pairing.pb.go:481.34,483.4 1 0
github.com/fredrick-karuri/nativestream/sdk-gen/go/stream/v1/pairing.pb.go:484.3,484.12 1 0
github.com/fredrick-karuri/nativestream/sdk-gen/go/stream/v1/pairing.pb.go:486.2,486.24 1 0
github.com/fredrick-karuri/nativestream/sdk-gen/go/stream/v1/pairing.pb.go:490.56,492.2 1 0
github.com/fredrick-karuri/nativestream/sdk-gen/go/stream/v1/pairing.pb.go:494.47,495.14 1 0
github.com/fredrick-karuri/nativestream/sdk-gen/go/stream/v1/pairing.pb.go:495.14,497.3 1 0
github.com/fredrick-karuri/nativestream/sdk-gen/go/stream/v1/pairing.pb.go:498.2,498.11 1 0
github.com/fredrick-karuri/nativestream/sdk-gen/go/stream/v1/pairing.pb.go:501.67,502.14 1 0
github.com/fredrick-karuri/nativestream/sdk-gen/go/stream/v1/pairing.pb.go:502.14,504.3 1 0
github.com/fredrick-karuri/nativestream/sdk-gen/go/stream/v1/pairing.pb.go:505.2,505.12 1 0
github.com/fredrick-karuri/nativestream/sdk-gen/go/stream/v1/pairing.pb.go:508.67,509.14 1 0
github.com/fredrick-karuri/nativestream/sdk-gen/go/stream/v1/pairing.pb.go:509.14,511.3 1 0
github.com/fredrick-karuri/nativestream/sdk-gen/go/stream/v1/pairing.pb.go:512.2,512.12 1 0
github.com/fredrick-karuri/nativestream/sdk-gen/go/stream/v1/pairing.pb.go:522.42,527.2 4 0
github.com/fredrick-karuri/nativestream/sdk-gen/go/stream/v1/pairing.pb.go:529.50,531.2 1 0
github.com/fredrick-karuri/nativestream/sdk-gen/go/stream/v1/pairing.pb.go:533.48,533.49 0 0
github.com/fredrick-karuri/nativestream/sdk-gen/go/stream/v1/pairing.pb.go:535.70,537.14 2 0
github.com/fredrick-karuri/nativestream/sdk-gen/go/stream/v1/pairing.pb.go:537.14,539.34 2 0
github.com/fredrick-karuri/nativestream/sdk-gen/go/stream/v1/pairing.pb.go:539.34,541.4 1 0
github.com/fredrick-karuri/nativestream/sdk-gen/go/stream/v1/pairing.pb.go:542.3,542.12 1 0
github.com/fredrick-karuri/nativestream/sdk-gen/go/stream/v1/pairing.pb.go:544.2,544.24 1 0
github.com/fredrick-karuri/nativestream/sdk-gen/go/stream/v1/pairing.pb.go:548.61,550.2 1 0
github.com/fredrick-karuri/nativestream/sdk-gen/go/stream/v1/pairing.pb.go:552.72,553.14 1 0
github.com/fredrick-karuri/nativestream/sdk-gen/go/stream/v1/pairing.pb.go:553.14,555.3 1 0
github.com/fredrick-karuri/nativestream/sdk-gen/go/stream/v1/pairing.pb.go:556.2,556.12 1 0
github.com/fredrick-karuri/nativestream/sdk-gen/go/stream/v1/pairing.pb.go:566.43,571.2 4 0
github.com/fredrick-karuri/nativestream/sdk-gen/go/stream/v1/pairing.pb.go:573.51,575.2 1 0
github.com/fredrick-karuri/nativestream/sdk-gen/go/stream/v1/pairing.pb.go:577.49,577.50 0 0
github.com/fredrick-karuri/nativestream/sdk-gen/go/stream/v1/pairing.pb.go:579.71,581.14 2 0
github.com/fredrick-karuri/nativestream/sdk-gen/go/stream/v1/pairing.pb.go:581.14,583.34 2 0
github.com/fredrick-karuri/nativestream/sdk-gen/go/stream/v1/pairing.pb.go:583.34,585.4 1 0
github.com/fredrick-karuri/nativestream/sdk-gen/go/stream/v1/pairing.pb.go:586.3,586.12 1 0
github.com/fredrick-karuri/nativestream/sdk-gen/go/stream/v1/pairing.pb.go:588.2,588.24 1 0
github.com/fredrick-karuri/nativestream/sdk-gen/go/stream/v1/pairing.pb.go:592.62,594.2 1 0
github.com/fredrick-karuri/nativestream/sdk-gen/go/stream/v1/pairing.pb.go:596.53,597.14 1 0
github.com/fredrick-karuri/nativestream/sdk-gen/go/stream/v1/pairing.pb.go:597.14,599.3 1 0
github.com/fredrick-karuri/nativestream/sdk-gen/go/stream/v1/pairing.pb.go:600.2,600.11 1 0
github.com/fredrick-karuri/nativestream/sdk-gen/go/stream/v1/pairing.pb.go:659.56,660.53 1 0
github.com/fredrick-karuri/nativestream/sdk-gen/go/stream/v1/pairing.pb.go:660.53,662.3 1 0
github.com/fredrick-karuri/nativestream/sdk-gen/go/stream/v1/pairing.pb.go:663.2,663.49 1 0
github.com/fredrick-karuri/nativestream/sdk-gen/go/stream/v1/pairing.pb.go:694.13,694.52 1 0
github.com/fredrick-karuri/nativestream/sdk-gen/go/stream/v1/pairing.pb.go:695.42,696.41 1 0
github.com/fredrick-karuri/nativestream/sdk-gen/go/stream/v1/pairing.pb.go:696.41,698.3 1 0
github.com/fredrick-karuri/nativestream/sdk-gen/go/stream/v1/pairing.pb.go:699.2,718.44 8 0
