mode: set
github.com/fredrick-karuri/nativestream/packages/epg-sourcing/sourcing.go:44.26,46.2 1 0
github.com/fredrick-karuri/nativestream/packages/epg-sourcing/sourcing.go:50.66,53.16 3 0
github.com/fredrick-karuri/nativestream/packages/epg-sourcing/sourcing.go:53.16,55.3 1 0
github.com/fredrick-karuri/nativestream/packages/epg-sourcing/sourcing.go:56.2,57.16 2 0
github.com/fredrick-karuri/nativestream/packages/epg-sourcing/sourcing.go:57.16,59.3 1 0
github.com/fredrick-karuri/nativestream/packages/epg-sourcing/sourcing.go:60.2,60.15 1 0
github.com/fredrick-karuri/nativestream/packages/epg-sourcing/sourcing.go:60.15,61.45 1 0
github.com/fredrick-karuri/nativestream/packages/epg-sourcing/sourcing.go:61.45,63.4 1 0
github.com/fredrick-karuri/nativestream/packages/epg-sourcing/sourcing.go:65.2,66.37 2 0
github.com/fredrick-karuri/nativestream/packages/epg-sourcing/sourcing.go:71.89,75.16 4 0
github.com/fredrick-karuri/nativestream/packages/epg-sourcing/sourcing.go:75.16,77.3 1 0
github.com/fredrick-karuri/nativestream/packages/epg-sourcing/sourcing.go:78.2,80.16 3 0
github.com/fredrick-karuri/nativestream/packages/epg-sourcing/sourcing.go:80.16,82.3 1 0
github.com/fredrick-karuri/nativestream/packages/epg-sourcing/sourcing.go:83.2,83.15 1 0
github.com/fredrick-karuri/nativestream/packages/epg-sourcing/sourcing.go:83.15,84.45 1 0
github.com/fredrick-karuri/nativestream/packages/epg-sourcing/sourcing.go:84.45,86.4 1 0
github.com/fredrick-karuri/nativestream/packages/epg-sourcing/sourcing.go:88.2,89.45 2 0
github.com/fredrick-karuri/nativestream/packages/epg-sourcing/sourcing.go:109.45,111.49 2 1
github.com/fredrick-karuri/nativestream/packages/epg-sourcing/sourcing.go:111.49,113.3 1 1
github.com/fredrick-karuri/nativestream/packages/epg-sourcing/sourcing.go:115.2,116.30 2 1
github.com/fredrick-karuri/nativestream/packages/epg-sourcing/sourcing.go:116.30,118.17 2 1
github.com/fredrick-karuri/nativestream/packages/epg-sourcing/sourcing.go:118.17,119.12 1 1
github.com/fredrick-karuri/nativestream/packages/epg-sourcing/sourcing.go:121.3,122.31 2 1
github.com/fredrick-karuri/nativestream/packages/epg-sourcing/sourcing.go:122.31,123.56 1 1
github.com/fredrick-karuri/nativestream/packages/epg-sourcing/sourcing.go:123.56,124.32 1 1
github.com/fredrick-karuri/nativestream/packages/epg-sourcing/sourcing.go:124.32,126.6 1 1
github.com/fredrick-karuri/nativestream/packages/epg-sourcing/sourcing.go:126.11,128.6 1 1
github.com/fredrick-karuri/nativestream/packages/epg-sourcing/sourcing.go:131.3,131.31 1 1
github.com/fredrick-karuri/nativestream/packages/epg-sourcing/sourcing.go:131.31,132.12 1 1
github.com/fredrick-karuri/nativestream/packages/epg-sourcing/sourcing.go:134.3,141.5 1 1
github.com/fredrick-karuri/nativestream/packages/epg-sourcing/sourcing.go:143.2,143.16 1 1
github.com/fredrick-karuri/nativestream/packages/epg-sourcing/sourcing.go:164.53,166.49 2 1
github.com/fredrick-karuri/nativestream/packages/epg-sourcing/sourcing.go:166.49,168.3 1 1
github.com/fredrick-karuri/nativestream/packages/epg-sourcing/sourcing.go:170.2,171.30 2 1
github.com/fredrick-karuri/nativestream/packages/epg-sourcing/sourcing.go:171.30,173.17 2 1
github.com/fredrick-karuri/nativestream/packages/epg-sourcing/sourcing.go:173.17,174.12 1 1
github.com/fredrick-karuri/nativestream/packages/epg-sourcing/sourcing.go:176.3,183.5 1 1
github.com/fredrick-karuri/nativestream/packages/epg-sourcing/sourcing.go:185.2,185.16 1 1
